Archive member included to satisfy reference by file (symbol)

f:/tools/gcc-arm-none-eabi-7-2018-q2-update-win32/bin/../lib/gcc/arm-none-eabi/7.3.1/../../../../arm-none-eabi/lib/thumb/v7e-m/fpv4-sp/hard\libstdc++.a(pure.o)
                              CMakeFiles/foc.elf.dir/Ctrl/foc.cpp.obj (__cxa_pure_virtual)
f:/tools/gcc-arm-none-eabi-7-2018-q2-update-win32/bin/../lib/gcc/arm-none-eabi/7.3.1/../../../../arm-none-eabi/lib/thumb/v7e-m/fpv4-sp/hard\libstdc++.a(eh_terminate.o)
                              f:/tools/gcc-arm-none-eabi-7-2018-q2-update-win32/bin/../lib/gcc/arm-none-eabi/7.3.1/../../../../arm-none-eabi/lib/thumb/v7e-m/fpv4-sp/hard\libstdc++.a(pure.o) (std::terminate())
f:/tools/gcc-arm-none-eabi-7-2018-q2-update-win32/bin/../lib/gcc/arm-none-eabi/7.3.1/../../../../arm-none-eabi/lib/thumb/v7e-m/fpv4-sp/hard\libstdc++.a(eh_arm.o)
                              f:/tools/gcc-arm-none-eabi-7-2018-q2-update-win32/bin/../lib/gcc/arm-none-eabi/7.3.1/../../../../arm-none-eabi/lib/thumb/v7e-m/fpv4-sp/hard\libstdc++.a(eh_terminate.o) (__cxa_end_cleanup)
f:/tools/gcc-arm-none-eabi-7-2018-q2-update-win32/bin/../lib/gcc/arm-none-eabi/7.3.1/../../../../arm-none-eabi/lib/thumb/v7e-m/fpv4-sp/hard\libstdc++.a(si_class_type_info.o)
                              CMakeFiles/foc.elf.dir/Ctrl/foc.cpp.obj (vtable for __cxxabiv1::__si_class_type_info)
f:/tools/gcc-arm-none-eabi-7-2018-q2-update-win32/bin/../lib/gcc/arm-none-eabi/7.3.1/../../../../arm-none-eabi/lib/thumb/v7e-m/fpv4-sp/hard\libstdc++.a(tinfo.o)
                              f:/tools/gcc-arm-none-eabi-7-2018-q2-update-win32/bin/../lib/gcc/arm-none-eabi/7.3.1/../../../../arm-none-eabi/lib/thumb/v7e-m/fpv4-sp/hard\libstdc++.a(si_class_type_info.o) (std::type_info::__is_pointer_p() const)
f:/tools/gcc-arm-none-eabi-7-2018-q2-update-win32/bin/../lib/gcc/arm-none-eabi/7.3.1/../../../../arm-none-eabi/lib/thumb/v7e-m/fpv4-sp/hard\libstdc++.a(class_type_info.o)
                              f:/tools/gcc-arm-none-eabi-7-2018-q2-update-win32/bin/../lib/gcc/arm-none-eabi/7.3.1/../../../../arm-none-eabi/lib/thumb/v7e-m/fpv4-sp/hard\libstdc++.a(si_class_type_info.o) (__cxxabiv1::__class_type_info::__do_upcast(__cxxabiv1::__class_type_info const*, void**) const)
f:/tools/gcc-arm-none-eabi-7-2018-q2-update-win32/bin/../lib/gcc/arm-none-eabi/7.3.1/../../../../arm-none-eabi/lib/thumb/v7e-m/fpv4-sp/hard\libstdc++.a(eh_exception.o)
                              f:/tools/gcc-arm-none-eabi-7-2018-q2-update-win32/bin/../lib/gcc/arm-none-eabi/7.3.1/../../../../arm-none-eabi/lib/thumb/v7e-m/fpv4-sp/hard\libstdc++.a(eh_arm.o) (typeinfo for __cxxabiv1::__forced_unwind)
f:/tools/gcc-arm-none-eabi-7-2018-q2-update-win32/bin/../lib/gcc/arm-none-eabi/7.3.1/../../../../arm-none-eabi/lib/thumb/v7e-m/fpv4-sp/hard\libstdc++.a(eh_personality.o)
                              f:/tools/gcc-arm-none-eabi-7-2018-q2-update-win32/bin/../lib/gcc/arm-none-eabi/7.3.1/../../../../arm-none-eabi/lib/thumb/v7e-m/fpv4-sp/hard\libstdc++.a(eh_terminate.o) (__gxx_personality_v0)
f:/tools/gcc-arm-none-eabi-7-2018-q2-update-win32/bin/../lib/gcc/arm-none-eabi/7.3.1/../../../../arm-none-eabi/lib/thumb/v7e-m/fpv4-sp/hard\libstdc++.a(eh_term_handler.o)
                              f:/tools/gcc-arm-none-eabi-7-2018-q2-update-win32/bin/../lib/gcc/arm-none-eabi/7.3.1/../../../../arm-none-eabi/lib/thumb/v7e-m/fpv4-sp/hard\libstdc++.a(eh_terminate.o) (__cxxabiv1::__terminate_handler)
f:/tools/gcc-arm-none-eabi-7-2018-q2-update-win32/bin/../lib/gcc/arm-none-eabi/7.3.1/../../../../arm-none-eabi/lib/thumb/v7e-m/fpv4-sp/hard\libstdc++.a(eh_call.o)
                              f:/tools/gcc-arm-none-eabi-7-2018-q2-update-win32/bin/../lib/gcc/arm-none-eabi/7.3.1/../../../../arm-none-eabi/lib/thumb/v7e-m/fpv4-sp/hard\libstdc++.a(eh_personality.o) (__cxa_call_terminate)
f:/tools/gcc-arm-none-eabi-7-2018-q2-update-win32/bin/../lib/gcc/arm-none-eabi/7.3.1/../../../../arm-none-eabi/lib/thumb/v7e-m/fpv4-sp/hard\libstdc++.a(vterminate.o)
                              f:/tools/gcc-arm-none-eabi-7-2018-q2-update-win32/bin/../lib/gcc/arm-none-eabi/7.3.1/../../../../arm-none-eabi/lib/thumb/v7e-m/fpv4-sp/hard\libstdc++.a(eh_term_handler.o) (__gnu_cxx::__verbose_terminate_handler())
f:/tools/gcc-arm-none-eabi-7-2018-q2-update-win32/bin/../lib/gcc/arm-none-eabi/7.3.1/../../../../arm-none-eabi/lib/thumb/v7e-m/fpv4-sp/hard\libstdc++.a(eh_catch.o)
                              f:/tools/gcc-arm-none-eabi-7-2018-q2-update-win32/bin/../lib/gcc/arm-none-eabi/7.3.1/../../../../arm-none-eabi/lib/thumb/v7e-m/fpv4-sp/hard\libstdc++.a(eh_terminate.o) (__cxa_begin_catch)
f:/tools/gcc-arm-none-eabi-7-2018-q2-update-win32/bin/../lib/gcc/arm-none-eabi/7.3.1/../../../../arm-none-eabi/lib/thumb/v7e-m/fpv4-sp/hard\libstdc++.a(eh_unex_handler.o)
[...]
Memory Configuration

Name             Origin             Length             Attributes
RAM              0x20000000         0x00008000         xrw
FLASH            0x08000000         0x00020000         xr
*default*        0x00000000         0xffffffff

Linker script and memory map

LOAD f:/tools/gcc-arm-none-eabi-7-2018-q2-update-win32/bin/../lib/gcc/arm-none-eabi/7.3.1/thumb/v7e-m/fpv4-sp/hard/crti.o
LOAD f:/tools/gcc-arm-none-eabi-7-2018-q2-update-win32/bin/../lib/gcc/arm-none-eabi/7.3.1/thumb/v7e-m/fpv4-sp/hard/crtbegin.o
LOAD f:/tools/gcc-arm-none-eabi-7-2018-q2-update-win32/bin/../lib/gcc/arm-none-eabi/7.3.1/../../../../arm-none-eabi/lib/thumb/v7e-m/fpv4-sp/hard/crt0.o
LOAD CMakeFiles/foc.elf.dir/App/axis.cpp.obj
LOAD CMakeFiles/foc.elf.dir/App/board.cpp.obj
LOAD CMakeFiles/foc.elf.dir/Core/Src/app_freertos.c.obj
LOAD CMakeFiles/foc.elf.dir/Core/Src/dma.c.obj
LOAD CMakeFiles/foc.elf.dir/Core/Src/gpio.c.obj
LOAD CMakeFiles/foc.elf.dir/Core/Src/main.c.obj
LOAD CMakeFiles/foc.elf.dir/Core/Src/spi.c.obj
LOAD CMakeFiles/foc.elf.dir/Core/Src/stm32g4xx_hal_msp.c.obj
LOAD CMakeFiles/foc.elf.dir/Core/Src/stm32g4xx_hal_timebase_tim.c.obj
LOAD CMakeFiles/foc.elf.dir/Core/Src/stm32g4xx_it.c.obj
LOAD CMakeFiles/foc.elf.dir/Core/Src/syscalls.c.obj
LOAD CMakeFiles/foc.elf.dir/Core/Src/sysmem.c.obj
LOAD CMakeFiles/foc.elf.dir/Core/Src/system_stm32g4xx.c.obj
LOAD CMakeFiles/foc.elf.dir/Core/Src/tim.c.obj
LOAD CMakeFiles/foc.elf.dir/Core/Startup/startup_stm32g431cbtx.s.obj
LOAD CMakeFiles/foc.elf.dir/Ctrl/encoder.cpp.obj
LOAD CMakeFiles/foc.elf.dir/Ctrl/foc.cpp.obj
LOAD CMakeFiles/foc.elf.dir/Ctrl/motor.cpp.obj
LOAD CMakeFiles/foc.elf.dir/Ctrl/rgb.cpp.obj
LOAD CMakeFiles/foc.elf.dir/Ctrl/utils.cpp.obj
LOAD CMakeFiles/foc.elf.dir/Drivers/STM32G4xx_HAL_Driver/Src/stm32g4xx_hal.c.obj
LOAD CMakeFiles/foc.elf.dir/Drivers/STM32G4xx_HAL_Driver/Src/stm32g4xx_hal_cortex.c.obj
LOAD CMakeFiles/foc.elf.dir/Drivers/STM32G4xx_HAL_Driver/Src/stm32g4xx_hal_dma.c.obj
LOAD CMakeFiles/foc.elf.dir/Drivers/STM32G4xx_HAL_Driver/Src/stm32g4xx_hal_dma_ex.c.obj
LOAD CMakeFiles/foc.elf.dir/Drivers/STM32G4xx_HAL_Driver/Src/stm32g4xx_hal_exti.c.obj
LOAD CMakeFiles/foc.elf.dir/Drivers/STM32G4xx_HAL_Driver/Src/stm32g4xx_hal_flash.c.obj
LOAD CMakeFiles/foc.elf.dir/Drivers/STM32G4xx_HAL_Driver/Src/stm32g4xx_hal_flash_ex.c.obj
LOAD CMakeFiles/foc.elf.dir/Drivers/STM32G4xx_HAL_Driver/Src/stm32g4xx_hal_flash_ramfunc.c.obj
LOAD CMakeFiles/foc.elf.dir/Drivers/STM32G4xx_HAL_Driver/Src/stm32g4xx_hal_gpio.c.obj
LOAD CMakeFiles/foc.elf.dir/Drivers/STM32G4xx_HAL_Driver/Src/stm32g4xx_hal_pwr.c.obj
LOAD CMakeFiles/foc.elf.dir/Drivers/STM32G4xx_HAL_Driver/Src/stm32g4xx_hal_pwr_ex.c.obj
LOAD CMakeFiles/foc.elf.dir/Drivers/STM32G4xx_HAL_Driver/Src/stm32g4xx_hal_rcc.c.obj
LOAD CMakeFiles/foc.elf.dir/Drivers/STM32G4xx_HAL_Driver/Src/stm32g4xx_hal_rcc_ex.c.obj
LOAD CMakeFiles/foc.elf.dir/Drivers/STM32G4xx_HAL_Driver/Src/stm32g4xx_hal_spi.c.obj
LOAD CMakeFiles/foc.elf.dir/Drivers/STM32G4xx_HAL_Driver/Src/stm32g4xx_hal_spi_ex.c.obj
LOAD CMakeFiles/foc.elf.dir/Drivers/STM32G4xx_HAL_Driver/Src/stm32g4xx_hal_tim.c.obj
LOAD CMakeFiles/foc.elf.dir/Drivers/STM32G4xx_HAL_Driver/Src/stm32g4xx_hal_tim_ex.c.obj
LOAD CMakeFiles/foc.elf.dir/Middlewares/Third_Party/FreeRTOS/Source/CMSIS_RTOS_V2/cmsis_os2.c.obj
LOAD CMakeFiles/foc.elf.dir/Middlewares/Third_Party/FreeRTOS/Source/croutine.c.obj
LOAD CMakeFiles/foc.elf.dir/Middlewares/Third_Party/FreeRTOS/Source/event_groups.c.obj
LOAD CMakeFiles/foc.elf.dir/Middlewares/Third_Party/FreeRTOS/Source/list.c.obj
LOAD CMakeFiles/foc.elf.dir/Middlewares/Third_Party/FreeRTOS/Source/portable/GCC/ARM_CM4F/port.c.obj
LOAD CMakeFiles/foc.elf.dir/Middlewares/Third_Party/FreeRTOS/Source/portable/MemMang/heap_4.c.obj
LOAD CMakeFiles/foc.elf.dir/Middlewares/Third_Party/FreeRTOS/Source/queue.c.obj
LOAD CMakeFiles/foc.elf.dir/Middlewares/Third_Party/FreeRTOS/Source/stream_buffer.c.obj
LOAD CMakeFiles/foc.elf.dir/Middlewares/Third_Party/FreeRTOS/Source/tasks.c.obj
LOAD CMakeFiles/foc.elf.dir/Middlewares/Third_Party/FreeRTOS/Source/timers.c.obj
LOAD f:/tools/gcc-arm-none-eabi-7-2018-q2-update-win32/bin/../lib/gcc/arm-none-eabi/7.3.1/../../../../arm-none-eabi/lib/thumb/v7e-m/fpv4-sp/hard\libstdc++.a
LOAD f:/tools/gcc-arm-none-eabi-7-2018-q2-update-win32/bin/../lib/gcc/arm-none-eabi/7.3.1/../../../../arm-none-eabi/lib/thumb/v7e-m/fpv4-sp/hard\libm.a
START GROUP
LOAD f:/tools/gcc-arm-none-eabi-7-2018-q2-update-win32/bin/../lib/gcc/arm-none-eabi/7.3.1/thumb/v7e-m/fpv4-sp/hard\libgcc.a
LOAD f:/tools/gcc-arm-none-eabi-7-2018-q2-update-win32/bin/../lib/gcc/arm-none-eabi/7.3.1/../../../../arm-none-eabi/lib/thumb/v7e-m/fpv4-sp/hard\libg.a
LOAD f:/tools/gcc-arm-none-eabi-7-2018-q2-update-win32/bin/../lib/gcc/arm-none-eabi/7.3.1/../../../../arm-none-eabi/lib/thumb/v7e-m/fpv4-sp/hard\libc.a
END GROUP
LOAD f:/tools/gcc-arm-none-eabi-7-2018-q2-update-win32/bin/../lib/gcc/arm-none-eabi/7.3.1/thumb/v7e-m/fpv4-sp/hard/crtend.o
LOAD f:/tools/gcc-arm-none-eabi-7-2018-q2-update-win32/bin/../lib/gcc/arm-none-eabi/7.3.1/thumb/v7e-m/fpv4-sp/hard/crtn.o
                0x20008000                _estack = (ORIGIN (RAM) + LENGTH (RAM))
                0x00000200                _Min_Heap_Size = 0x200
                0x00000400                _Min_Stack_Size = 0x400

.isr_vector     0x08000000      0x1d8
                0x08000000                . = ALIGN (0x4)
 *(.isr_vector)
 .isr_vector    0x08000000      0x1d8 CMakeFiles/foc.elf.dir/Core/Startup/startup_stm32g431cbtx.s.obj
                0x08000000                g_pfnVectors
                0x080001d8                . = ALIGN (0x4)

.text           0x080001e0     0x4a04
                0x080001e0                . = ALIGN (0x4)
 *(.text)
 .text          0x080001e0       0x40 f:/tools/gcc-arm-none-eabi-7-2018-q2-update-win32/bin/../lib/gcc/arm-none-eabi/7.3.1/thumb/v7e-m/fpv4-sp/hard/crtbegin.o
 .text          0x08000220      0x134 f:/tools/gcc-arm-none-eabi-7-2018-q2-update-win32/bin/../lib/gcc/arm-none-eabi/7.3.1/../../../../arm-none-eabi/lib/thumb/v7e-m/fpv4-sp/hard\libg.a(lib_a-memcpy.o)
                0x08000220                memcpy
 *(.text*)
 .text._ZN4AxisC2ER3RGBR7Encoder
                0x08000354        0xc CMakeFiles/foc.elf.dir/App/axis.cpp.obj
                0x08000354                Axis::Axis(RGB&, Encoder&)
                0x08000354                Axis::Axis(RGB&, Encoder&)
 .text._Z41__static_initialization_and_destruction_0ii
                0x08000360       0x68 CMakeFiles/foc.elf.dir/App/board.cpp.obj
 .text._GLOBAL__sub_I_rgb
                0x080003c8        0xe CMakeFiles/foc.elf.dir/App/board.cpp.obj
 .text.StartDefaultTask
                0x080003d6        0xa CMakeFiles/foc.elf.dir/Core/Src/app_freertos.c.obj
                0x080003d6                StartDefaultTask
 .text.MX_FREERTOS_Init
                0x080003e0       0x20 CMakeFiles/foc.elf.dir/Core/Src/app_freertos.c.obj
                0x080003e0                MX_FREERTOS_Init
 .text.MX_DMA_Init
                0x08000400       0x44 CMakeFiles/foc.elf.dir/Core/Src/dma.c.obj
                0x08000400                MX_DMA_Init
 .text.MX_GPIO_Init
                0x08000444       0xb0 CMakeFiles/foc.elf.dir/Core/Src/gpio.c.obj
                0x08000444                MX_GPIO_Init
 .text.HAL_TIM_PeriodElapsedCallback
                0x080004f4       0x18 CMakeFiles/foc.elf.dir/Core/Src/main.c.obj
                0x080004f4                HAL_TIM_PeriodElapsedCallback
 .text.Error_Handler
                0x0800050c        0x4 CMakeFiles/foc.elf.dir/Core/Src/main.c.obj
                0x0800050c                Error_Handler
 .text.SystemClock_Config
                0x08000510       0x6e CMakeFiles/foc.elf.dir/Core/Src/main.c.obj
                0x08000510                SystemClock_Config
 .text.main     0x0800057e       0x2c CMakeFiles/foc.elf.dir/Core/Src/main.c.obj
                0x0800057e                main
 *fill*         0x080005aa        0x2 
 .text.MX_SPI1_Init
                0x080005ac       0x4c CMakeFiles/foc.elf.dir/Core/Src/spi.c.obj
                0x080005ac                MX_SPI1_Init
 .text.HAL_SPI_MspInit
                0x080005f8       0x64 CMakeFiles/foc.elf.dir/Core/Src/spi.c.obj
                0x080005f8                HAL_SPI_MspInit
 .text.HAL_MspInit
                0x0800065c       0x44 CMakeFiles/foc.elf.dir/Core/Src/stm32g4xx_hal_msp.c.obj
                0x0800065c                HAL_MspInit
 .text.HAL_InitTick
                0x080006a0       0x90 CMakeFiles/foc.elf.dir/Core/Src/stm32g4xx_hal_timebase_tim.c.obj
                0x080006a0                HAL_InitTick
 .text.NMI_Handler
                0x08000730        0x2 CMakeFiles/foc.elf.dir/Core/Src/stm32g4xx_it.c.obj
                0x08000730                NMI_Handler
 .text.HardFault_Handler
                0x08000732        0x2 CMakeFiles/foc.elf.dir/Core/Src/stm32g4xx_it.c.obj
                0x08000732                HardFault_Handler
 .text.MemManage_Handler
                0x08000734        0x2 CMakeFiles/foc.elf.dir/Core/Src/stm32g4xx_it.c.obj
                0x08000734                MemManage_Handler
 .text.BusFault_Handler
                0x08000736        0x2 CMakeFiles/foc.elf.dir/Core/Src/stm32g4xx_it.c.obj
                0x08000736                BusFault_Handler
 .text.UsageFault_Handler
                0x08000738        0x2 CMakeFiles/foc.elf.dir/Core/Src/stm32g4xx_it.c.obj
                0x08000738                UsageFault_Handler
 .text.DebugMon_Handler
                0x0800073a        0x2 CMakeFiles/foc.elf.dir/Core/Src/stm32g4xx_it.c.obj
                0x0800073a                DebugMon_Handler
 .text.DMA1_Channel1_IRQHandler
                0x0800073c       0x10 CMakeFiles/foc.elf.dir/Core/Src/stm32g4xx_it.c.obj
                0x0800073c                DMA1_Channel1_IRQHandler
 .text.TIM4_IRQHandler
                0x0800074c       0x10 CMakeFiles/foc.elf.dir/Core/Src/stm32g4xx_it.c.obj
                0x0800074c                TIM4_IRQHandler
 .text._sbrk    0x0800075c       0x48 CMakeFiles/foc.elf.dir/Core/Src/sysmem.c.obj
                0x0800075c                _sbrk
 .text.SystemInit
                0x080007a4       0x14 CMakeFiles/foc.elf.dir/Core/Src/system_stm32g4xx.c.obj
                0x080007a4                SystemInit
 .text.HAL_TIM_PWM_MspInit
                0x080007b8       0x90 CMakeFiles/foc.elf.dir/Core/Src/tim.c.obj
                0x080007b8                HAL_TIM_PWM_MspInit
 .text.HAL_TIM_MspPostInit
                0x08000848       0xd0 CMakeFiles/foc.elf.dir/Core/Src/tim.c.obj
                0x08000848                HAL_TIM_MspPostInit
 .text.MX_TIM1_Init
                0x08000918       0xf0 CMakeFiles/foc.elf.dir/Core/Src/tim.c.obj
                0x08000918                MX_TIM1_Init
 .text.MX_TIM2_Init
                0x08000a08       0x80 CMakeFiles/foc.elf.dir/Core/Src/tim.c.obj
                0x08000a08                MX_TIM2_Init
 .text.Reset_Handler
                0x08000a88       0x50 CMakeFiles/foc.elf.dir/Core/Startup/startup_stm32g431cbtx.s.obj
                0x08000a88                Reset_Handler
 .text.Default_Handler
                0x08000ad8        0x2 CMakeFiles/foc.elf.dir/Core/Startup/startup_stm32g431cbtx.s.obj
                0x08000ad8                RTC_Alarm_IRQHandler
                0x08000ad8                EXTI2_IRQHandler
                0x08000ad8                TIM8_TRG_COM_IRQHandler
                0x08000ad8                TIM8_CC_IRQHandler
                0x08000ad8                TIM1_CC_IRQHandler
                0x08000ad8                USB_HP_IRQHandler
                0x08000ad8                CORDIC_IRQHandler
                0x08000ad8                EXTI3_IRQHandler
                0x08000ad8                I2C3_ER_IRQHandler
                0x08000ad8                EXTI0_IRQHandler
                0x08000ad8                I2C2_EV_IRQHandler
                0x08000ad8                FPU_IRQHandler
                0x08000ad8                FDCAN1_IT1_IRQHandler
                0x08000ad8                TIM1_UP_TIM16_IRQHandler
                0x08000ad8                ADC1_2_IRQHandler
                0x08000ad8                SPI1_IRQHandler
                0x08000ad8                TIM6_DAC_IRQHandler
                0x08000ad8                TIM8_UP_IRQHandler
                0x08000ad8                DMA2_Channel2_IRQHandler
                0x08000ad8                DMA1_Channel4_IRQHandler
                0x08000ad8                USART3_IRQHandler
                0x08000ad8                DMA2_Channel1_IRQHandler
                0x08000ad8                I2C1_EV_IRQHandler
                0x08000ad8                DMA1_Channel6_IRQHandler
                0x08000ad8                UART4_IRQHandler
                0x08000ad8                DMA2_Channel4_IRQHandler
                0x08000ad8                TIM3_IRQHandler
                0x08000ad8                RCC_IRQHandler
                0x08000ad8                Default_Handler
                0x08000ad8                RTC_TAMP_LSECSS_IRQHandler
                0x08000ad8                FMAC_IRQHandler
                0x08000ad8                EXTI15_10_IRQHandler
                0x08000ad8                TIM7_IRQHandler
                0x08000ad8                UCPD1_IRQHandler
                0x08000ad8                I2C3_EV_IRQHandler
                0x08000ad8                EXTI9_5_IRQHandler
                0x08000ad8                RTC_WKUP_IRQHandler
                0x08000ad8                PVD_PVM_IRQHandler
                0x08000ad8                SPI2_IRQHandler
                0x08000ad8                DMA2_Channel5_IRQHandler
                0x08000ad8                CRS_IRQHandler
                0x08000ad8                DMA1_Channel5_IRQHandler
                0x08000ad8                USB_LP_IRQHandler
                0x08000ad8                EXTI4_IRQHandler
                0x08000ad8                RNG_IRQHandler
                0x08000ad8                TIM1_TRG_COM_TIM17_IRQHandler
                0x08000ad8                DMA1_Channel3_IRQHandler
                0x08000ad8                WWDG_IRQHandler
                0x08000ad8                LPUART1_IRQHandler
                0x08000ad8                DMA2_Channel6_IRQHandler
                0x08000ad8                FDCAN1_IT0_IRQHandler
                0x08000ad8                TIM2_IRQHandler
                0x08000ad8                COMP1_2_3_IRQHandler
                0x08000ad8                EXTI1_IRQHandler
                0x08000ad8                USART2_IRQHandler
                0x08000ad8                I2C2_ER_IRQHandler
                0x08000ad8                DMA1_Channel2_IRQHandler
                0x08000ad8                TIM8_BRK_IRQHandler
                0x08000ad8                FLASH_IRQHandler
                0x08000ad8                USART1_IRQHandler
                0x08000ad8                SPI3_IRQHandler
                0x08000ad8                I2C1_ER_IRQHandler
                0x08000ad8                LPTIM1_IRQHandler
                0x08000ad8                DMAMUX_OVR_IRQHandler
                0x08000ad8                USBWakeUp_IRQHandler
                0x08000ad8                SAI1_IRQHandler
                0x08000ad8                DMA2_Channel3_IRQHandler
                0x08000ad8                COMP4_IRQHandler
                0x08000ad8                TIM1_BRK_TIM15_IRQHandler
 .text._ZN3RGBC2EP17TIM_HandleTypeDef
                0x08000ada       0x16 CMakeFiles/foc.elf.dir/Ctrl/rgb.cpp.obj
                0x08000ada                RGB::RGB(TIM_HandleTypeDef*)
                0x08000ada                RGB::RGB(TIM_HandleTypeDef*)
 .text.HAL_Init
                0x08000af0       0x1e CMakeFiles/foc.elf.dir/Drivers/STM32G4xx_HAL_Driver/Src/stm32g4xx_hal.c.obj
                0x08000af0                HAL_Init
 *fill*         0x08000b0e        0x2 
 .text.HAL_IncTick
                0x08000b10       0x18 CMakeFiles/foc.elf.dir/Drivers/STM32G4xx_HAL_Driver/Src/stm32g4xx_hal.c.obj
                0x08000b10                HAL_IncTick
 .text.HAL_GetTick
                0x08000b28        0xc CMakeFiles/foc.elf.dir/Drivers/STM32G4xx_HAL_Driver/Src/stm32g4xx_hal.c.obj
                0x08000b28                HAL_GetTick
 .text.HAL_NVIC_SetPriorityGrouping
                0x08000b34       0x24 CMakeFiles/foc.elf.dir/Drivers/STM32G4xx_HAL_Driver/Src/stm32g4xx_hal_cortex.c.obj
                0x08000b34                HAL_NVIC_SetPriorityGrouping
 .text.HAL_NVIC_SetPriority
                0x08000b58       0x68 CMakeFiles/foc.elf.dir/Drivers/STM32G4xx_HAL_Driver/Src/stm32g4xx_hal_cortex.c.obj
                0x08000b58                HAL_NVIC_SetPriority
 .text.HAL_NVIC_EnableIRQ
                0x08000bc0       0x1c CMakeFiles/foc.elf.dir/Drivers/STM32G4xx_HAL_Driver/Src/stm32g4xx_hal_cortex.c.obj
                0x08000bc0                HAL_NVIC_EnableIRQ
 .text.DMA_CalcDMAMUXChannelBaseAndMask
                0x08000bdc       0x48 CMakeFiles/foc.elf.dir/Drivers/STM32G4xx_HAL_Driver/Src/stm32g4xx_hal_dma.c.obj
 .text.DMA_CalcDMAMUXRequestGenBaseAndMask
                0x08000c24       0x28 CMakeFiles/foc.elf.dir/Drivers/STM32G4xx_HAL_Driver/Src/stm32g4xx_hal_dma.c.obj
 .text.HAL_DMA_Init
                0x08000c4c       0xdc CMakeFiles/foc.elf.dir/Drivers/STM32G4xx_HAL_Driver/Src/stm32g4xx_hal_dma.c.obj
                0x08000c4c                HAL_DMA_Init
 .text.HAL_DMA_IRQHandler
                0x08000d28       0xc4 CMakeFiles/foc.elf.dir/Drivers/STM32G4xx_HAL_Driver/Src/stm32g4xx_hal_dma.c.obj
                0x08000d28                HAL_DMA_IRQHandler
 .text.HAL_GPIO_Init
                0x08000dec      0x1ac CMakeFiles/foc.elf.dir/Drivers/STM32G4xx_HAL_Driver/Src/stm32g4xx_hal_gpio.c.obj
                0x08000dec                HAL_GPIO_Init
 .text.HAL_GPIO_WritePin
                0x08000f98        0xa CMakeFiles/foc.elf.dir/Drivers/STM32G4xx_HAL_Driver/Src/stm32g4xx_hal_gpio.c.obj
                0x08000f98                HAL_GPIO_WritePin
 *fill*         0x08000fa2        0x2 
 .text.HAL_PWREx_ControlVoltageScaling
                0x08000fa4      0x10c CMakeFiles/foc.elf.dir/Drivers/STM32G4xx_HAL_Driver/Src/stm32g4xx_hal_pwr_ex.c.obj
                0x08000fa4                HAL_PWREx_ControlVoltageScaling
 .text.HAL_PWREx_DisableUCPDDeadBattery
                0x080010b0       0x10 CMakeFiles/foc.elf.dir/Drivers/STM32G4xx_HAL_Driver/Src/stm32g4xx_hal_pwr_ex.c.obj
                0x080010b0                HAL_PWREx_DisableUCPDDeadBattery
 .text.RCC_GetSysClockFreqFromPLLSource
                0x080010c0       0x58 CMakeFiles/foc.elf.dir/Drivers/STM32G4xx_HAL_Driver/Src/stm32g4xx_hal_rcc.c.obj
 .text.HAL_RCC_OscConfig
                0x08001118      0x4e8 CMakeFiles/foc.elf.dir/Drivers/STM32G4xx_HAL_Driver/Src/stm32g4xx_hal_rcc.c.obj
                0x08001118                HAL_RCC_OscConfig
 .text.HAL_RCC_GetSysClockFreq
                0x08001600       0x88 CMakeFiles/foc.elf.dir/Drivers/STM32G4xx_HAL_Driver/Src/stm32g4xx_hal_rcc.c.obj
                0x08001600                HAL_RCC_GetSysClockFreq
 .text.HAL_RCC_ClockConfig
                0x08001688      0x1fc CMakeFiles/foc.elf.dir/Drivers/STM32G4xx_HAL_Driver/Src/stm32g4xx_hal_rcc.c.obj
                0x08001688                HAL_RCC_ClockConfig
 .text.HAL_RCC_GetHCLKFreq
                0x08001884        0xc CMakeFiles/foc.elf.dir/Drivers/STM32G4xx_HAL_Driver/Src/stm32g4xx_hal_rcc.c.obj
                0x08001884                HAL_RCC_GetHCLKFreq
 .text.HAL_RCC_GetPCLK1Freq
                0x08001890       0x24 CMakeFiles/foc.elf.dir/Drivers/STM32G4xx_HAL_Driver/Src/stm32g4xx_hal_rcc.c.obj
                0x08001890                HAL_RCC_GetPCLK1Freq
 .text.HAL_RCC_GetClockConfig
                0x080018b4       0x3c CMakeFiles/foc.elf.dir/Drivers/STM32G4xx_HAL_Driver/Src/stm32g4xx_hal_rcc.c.obj
                0x080018b4                HAL_RCC_GetClockConfig
 .text.HAL_SPI_Init
                0x080018f0       0xe8 CMakeFiles/foc.elf.dir/Drivers/STM32G4xx_HAL_Driver/Src/stm32g4xx_hal_spi.c.obj
                0x080018f0                HAL_SPI_Init
 .text.TIM_OC1_SetConfig
                0x080019d8       0x9c CMakeFiles/foc.elf.dir/Drivers/STM32G4xx_HAL_Driver/Src/stm32g4xx_hal_tim.c.obj
 .text.TIM_OC3_SetConfig
                0x08001a74       0x8c CMakeFiles/foc.elf.dir/Drivers/STM32G4xx_HAL_Driver/Src/stm32g4xx_hal_tim.c.obj
 .text.TIM_OC4_SetConfig
                0x08001b00       0x8c CMakeFiles/foc.elf.dir/Drivers/STM32G4xx_HAL_Driver/Src/stm32g4xx_hal_tim.c.obj
 .text.TIM_OC5_SetConfig
                0x08001b8c       0x68 CMakeFiles/foc.elf.dir/Drivers/STM32G4xx_HAL_Driver/Src/stm32g4xx_hal_tim.c.obj
 .text.TIM_OC6_SetConfig
                0x08001bf4       0x6c CMakeFiles/foc.elf.dir/Drivers/STM32G4xx_HAL_Driver/Src/stm32g4xx_hal_tim.c.obj
 .text.HAL_TIM_Base_MspInit
                0x08001c60        0x2 CMakeFiles/foc.elf.dir/Drivers/STM32G4xx_HAL_Driver/Src/stm32g4xx_hal_tim.c.obj
                0x08001c60                HAL_TIM_Base_MspInit
 *fill*         0x08001c62        0x2 
 .text.HAL_TIM_Base_Start_IT
                0x08001c64       0x84 CMakeFiles/foc.elf.dir/Drivers/STM32G4xx_HAL_Driver/Src/stm32g4xx_hal_tim.c.obj
                0x08001c64                HAL_TIM_Base_Start_IT
 .text.HAL_TIM_OC_DelayElapsedCallback
                0x08001ce8        0x2 CMakeFiles/foc.elf.dir/Drivers/STM32G4xx_HAL_Driver/Src/stm32g4xx_hal_tim.c.obj
                0x08001ce8                HAL_TIM_OC_DelayElapsedCallback
 .text.HAL_TIM_IC_CaptureCallback
                0x08001cea        0x2 CMakeFiles/foc.elf.dir/Drivers/STM32G4xx_HAL_Driver/Src/stm32g4xx_hal_tim.c.obj
                0x08001cea                HAL_TIM_IC_CaptureCallback
 .text.HAL_TIM_PWM_PulseFinishedCallback
                0x08001cec        0x2 CMakeFiles/foc.elf.dir/Drivers/STM32G4xx_HAL_Driver/Src/stm32g4xx_hal_tim.c.obj
                0x08001cec                HAL_TIM_PWM_PulseFinishedCallback
 .text.HAL_TIM_TriggerCallback
                0x08001cee        0x2 CMakeFiles/foc.elf.dir/Drivers/STM32G4xx_HAL_Driver/Src/stm32g4xx_hal_tim.c.obj
                0x08001cee                HAL_TIM_TriggerCallback
 .text.HAL_TIM_IRQHandler
                0x08001cf0      0x21e CMakeFiles/foc.elf.dir/Drivers/STM32G4xx_HAL_Driver/Src/stm32g4xx_hal_tim.c.obj
                0x08001cf0                HAL_TIM_IRQHandler
 *fill*         0x08001f0e        0x2 
 .text.TIM_Base_SetConfig
                0x08001f10       0xb8 CMakeFiles/foc.elf.dir/Drivers/STM32G4xx_HAL_Driver/Src/stm32g4xx_hal_tim.c.obj
                0x08001f10                TIM_Base_SetConfig
 .text.HAL_TIM_Base_Init
                0x08001fc8       0x5e CMakeFiles/foc.elf.dir/Drivers/STM32G4xx_HAL_Driver/Src/stm32g4xx_hal_tim.c.obj
                0x08001fc8                HAL_TIM_Base_Init
 .text.HAL_TIM_PWM_Init
                0x08002026       0x5e CMakeFiles/foc.elf.dir/Drivers/STM32G4xx_HAL_Driver/Src/stm32g4xx_hal_tim.c.obj
                0x08002026                HAL_TIM_PWM_Init
 .text.TIM_OC2_SetConfig
                0x08002084       0x8c CMakeFiles/foc.elf.dir/Drivers/STM32G4xx_HAL_Driver/Src/stm32g4xx_hal_tim.c.obj
                0x08002084                TIM_OC2_SetConfig
 .text.HAL_TIM_PWM_ConfigChannel
                0x08002110      0x13a CMakeFiles/foc.elf.dir/Drivers/STM32G4xx_HAL_Driver/Src/stm32g4xx_hal_tim.c.obj
                0x08002110                HAL_TIM_PWM_ConfigChannel
 *fill*         0x0800224a        0x2 
 .text.HAL_TIMEx_MasterConfigSynchronization
                0x0800224c       0x94 CMakeFiles/foc.elf.dir/Drivers/STM32G4xx_HAL_Driver/Src/stm32g4xx_hal_tim_ex.c.obj
                0x0800224c                HAL_TIMEx_MasterConfigSynchronization
 .text.HAL_TIMEx_ConfigBreakDeadTime
                0x080022e0       0xbc CMakeFiles/foc.elf.dir/Drivers/STM32G4xx_HAL_Driver/Src/stm32g4xx_hal_tim_ex.c.obj
                0x080022e0                HAL_TIMEx_ConfigBreakDeadTime
 .text.HAL_TIMEx_CommutCallback
                0x0800239c        0x2 CMakeFiles/foc.elf.dir/Drivers/STM32G4xx_HAL_Driver/Src/stm32g4xx_hal_tim_ex.c.obj
                0x0800239c                HAL_TIMEx_CommutCallback
 .text.HAL_TIMEx_BreakCallback
                0x0800239e        0x2 CMakeFiles/foc.elf.dir/Drivers/STM32G4xx_HAL_Driver/Src/stm32g4xx_hal_tim_ex.c.obj
                0x0800239e                HAL_TIMEx_BreakCallback
 .text.HAL_TIMEx_Break2Callback
                0x080023a0        0x2 CMakeFiles/foc.elf.dir/Drivers/STM32G4xx_HAL_Driver/Src/stm32g4xx_hal_tim_ex.c.obj
                0x080023a0                HAL_TIMEx_Break2Callback
 .text.HAL_TIMEx_EncoderIndexCallback
                0x080023a2        0x2 CMakeFiles/foc.elf.dir/Drivers/STM32G4xx_HAL_Driver/Src/stm32g4xx_hal_tim_ex.c.obj
                0x080023a2                HAL_TIMEx_EncoderIndexCallback
 .text.HAL_TIMEx_DirectionChangeCallback
                0x080023a4        0x2 CMakeFiles/foc.elf.dir/Drivers/STM32G4xx_HAL_Driver/Src/stm32g4xx_hal_tim_ex.c.obj
                0x080023a4                HAL_TIMEx_DirectionChangeCallback
 .text.HAL_TIMEx_IndexErrorCallback
                0x080023a6        0x2 CMakeFiles/foc.elf.dir/Drivers/STM32G4xx_HAL_Driver/Src/stm32g4xx_hal_tim_ex.c.obj
                0x080023a6                HAL_TIMEx_IndexErrorCallback
 .text.HAL_TIMEx_TransitionErrorCallback
                0x080023a8        0x2 CMakeFiles/foc.elf.dir/Drivers/STM32G4xx_HAL_Driver/Src/stm32g4xx_hal_tim_ex.c.obj
                0x080023a8                HAL_TIMEx_TransitionErrorCallback
 *fill*         0x080023aa        0x2 
 .text.SysTick_Handler
                0x080023ac       0x18 CMakeFiles/foc.elf.dir/Middlewares/Third_Party/FreeRTOS/Source/CMSIS_RTOS_V2/cmsis_os2.c.obj
                0x080023ac                SysTick_Handler
 .text.osKernelInitialize
                0x080023c4       0x28 CMakeFiles/foc.elf.dir/Middlewares/Third_Party/FreeRTOS/Source/CMSIS_RTOS_V2/cmsis_os2.c.obj
                0x080023c4                osKernelInitialize
 .text.osKernelStart
                0x080023ec       0x38 CMakeFiles/foc.elf.dir/Middlewares/Third_Party/FreeRTOS/Source/CMSIS_RTOS_V2/cmsis_os2.c.obj
                0x080023ec                osKernelStart
 .text.osThreadNew
                0x08002424       0xbe CMakeFiles/foc.elf.dir/Middlewares/Third_Party/FreeRTOS/Source/CMSIS_RTOS_V2/cmsis_os2.c.obj
                0x08002424                osThreadNew
 .text.osDelay  0x080024e2       0x1c CMakeFiles/foc.elf.dir/Middlewares/Third_Party/FreeRTOS/Source/CMSIS_RTOS_V2/cmsis_os2.c.obj
                0x080024e2                osDelay
 *fill*         0x080024fe        0x2 
 .text.vApplicationGetIdleTaskMemory
                0x08002500       0x18 CMakeFiles/foc.elf.dir/Middlewares/Third_Party/FreeRTOS/Source/CMSIS_RTOS_V2/cmsis_os2.c.obj
                0x08002500                vApplicationGetIdleTaskMemory
 .text.vApplicationGetTimerTaskMemory
                0x08002518       0x18 CMakeFiles/foc.elf.dir/Middlewares/Third_Party/FreeRTOS/Source/CMSIS_RTOS_V2/cmsis_os2.c.obj
                0x08002518                vApplicationGetTimerTaskMemory
 .text.vListInitialise
                0x08002530       0x16 CMakeFiles/foc.elf.dir/Middlewares/Third_Party/FreeRTOS/Source/list.c.obj
                0x08002530                vListInitialise
 .text.vListInitialiseItem
                0x08002546        0x6 CMakeFiles/foc.elf.dir/Middlewares/Third_Party/FreeRTOS/Source/list.c.obj
                0x08002546                vListInitialiseItem
 .text.vListInsertEnd
                0x0800254c       0x18 CMakeFiles/foc.elf.dir/Middlewares/Third_Party/FreeRTOS/Source/list.c.obj
                0x0800254c                vListInsertEnd
 .text.vListInsert
                0x08002564       0x34 CMakeFiles/foc.elf.dir/Middlewares/Third_Party/FreeRTOS/Source/list.c.obj
                0x08002564                vListInsert
 .text.uxListRemove
                0x08002598       0x28 CMakeFiles/foc.elf.dir/Middlewares/Third_Party/FreeRTOS/Source/list.c.obj
                0x08002598                uxListRemove
 .text.prvTaskExitError
                0x080025c0       0x40 CMakeFiles/foc.elf.dir/Middlewares/Third_Party/FreeRTOS/Source/portable/GCC/ARM_CM4F/port.c.obj
 .text.prvPortStartFirstTask
                0x08002600       0x28 CMakeFiles/foc.elf.dir/Middlewares/Third_Party/FreeRTOS/Source/portable/GCC/ARM_CM4F/port.c.obj
 .text.vPortEnableVFP
                0x08002628       0x14 CMakeFiles/foc.elf.dir/Middlewares/Third_Party/FreeRTOS/Source/portable/GCC/ARM_CM4F/port.c.obj
 .text.pxPortInitialiseStack
                0x0800263c       0x2c CMakeFiles/foc.elf.dir/Middlewares/Third_Party/FreeRTOS/Source/portable/GCC/ARM_CM4F/port.c.obj
                0x0800263c                pxPortInitialiseStack
 *fill*         0x08002668        0x8 
 .text.SVC_Handler
                0x08002670       0x24 CMakeFiles/foc.elf.dir/Middlewares/Third_Party/FreeRTOS/Source/portable/GCC/ARM_CM4F/port.c.obj
                0x08002670                SVC_Handler
 .text.vPortEnterCritical
                0x08002694       0x44 CMakeFiles/foc.elf.dir/Middlewares/Third_Party/FreeRTOS/Source/portable/GCC/ARM_CM4F/port.c.obj
                0x08002694                vPortEnterCritical
 .text.vPortExitCritical
                0x080026d8       0x2c CMakeFiles/foc.elf.dir/Middlewares/Third_Party/FreeRTOS/Source/portable/GCC/ARM_CM4F/port.c.obj
                0x080026d8                vPortExitCritical
 *fill*         0x08002704        0xc 
 .text.PendSV_Handler
                0x08002710       0x64 CMakeFiles/foc.elf.dir/Middlewares/Third_Party/FreeRTOS/Source/portable/GCC/ARM_CM4F/port.c.obj
                0x08002710                PendSV_Handler
 .text.xPortSysTickHandler
                0x08002774       0x2c CMakeFiles/foc.elf.dir/Middlewares/Third_Party/FreeRTOS/Source/portable/GCC/ARM_CM4F/port.c.obj
                0x08002774                xPortSysTickHandler
 .text.vPortSetupTimerInterrupt
                0x080027a0       0x38 CMakeFiles/foc.elf.dir/Middlewares/Third_Party/FreeRTOS/Source/portable/GCC/ARM_CM4F/port.c.obj
                0x080027a0                vPortSetupTimerInterrupt
 .text.xPortStartScheduler
                0x080027d8      0x110 CMakeFiles/foc.elf.dir/Middlewares/Third_Party/FreeRTOS/Source/portable/GCC/ARM_CM4F/port.c.obj
                0x080027d8                xPortStartScheduler
 .text.vPortValidateInterruptPriority
                0x080028e8       0x5c CMakeFiles/foc.elf.dir/Middlewares/Third_Party/FreeRTOS/Source/portable/GCC/ARM_CM4F/port.c.obj
                0x080028e8                vPortValidateInterruptPriority
 .text.prvHeapInit
                0x08002944       0x64 CMakeFiles/foc.elf.dir/Middlewares/Third_Party/FreeRTOS/Source/portable/MemMang/heap_4.c.obj
 .text.prvInsertBlockIntoFreeList
                0x080029a8       0x58 CMakeFiles/foc.elf.dir/Middlewares/Third_Party/FreeRTOS/Source/portable/MemMang/heap_4.c.obj
 .text.pvPortMalloc
                0x08002a00      0x114 CMakeFiles/foc.elf.dir/Middlewares/Third_Party/FreeRTOS/Source/portable/MemMang/heap_4.c.obj
                0x08002a00                pvPortMalloc
 .text.vPortFree
                0x08002b14       0x7c CMakeFiles/foc.elf.dir/Middlewares/Third_Party/FreeRTOS/Source/portable/MemMang/heap_4.c.obj
                0x08002b14                vPortFree
 .text.prvIsQueueFull
                0x08002b90       0x1e CMakeFiles/foc.elf.dir/Middlewares/Third_Party/FreeRTOS/Source/queue.c.obj
 .text.prvIsQueueEmpty
                0x08002bae       0x1a CMakeFiles/foc.elf.dir/Middlewares/Third_Party/FreeRTOS/Source/queue.c.obj
 .text.prvCopyDataToQueue
                0x08002bc8       0x76 CMakeFiles/foc.elf.dir/Middlewares/Third_Party/FreeRTOS/Source/queue.c.obj
 .text.prvCopyDataFromQueue
                0x08002c3e       0x24 CMakeFiles/foc.elf.dir/Middlewares/Third_Party/FreeRTOS/Source/queue.c.obj
 .text.prvUnlockQueue
                0x08002c62       0x6e CMakeFiles/foc.elf.dir/Middlewares/Third_Party/FreeRTOS/Source/queue.c.obj
 .text.xQueueGenericReset
                0x08002cd0       0x84 CMakeFiles/foc.elf.dir/Middlewares/Third_Party/FreeRTOS/Source/queue.c.obj
                0x08002cd0                xQueueGenericReset
 .text.prvInitialiseNewQueue
                0x08002d54       0x22 CMakeFiles/foc.elf.dir/Middlewares/Third_Party/FreeRTOS/Source/queue.c.obj
 .text.xQueueGenericCreateStatic
                0x08002d76       0x92 CMakeFiles/foc.elf.dir/Middlewares/Third_Party/FreeRTOS/Source/queue.c.obj
                0x08002d76                xQueueGenericCreateStatic
 .text.xQueueGenericSend
                0x08002e08      0x17c CMakeFiles/foc.elf.dir/Middlewares/Third_Party/FreeRTOS/Source/queue.c.obj
                0x08002e08                xQueueGenericSend
 .text.xQueueGenericSendFromISR
                0x08002f84       0xce CMakeFiles/foc.elf.dir/Middlewares/Third_Party/FreeRTOS/Source/queue.c.obj
                0x08002f84                xQueueGenericSendFromISR
 *fill*         0x08003052        0x2 
 .text.xQueueReceive
                0x08003054      0x158 CMakeFiles/foc.elf.dir/Middlewares/Third_Party/FreeRTOS/Source/queue.c.obj
                0x08003054                xQueueReceive
 .text.vQueueAddToRegistry
                0x080031ac       0x28 CMakeFiles/foc.elf.dir/Middlewares/Third_Party/FreeRTOS/Source/queue.c.obj
                0x080031ac                vQueueAddToRegistry
 .text.vQueueWaitForMessageRestricted
                0x080031d4       0x52 CMakeFiles/foc.elf.dir/Middlewares/Third_Party/FreeRTOS/Source/queue.c.obj
                0x080031d4                vQueueWaitForMessageRestricted
 *fill*         0x08003226        0x2 
 .text.prvResetNextTaskUnblockTime
                0x08003228       0x2c CMakeFiles/foc.elf.dir/Middlewares/Third_Party/FreeRTOS/Source/tasks.c.obj
 .text.prvInitialiseNewTask
                0x08003254       0xfe CMakeFiles/foc.elf.dir/Middlewares/Third_Party/FreeRTOS/Source/tasks.c.obj
 *fill*         0x08003352        0x2 
 .text.prvInitialiseTaskLists
                0x08003354       0x68 CMakeFiles/foc.elf.dir/Middlewares/Third_Party/FreeRTOS/Source/tasks.c.obj
 .text.prvAddNewTaskToReadyList
                0x080033bc       0xac CMakeFiles/foc.elf.dir/Middlewares/Third_Party/FreeRTOS/Source/tasks.c.obj
 .text.prvDeleteTCB
                0x08003468       0x40 CMakeFiles/foc.elf.dir/Middlewares/Third_Party/FreeRTOS/Source/tasks.c.obj
 .text.prvCheckTasksWaitingTermination
                0x080034a8       0x4c CMakeFiles/foc.elf.dir/Middlewares/Third_Party/FreeRTOS/Source/tasks.c.obj
 .text.prvIdleTask
                0x080034f4       0x28 CMakeFiles/foc.elf.dir/Middlewares/Third_Party/FreeRTOS/Source/tasks.c.obj
 .text.prvAddCurrentTaskToDelayedList
                0x0800351c       0x7c CMakeFiles/foc.elf.dir/Middlewares/Third_Party/FreeRTOS/Source/tasks.c.obj
 .text.xTaskCreateStatic
                0x08003598       0x78 CMakeFiles/foc.elf.dir/Middlewares/Third_Party/FreeRTOS/Source/tasks.c.obj
                0x08003598                xTaskCreateStatic
 .text.xTaskCreate
                0x08003610       0x68 CMakeFiles/foc.elf.dir/Middlewares/Third_Party/FreeRTOS/Source/tasks.c.obj
                0x08003610                xTaskCreate
 .text.vTaskStartScheduler
                0x08003678       0xa4 CMakeFiles/foc.elf.dir/Middlewares/Third_Party/FreeRTOS/Source/tasks.c.obj
                0x08003678                vTaskStartScheduler
 .text.vTaskSuspendAll
                0x0800371c       0x10 CMakeFiles/foc.elf.dir/Middlewares/Third_Party/FreeRTOS/Source/tasks.c.obj
                0x0800371c                vTaskSuspendAll
 .text.xTaskGetTickCount
                0x0800372c        0xc CMakeFiles/foc.elf.dir/Middlewares/Third_Party/FreeRTOS/Source/tasks.c.obj
                0x0800372c                xTaskGetTickCount
 .text.xTaskIncrementTick
                0x08003738      0x118 CMakeFiles/foc.elf.dir/Middlewares/Third_Party/FreeRTOS/Source/tasks.c.obj
                0x08003738                xTaskIncrementTick
 .text.xTaskResumeAll
                0x08003850       0xf4 CMakeFiles/foc.elf.dir/Middlewares/Third_Party/FreeRTOS/Source/tasks.c.obj
                0x08003850                xTaskResumeAll
 .text.vTaskDelay
                0x08003944       0x4c CMakeFiles/foc.elf.dir/Middlewares/Third_Party/FreeRTOS/Source/tasks.c.obj
                0x08003944                vTaskDelay
 .text.vTaskSwitchContext
                0x08003990       0xa4 CMakeFiles/foc.elf.dir/Middlewares/Third_Party/FreeRTOS/Source/tasks.c.obj
                0x08003990                vTaskSwitchContext
 .text.vTaskPlaceOnEventList
                0x08003a34       0x30 CMakeFiles/foc.elf.dir/Middlewares/Third_Party/FreeRTOS/Source/tasks.c.obj
                0x08003a34                vTaskPlaceOnEventList
 .text.vTaskPlaceOnEventListRestricted
                0x08003a64       0x38 CMakeFiles/foc.elf.dir/Middlewares/Third_Party/FreeRTOS/Source/tasks.c.obj
                0x08003a64                vTaskPlaceOnEventListRestricted
 .text.xTaskRemoveFromEventList
                0x08003a9c       0x8c CMakeFiles/foc.elf.dir/Middlewares/Third_Party/FreeRTOS/Source/tasks.c.obj
                0x08003a9c                xTaskRemoveFromEventList
 .text.vTaskInternalSetTimeOutState
                0x08003b28       0x18 CMakeFiles/foc.elf.dir/Middlewares/Third_Party/FreeRTOS/Source/tasks.c.obj
                0x08003b28                vTaskInternalSetTimeOutState
 .text.xTaskCheckForTimeOut
                0x08003b40       0x80 CMakeFiles/foc.elf.dir/Middlewares/Third_Party/FreeRTOS/Source/tasks.c.obj
                0x08003b40                xTaskCheckForTimeOut
 .text.vTaskMissedYield
                0x08003bc0        0xc CMakeFiles/foc.elf.dir/Middlewares/Third_Party/FreeRTOS/Source/tasks.c.obj
                0x08003bc0                vTaskMissedYield
 .text.xTaskGetSchedulerState
                0x08003bcc       0x20 CMakeFiles/foc.elf.dir/Middlewares/Third_Party/FreeRTOS/Source/tasks.c.obj
                0x08003bcc                xTaskGetSchedulerState
 .text.xTaskPriorityDisinherit
                0x08003bec       0x90 CMakeFiles/foc.elf.dir/Middlewares/Third_Party/FreeRTOS/Source/tasks.c.obj
                0x08003bec                xTaskPriorityDisinherit
 .text.prvGetNextExpireTime
                0x08003c7c       0x20 CMakeFiles/foc.elf.dir/Middlewares/Third_Party/FreeRTOS/Source/timers.c.obj
 .text.prvInsertTimerInActiveList
                0x08003c9c       0x48 CMakeFiles/foc.elf.dir/Middlewares/Third_Party/FreeRTOS/Source/timers.c.obj
 .text.prvCheckForValidListAndQueue
                0x08003ce4       0x70 CMakeFiles/foc.elf.dir/Middlewares/Third_Party/FreeRTOS/Source/timers.c.obj
 .text.xTimerCreateTimerTask
                0x08003d54       0x64 CMakeFiles/foc.elf.dir/Middlewares/Third_Party/FreeRTOS/Source/timers.c.obj
                0x08003d54                xTimerCreateTimerTask
 .text.xTimerGenericCommand
                0x08003db8       0x6c CMakeFiles/foc.elf.dir/Middlewares/Third_Party/FreeRTOS/Source/timers.c.obj
                0x08003db8                xTimerGenericCommand
 .text.prvSwitchTimerLists
                0x08003e24       0x7c CMakeFiles/foc.elf.dir/Middlewares/Third_Party/FreeRTOS/Source/timers.c.obj
 .text.prvSampleTimeNow
                0x08003ea0       0x2c CMakeFiles/foc.elf.dir/Middlewares/Third_Party/FreeRTOS/Source/timers.c.obj
 .text.prvProcessExpiredTimer
                0x08003ecc       0x6c CMakeFiles/foc.elf.dir/Middlewares/Third_Party/FreeRTOS/Source/timers.c.obj
 .text.prvProcessTimerOrBlockTask
                0x08003f38       0x74 CMakeFiles/foc.elf.dir/Middlewares/Third_Party/FreeRTOS/Source/timers.c.obj
 .text.prvProcessReceivedCommands
                0x08003fac      0x110 CMakeFiles/foc.elf.dir/Middlewares/Third_Party/FreeRTOS/Source/timers.c.obj
 .text.prvTimerTask
                0x080040bc       0x16 CMakeFiles/foc.elf.dir/Middlewares/Third_Party/FreeRTOS/Source/timers.c.obj
 *fill*         0x080040d2        0x2 
 .text.startup._GLOBAL__sub_I__ZN9__gnu_cxx9__freeresEv
                0x080040d4       0x28 f:/tools/gcc-arm-none-eabi-7-2018-q2-update-win32/bin/../lib/gcc/arm-none-eabi/7.3.1/../../../../arm-none-eabi/lib/thumb/v7e-m/fpv4-sp/hard\libstdc++.a(eh_alloc.o)
 .text.__errno  0x080040fc        0xc f:/tools/gcc-arm-none-eabi-7-2018-q2-update-win32/bin/../lib/gcc/arm-none-eabi/7.3.1/../../../../arm-none-eabi/lib/thumb/v7e-m/fpv4-sp/hard\libg.a(lib_a-errno.o)
                0x080040fc                __errno
 .text.__libc_init_array
                0x08004108       0x48 f:/tools/gcc-arm-none-eabi-7-2018-q2-update-win32/bin/../lib/gcc/arm-none-eabi/7.3.1/../../../../arm-none-eabi/lib/thumb/v7e-m/fpv4-sp/hard\libg.a(lib_a-init.o)
                0x08004108                __libc_init_array
 .text.__retarget_lock_acquire_recursive
                0x08004150        0x4 f:/tools/gcc-arm-none-eabi-7-2018-q2-update-win32/bin/../lib/gcc/arm-none-eabi/7.3.1/../../../../arm-none-eabi/lib/thumb/v7e-m/fpv4-sp/hard\libg.a(lib_a-lock.o)
                0x08004150                __retarget_lock_acquire_recursive
 .text.__retarget_lock_release_recursive
                0x08004154        0x4 f:/tools/gcc-arm-none-eabi-7-2018-q2-update-win32/bin/../lib/gcc/arm-none-eabi/7.3.1/../../../../arm-none-eabi/lib/thumb/v7e-m/fpv4-sp/hard\libg.a(lib_a-lock.o)
                0x08004154                __retarget_lock_release_recursive
 .text.malloc   0x08004158       0x10 f:/tools/gcc-arm-none-eabi-7-2018-q2-update-win32/bin/../lib/gcc/arm-none-eabi/7.3.1/../../../../arm-none-eabi/lib/thumb/v7e-m/fpv4-sp/hard\libg.a(lib_a-malloc.o)
                0x08004158                malloc
 .text._malloc_r
                0x08004168      0x548 f:/tools/gcc-arm-none-eabi-7-2018-q2-update-win32/bin/../lib/gcc/arm-none-eabi/7.3.1/../../../../arm-none-eabi/lib/thumb/v7e-m/fpv4-sp/hard\libg.a(lib_a-mallocr.o)
                0x08004168                _malloc_r
 .text.memset   0x080046b0       0x94 f:/tools/gcc-arm-none-eabi-7-2018-q2-update-win32/bin/../lib/gcc/arm-none-eabi/7.3.1/../../../../arm-none-eabi/lib/thumb/v7e-m/fpv4-sp/hard\libg.a(lib_a-memset.o)
                0x080046b0                memset
 .text.__malloc_lock
                0x08004744        0xc f:/tools/gcc-arm-none-eabi-7-2018-q2-update-win32/bin/../lib/gcc/arm-none-eabi/7.3.1/../../../../arm-none-eabi/lib/thumb/v7e-m/fpv4-sp/hard\libg.a(lib_a-mlock.o)
                0x08004744                __malloc_lock
 .text.__malloc_unlock
                0x08004750        0xc f:/tools/gcc-arm-none-eabi-7-2018-q2-update-win32/bin/../lib/gcc/arm-none-eabi/7.3.1/../../../../arm-none-eabi/lib/thumb/v7e-m/fpv4-sp/hard\libg.a(lib_a-mlock.o)
                0x08004750                __malloc_unlock
 .text.cleanup_glue
                0x0800475c       0x28 f:/tools/gcc-arm-none-eabi-7-2018-q2-update-win32/bin/../lib/gcc/arm-none-eabi/7.3.1/../../../../arm-none-eabi/lib/thumb/v7e-m/fpv4-sp/hard\libg.a(lib_a-reent.o)
                0x0800475c                cleanup_glue
 .text._reclaim_reent
                0x08004784       0x88 f:/tools/gcc-arm-none-eabi-7-2018-q2-update-win32/bin/../lib/gcc/arm-none-eabi/7.3.1/../../../../arm-none-eabi/lib/thumb/v7e-m/fpv4-sp/hard\libg.a(lib_a-reent.o)
                0x08004784                _reclaim_reent
 .text._sbrk_r  0x0800480c       0x24 f:/tools/gcc-arm-none-eabi-7-2018-q2-update-win32/bin/../lib/gcc/arm-none-eabi/7.3.1/../../../../arm-none-eabi/lib/thumb/v7e-m/fpv4-sp/hard\libg.a(lib_a-sbrkr.o)
                0x0800480c                _sbrk_r
 .text.startup.register_fini
                0x08004830       0x14 f:/tools/gcc-arm-none-eabi-7-2018-q2-update-win32/bin/../lib/gcc/arm-none-eabi/7.3.1/../../../../arm-none-eabi/lib/thumb/v7e-m/fpv4-sp/hard\libg.a(lib_a-__call_atexit.o)
 .text.atexit   0x08004844        0xc f:/tools/gcc-arm-none-eabi-7-2018-q2-update-win32/bin/../lib/gcc/arm-none-eabi/7.3.1/../../../../arm-none-eabi/lib/thumb/v7e-m/fpv4-sp/hard\libg.a(lib_a-atexit.o)
                0x08004844                atexit
 .text.__libc_fini_array
                0x08004850       0x34 f:/tools/gcc-arm-none-eabi-7-2018-q2-update-win32/bin/../lib/gcc/arm-none-eabi/7.3.1/../../../../arm-none-eabi/lib/thumb/v7e-m/fpv4-sp/hard\libg.a(lib_a-fini.o)
                0x08004850                __libc_fini_array
 .text._malloc_trim_r
                0x08004884       0xa0 f:/tools/gcc-arm-none-eabi-7-2018-q2-update-win32/bin/../lib/gcc/arm-none-eabi/7.3.1/../../../../arm-none-eabi/lib/thumb/v7e-m/fpv4-sp/hard\libg.a(lib_a-freer.o)
                0x08004884                _malloc_trim_r
 .text._free_r  0x08004924      0x1e8 f:/tools/gcc-arm-none-eabi-7-2018-q2-update-win32/bin/../lib/gcc/arm-none-eabi/7.3.1/../../../../arm-none-eabi/lib/thumb/v7e-m/fpv4-sp/hard\libg.a(lib_a-freer.o)
                0x08004924                _free_r
 .text.__register_exitproc
                0x08004b0c       0xc0 f:/tools/gcc-arm-none-eabi-7-2018-q2-update-win32/bin/../lib/gcc/arm-none-eabi/7.3.1/../../../../arm-none-eabi/lib/thumb/v7e-m/fpv4-sp/hard\libg.a(lib_a-__atexit.o)
                0x08004b0c                __register_exitproc
 *(.glue_7)
 .glue_7        0x08004bcc        0x0 linker stubs
 *(.glue_7t)
 .glue_7t       0x08004bcc        0x0 linker stubs
 *(.eh_frame)
 .eh_frame      0x08004bcc        0x0 f:/tools/gcc-arm-none-eabi-7-2018-q2-update-win32/bin/../lib/gcc/arm-none-eabi/7.3.1/thumb/v7e-m/fpv4-sp/hard/crtbegin.o
 *(.init)
 .init          0x08004bcc        0x4 f:/tools/gcc-arm-none-eabi-7-2018-q2-update-win32/bin/../lib/gcc/arm-none-eabi/7.3.1/thumb/v7e-m/fpv4-sp/hard/crti.o
                0x08004bcc                _init
 .init          0x08004bd0        0x8 f:/tools/gcc-arm-none-eabi-7-2018-q2-update-win32/bin/../lib/gcc/arm-none-eabi/7.3.1/thumb/v7e-m/fpv4-sp/hard/crtn.o
 *(.fini)
 .fini          0x08004bd8        0x4 f:/tools/gcc-arm-none-eabi-7-2018-q2-update-win32/bin/../lib/gcc/arm-none-eabi/7.3.1/thumb/v7e-m/fpv4-sp/hard/crti.o
                0x08004bd8                _fini
 .fini          0x08004bdc        0x8 f:/tools/gcc-arm-none-eabi-7-2018-q2-update-win32/bin/../lib/gcc/arm-none-eabi/7.3.1/thumb/v7e-m/fpv4-sp/hard/crtn.o
                0x08004be4                . = ALIGN (0x4)
                0x08004be4                _etext = .

.vfp11_veneer   0x08004be4        0x0
 .vfp11_veneer  0x08004be4        0x0 linker stubs

.v4_bx          0x08004be4        0x0
 .v4_bx         0x08004be4        0x0 linker stubs

.iplt           0x08004be4        0x0
 .iplt          0x08004be4        0x0 f:/tools/gcc-arm-none-eabi-7-2018-q2-update-win32/bin/../lib/gcc/arm-none-eabi/7.3.1/thumb/v7e-m/fpv4-sp/hard/crtbegin.o

.rodata         0x08004be4       0x64
                0x08004be4                . = ALIGN (0x4)
 *(.rodata)
 *(.rodata*)
 .rodata.defaultTask_attributes
                0x08004be4       0x24 CMakeFiles/foc.elf.dir/Core/Src/app_freertos.c.obj
                0x08004be4                defaultTask_attributes
 .rodata.str1.4
                0x08004c08        0xc CMakeFiles/foc.elf.dir/Core/Src/app_freertos.c.obj
 .rodata.AHBPrescTable
                0x08004c14       0x10 CMakeFiles/foc.elf.dir/Core/Src/system_stm32g4xx.c.obj
                0x08004c14                AHBPrescTable
 .rodata.APBPrescTable
                0x08004c24        0x8 CMakeFiles/foc.elf.dir/Core/Src/system_stm32g4xx.c.obj
                0x08004c24                APBPrescTable
 .rodata.vTaskStartScheduler.str1.4
                0x08004c2c        0x5 CMakeFiles/foc.elf.dir/Middlewares/Third_Party/FreeRTOS/Source/tasks.c.obj
 *fill*         0x08004c31        0x3 
 .rodata.prvCheckForValidListAndQueue.str1.4
                0x08004c34        0x5 CMakeFiles/foc.elf.dir/Middlewares/Third_Party/FreeRTOS/Source/timers.c.obj
 *fill*         0x08004c39        0x3 
 .rodata.xTimerCreateTimerTask.str1.4
                0x08004c3c        0x8 CMakeFiles/foc.elf.dir/Middlewares/Third_Party/FreeRTOS/Source/timers.c.obj
 .rodata._global_impure_ptr
                0x08004c44        0x4 f:/tools/gcc-arm-none-eabi-7-2018-q2-update-win32/bin/../lib/gcc/arm-none-eabi/7.3.1/../../../../arm-none-eabi/lib/thumb/v7e-m/fpv4-sp/hard\libg.a(lib_a-impure.o)
                0x08004c44                _global_impure_ptr
                0x08004c48                . = ALIGN (0x4)

.ARM.extab      0x08004c48        0x0
                0x08004c48                . = ALIGN (0x4)
 *(.ARM.extab* .gnu.linkonce.armextab.*)
                0x08004c48                . = ALIGN (0x4)

.ARM            0x08004c48        0x8
                0x08004c48                . = ALIGN (0x4)
                0x08004c48                __exidx_start = .
 *(.ARM.exidx*)
 .ARM.exidx.text._ZN4AxisC2ER3RGBR7Encoder
                0x08004c48        0x8 CMakeFiles/foc.elf.dir/App/axis.cpp.obj
 .ARM.exidx.text._Z41__static_initialization_and_destruction_0ii
                0x08004c50        0x0 CMakeFiles/foc.elf.dir/App/board.cpp.obj
                                  0x8 (size before relaxing)
 .ARM.exidx.text._GLOBAL__sub_I_rgb
                0x08004c50        0x0 CMakeFiles/foc.elf.dir/App/board.cpp.obj
                                  0x8 (size before relaxing)
 .ARM.exidx.text._ZN3RGBC2EP17TIM_HandleTypeDef
                0x08004c50        0x0 CMakeFiles/foc.elf.dir/Ctrl/rgb.cpp.obj
                                  0x8 (size before relaxing)
 .ARM.exidx.text.startup._GLOBAL__sub_I__ZN9__gnu_cxx9__freeresEv
                0x08004c50        0x0 f:/tools/gcc-arm-none-eabi-7-2018-q2-update-win32/bin/../lib/gcc/arm-none-eabi/7.3.1/../../../../arm-none-eabi/lib/thumb/v7e-m/fpv4-sp/hard\libstdc++.a(eh_alloc.o)
                                  0x8 (size before relaxing)
                0x08004c50                __exidx_end = .
                0x08004c50                . = ALIGN (0x4)

.rel.dyn        0x08004c50        0x0
 .rel.iplt      0x08004c50        0x0 f:/tools/gcc-arm-none-eabi-7-2018-q2-update-win32/bin/../lib/gcc/arm-none-eabi/7.3.1/thumb/v7e-m/fpv4-sp/hard/crtbegin.o

.preinit_array  0x08004c50        0x0
                0x08004c50                . = ALIGN (0x4)
                0x08004c50                PROVIDE (__preinit_array_start = .)
 *(.preinit_array*)
                0x08004c50                PROVIDE (__preinit_array_end = .)
                0x08004c50                . = ALIGN (0x4)

.init_array     0x08004c50       0x10
                0x08004c50                . = ALIGN (0x4)
                0x08004c50                PROVIDE (__init_array_start = .)
 *(SORT_BY_NAME(.init_array.*))
 .init_array.00000
                0x08004c50        0x4 f:/tools/gcc-arm-none-eabi-7-2018-q2-update-win32/bin/../lib/gcc/arm-none-eabi/7.3.1/../../../../arm-none-eabi/lib/thumb/v7e-m/fpv4-sp/hard\libg.a(lib_a-__call_atexit.o)
 *(.init_array*)
 .init_array    0x08004c54        0x4 f:/tools/gcc-arm-none-eabi-7-2018-q2-update-win32/bin/../lib/gcc/arm-none-eabi/7.3.1/thumb/v7e-m/fpv4-sp/hard/crtbegin.o
 .init_array    0x08004c58        0x4 CMakeFiles/foc.elf.dir/App/board.cpp.obj
 .init_array    0x08004c5c        0x4 f:/tools/gcc-arm-none-eabi-7-2018-q2-update-win32/bin/../lib/gcc/arm-none-eabi/7.3.1/../../../../arm-none-eabi/lib/thumb/v7e-m/fpv4-sp/hard\libstdc++.a(eh_alloc.o)
                0x08004c60                PROVIDE (__init_array_end = .)
                0x08004c60                . = ALIGN (0x4)

.fini_array     0x08004c60        0x4
                0x08004c60                . = ALIGN (0x4)
                0x08004c60                PROVIDE (__fini_array_start = .)
 *(SORT_BY_NAME(.fini_array.*))
 *(.fini_array*)
 .fini_array    0x08004c60        0x4 f:/tools/gcc-arm-none-eabi-7-2018-q2-update-win32/bin/../lib/gcc/arm-none-eabi/7.3.1/thumb/v7e-m/fpv4-sp/hard/crtbegin.o
                0x08004c64                PROVIDE (__fini_array_end = .)
                0x08004c64                . = ALIGN (0x4)
                0x08004c64                _sidata = LOADADDR (.data)

.data           0x20000000      0x854 load address 0x08004c64
                0x20000000                . = ALIGN (0x4)
                0x20000000                _sdata = .
 *(.data)
 *(.data*)
 .data.SystemCoreClock
                0x20000000        0x4 CMakeFiles/foc.elf.dir/Core/Src/system_stm32g4xx.c.obj
                0x20000000                SystemCoreClock
 .data.uwTickFreq
                0x20000004        0x4 CMakeFiles/foc.elf.dir/Drivers/STM32G4xx_HAL_Driver/Src/stm32g4xx_hal.c.obj
                0x20000004                uwTickFreq
 .data.uwTickPrio
                0x20000008        0x4 CMakeFiles/foc.elf.dir/Drivers/STM32G4xx_HAL_Driver/Src/stm32g4xx_hal.c.obj
                0x20000008                uwTickPrio
 .data.uxCriticalNesting
                0x2000000c        0x4 CMakeFiles/foc.elf.dir/Middlewares/Third_Party/FreeRTOS/Source/portable/GCC/ARM_CM4F/port.c.obj
 .data._impure_ptr
                0x20000010        0x4 f:/tools/gcc-arm-none-eabi-7-2018-q2-update-win32/bin/../lib/gcc/arm-none-eabi/7.3.1/../../../../arm-none-eabi/lib/thumb/v7e-m/fpv4-sp/hard\libg.a(lib_a-impure.o)
                0x20000010                _impure_ptr
 *fill*         0x20000014        0x4 
 .data.impure_data
                0x20000018      0x428 f:/tools/gcc-arm-none-eabi-7-2018-q2-update-win32/bin/../lib/gcc/arm-none-eabi/7.3.1/../../../../arm-none-eabi/lib/thumb/v7e-m/fpv4-sp/hard\libg.a(lib_a-impure.o)
 .data.__malloc_av_
                0x20000440      0x408 f:/tools/gcc-arm-none-eabi-7-2018-q2-update-win32/bin/../lib/gcc/arm-none-eabi/7.3.1/../../../../arm-none-eabi/lib/thumb/v7e-m/fpv4-sp/hard\libg.a(lib_a-mallocr.o)
                0x20000440                __malloc_av_
 .data.__malloc_sbrk_base
                0x20000848        0x4 f:/tools/gcc-arm-none-eabi-7-2018-q2-update-win32/bin/../lib/gcc/arm-none-eabi/7.3.1/../../../../arm-none-eabi/lib/thumb/v7e-m/fpv4-sp/hard\libg.a(lib_a-mallocr.o)
                0x20000848                __malloc_sbrk_base
 .data.__malloc_trim_threshold
                0x2000084c        0x4 f:/tools/gcc-arm-none-eabi-7-2018-q2-update-win32/bin/../lib/gcc/arm-none-eabi/7.3.1/../../../../arm-none-eabi/lib/thumb/v7e-m/fpv4-sp/hard\libg.a(lib_a-mallocr.o)
                0x2000084c                __malloc_trim_threshold
 .data.__atexit_recursive_mutex
                0x20000850        0x4 f:/tools/gcc-arm-none-eabi-7-2018-q2-update-win32/bin/../lib/gcc/arm-none-eabi/7.3.1/../../../../arm-none-eabi/lib/thumb/v7e-m/fpv4-sp/hard\libg.a(lib_a-__call_atexit.o)
                0x20000850                __atexit_recursive_mutex
 *(.RamFunc)
 *(.RamFunc*)
                0x20000854                . = ALIGN (0x4)
                0x20000854                _edata = .

.igot.plt       0x20000854        0x0 load address 0x080054b8
 .igot.plt      0x20000854        0x0 f:/tools/gcc-arm-none-eabi-7-2018-q2-update-win32/bin/../lib/gcc/arm-none-eabi/7.3.1/thumb/v7e-m/fpv4-sp/hard/crtbegin.o
                0x20000854                . = ALIGN (0x4)

.bss            0x20000858     0x28cc load address 0x080054b8
                0x20000858                _sbss = .
                0x20000858                __bss_start__ = _sbss
 *(.bss)
 .bss           0x20000858       0x1c f:/tools/gcc-arm-none-eabi-7-2018-q2-update-win32/bin/../lib/gcc/arm-none-eabi/7.3.1/thumb/v7e-m/fpv4-sp/hard/crtbegin.o
 *(.bss*)
 .bss.axis      0x20000874        0xc CMakeFiles/foc.elf.dir/App/board.cpp.obj
                0x20000874                axis
 .bss.mt6825    0x20000880      0x440 CMakeFiles/foc.elf.dir/App/board.cpp.obj
                0x20000880                mt6825
 .bss.rgb       0x20000cc0       0x98 CMakeFiles/foc.elf.dir/App/board.cpp.obj
                0x20000cc0                rgb
 .bss.defaultTaskHandle
                0x20000d58        0x4 CMakeFiles/foc.elf.dir/Core/Src/app_freertos.c.obj
                0x20000d58                defaultTaskHandle
 .bss.hspi1     0x20000d5c       0x64 CMakeFiles/foc.elf.dir/Core/Src/spi.c.obj
                0x20000d5c                hspi1
 .bss.htim4     0x20000dc0       0x4c CMakeFiles/foc.elf.dir/Core/Src/stm32g4xx_hal_timebase_tim.c.obj
                0x20000dc0                htim4
 .bss.__sbrk_heap_end
                0x20000e0c        0x4 CMakeFiles/foc.elf.dir/Core/Src/sysmem.c.obj
 .bss.hdma_tim2_ch1
                0x20000e10       0x60 CMakeFiles/foc.elf.dir/Core/Src/tim.c.obj
                0x20000e10                hdma_tim2_ch1
 .bss.htim1     0x20000e70       0x4c CMakeFiles/foc.elf.dir/Core/Src/tim.c.obj
                0x20000e70                htim1
 .bss.htim2     0x20000ebc       0x4c CMakeFiles/foc.elf.dir/Core/Src/tim.c.obj
                0x20000ebc                htim2
 .bss.uwTick    0x20000f08        0x4 CMakeFiles/foc.elf.dir/Drivers/STM32G4xx_HAL_Driver/Src/stm32g4xx_hal.c.obj
                0x20000f08                uwTick
 .bss.Idle_Stack.10321
                0x20000f0c      0x200 CMakeFiles/foc.elf.dir/Middlewares/Third_Party/FreeRTOS/Source/CMSIS_RTOS_V2/cmsis_os2.c.obj
 *fill*         0x2000110c        0x4 
 .bss.Idle_TCB.10320
                0x20001110      0x488 CMakeFiles/foc.elf.dir/Middlewares/Third_Party/FreeRTOS/Source/CMSIS_RTOS_V2/cmsis_os2.c.obj
 .bss.KernelState
                0x20001598        0x4 CMakeFiles/foc.elf.dir/Middlewares/Third_Party/FreeRTOS/Source/CMSIS_RTOS_V2/cmsis_os2.c.obj
 .bss.Timer_Stack.10328
                0x2000159c      0x400 CMakeFiles/foc.elf.dir/Middlewares/Third_Party/FreeRTOS/Source/CMSIS_RTOS_V2/cmsis_os2.c.obj
 *fill*         0x2000199c        0x4 
 .bss.Timer_TCB.10327
                0x200019a0      0x488 CMakeFiles/foc.elf.dir/Middlewares/Third_Party/FreeRTOS/Source/CMSIS_RTOS_V2/cmsis_os2.c.obj
 .bss.ucMaxSysCallPriority
                0x20001e28        0x1 CMakeFiles/foc.elf.dir/Middlewares/Third_Party/FreeRTOS/Source/portable/GCC/ARM_CM4F/port.c.obj
 *fill*         0x20001e29        0x3 
 .bss.ulMaxPRIGROUPValue
                0x20001e2c        0x4 CMakeFiles/foc.elf.dir/Middlewares/Third_Party/FreeRTOS/Source/portable/GCC/ARM_CM4F/port.c.obj
 .bss.pxEnd     0x20001e30        0x4 CMakeFiles/foc.elf.dir/Middlewares/Third_Party/FreeRTOS/Source/portable/MemMang/heap_4.c.obj
 .bss.ucHeap    0x20001e34      0xc00 CMakeFiles/foc.elf.dir/Middlewares/Third_Party/FreeRTOS/Source/portable/MemMang/heap_4.c.obj
 .bss.xBlockAllocatedBit
                0x20002a34        0x4 CMakeFiles/foc.elf.dir/Middlewares/Third_Party/FreeRTOS/Source/portable/MemMang/heap_4.c.obj
 .bss.xFreeBytesRemaining
                0x20002a38        0x4 CMakeFiles/foc.elf.dir/Middlewares/Third_Party/FreeRTOS/Source/portable/MemMang/heap_4.c.obj
 .bss.xMinimumEverFreeBytesRemaining
                0x20002a3c        0x4 CMakeFiles/foc.elf.dir/Middlewares/Third_Party/FreeRTOS/Source/portable/MemMang/heap_4.c.obj
 .bss.xNumberOfSuccessfulAllocations
                0x20002a40        0x4 CMakeFiles/foc.elf.dir/Middlewares/Third_Party/FreeRTOS/Source/portable/MemMang/heap_4.c.obj
 .bss.xNumberOfSuccessfulFrees
                0x20002a44        0x4 CMakeFiles/foc.elf.dir/Middlewares/Third_Party/FreeRTOS/Source/portable/MemMang/heap_4.c.obj
 .bss.xStart    0x20002a48        0x8 CMakeFiles/foc.elf.dir/Middlewares/Third_Party/FreeRTOS/Source/portable/MemMang/heap_4.c.obj
 .bss.xQueueRegistry
                0x20002a50       0x40 CMakeFiles/foc.elf.dir/Middlewares/Third_Party/FreeRTOS/Source/queue.c.obj
                0x20002a50                xQueueRegistry
 .bss.pxCurrentTCB
                0x20002a90        0x4 CMakeFiles/foc.elf.dir/Middlewares/Third_Party/FreeRTOS/Source/tasks.c.obj
                0x20002a90                pxCurrentTCB
 .bss.pxDelayedTaskList
                0x20002a94        0x4 CMakeFiles/foc.elf.dir/Middlewares/Third_Party/FreeRTOS/Source/tasks.c.obj
 .bss.pxOverflowDelayedTaskList
                0x20002a98        0x4 CMakeFiles/foc.elf.dir/Middlewares/Third_Party/FreeRTOS/Source/tasks.c.obj
 .bss.pxReadyTasksLists
                0x20002a9c      0x460 CMakeFiles/foc.elf.dir/Middlewares/Third_Party/FreeRTOS/Source/tasks.c.obj
 .bss.uxCurrentNumberOfTasks
                0x20002efc        0x4 CMakeFiles/foc.elf.dir/Middlewares/Third_Party/FreeRTOS/Source/tasks.c.obj
 .bss.uxDeletedTasksWaitingCleanUp
                0x20002f00        0x4 CMakeFiles/foc.elf.dir/Middlewares/Third_Party/FreeRTOS/Source/tasks.c.obj
 .bss.uxSchedulerSuspended
                0x20002f04        0x4 CMakeFiles/foc.elf.dir/Middlewares/Third_Party/FreeRTOS/Source/tasks.c.obj
 .bss.uxTaskNumber
                0x20002f08        0x4 CMakeFiles/foc.elf.dir/Middlewares/Third_Party/FreeRTOS/Source/tasks.c.obj
 .bss.uxTopReadyPriority
                0x20002f0c        0x4 CMakeFiles/foc.elf.dir/Middlewares/Third_Party/FreeRTOS/Source/tasks.c.obj
 .bss.xDelayedTaskList1
                0x20002f10       0x14 CMakeFiles/foc.elf.dir/Middlewares/Third_Party/FreeRTOS/Source/tasks.c.obj
 .bss.xDelayedTaskList2
                0x20002f24       0x14 CMakeFiles/foc.elf.dir/Middlewares/Third_Party/FreeRTOS/Source/tasks.c.obj
 .bss.xNextTaskUnblockTime
                0x20002f38        0x4 CMakeFiles/foc.elf.dir/Middlewares/Third_Party/FreeRTOS/Source/tasks.c.obj
 .bss.xNumOfOverflows
                0x20002f3c        0x4 CMakeFiles/foc.elf.dir/Middlewares/Third_Party/FreeRTOS/Source/tasks.c.obj
 .bss.xPendedTicks
                0x20002f40        0x4 CMakeFiles/foc.elf.dir/Middlewares/Third_Party/FreeRTOS/Source/tasks.c.obj
 .bss.xPendingReadyList
                0x20002f44       0x14 CMakeFiles/foc.elf.dir/Middlewares/Third_Party/FreeRTOS/Source/tasks.c.obj
 .bss.xSchedulerRunning
                0x20002f58        0x4 CMakeFiles/foc.elf.dir/Middlewares/Third_Party/FreeRTOS/Source/tasks.c.obj
 .bss.xSuspendedTaskList
                0x20002f5c       0x14 CMakeFiles/foc.elf.dir/Middlewares/Third_Party/FreeRTOS/Source/tasks.c.obj
 .bss.xTasksWaitingTermination
                0x20002f70       0x14 CMakeFiles/foc.elf.dir/Middlewares/Third_Party/FreeRTOS/Source/tasks.c.obj
 .bss.xTickCount
                0x20002f84        0x4 CMakeFiles/foc.elf.dir/Middlewares/Third_Party/FreeRTOS/Source/tasks.c.obj
 .bss.xYieldPending
                0x20002f88        0x4 CMakeFiles/foc.elf.dir/Middlewares/Third_Party/FreeRTOS/Source/tasks.c.obj
 .bss.pxCurrentTimerList
                0x20002f8c        0x4 CMakeFiles/foc.elf.dir/Middlewares/Third_Party/FreeRTOS/Source/timers.c.obj
 .bss.pxOverflowTimerList
                0x20002f90        0x4 CMakeFiles/foc.elf.dir/Middlewares/Third_Party/FreeRTOS/Source/timers.c.obj
 .bss.ucStaticTimerQueueStorage.6914
                0x20002f94       0xa0 CMakeFiles/foc.elf.dir/Middlewares/Third_Party/FreeRTOS/Source/timers.c.obj
 .bss.xActiveTimerList1
                0x20003034       0x14 CMakeFiles/foc.elf.dir/Middlewares/Third_Party/FreeRTOS/Source/timers.c.obj
 .bss.xActiveTimerList2
                0x20003048       0x14 CMakeFiles/foc.elf.dir/Middlewares/Third_Party/FreeRTOS/Source/timers.c.obj
 .bss.xLastTime.6863
                0x2000305c        0x4 CMakeFiles/foc.elf.dir/Middlewares/Third_Party/FreeRTOS/Source/timers.c.obj
 .bss.xStaticTimerQueue.6913
                0x20003060       0x50 CMakeFiles/foc.elf.dir/Middlewares/Third_Party/FreeRTOS/Source/timers.c.obj
 .bss.xTimerQueue
                0x200030b0        0x4 CMakeFiles/foc.elf.dir/Middlewares/Third_Party/FreeRTOS/Source/timers.c.obj
 .bss.xTimerTaskHandle
                0x200030b4        0x4 CMakeFiles/foc.elf.dir/Middlewares/Third_Party/FreeRTOS/Source/timers.c.obj
 .bss._ZN12_GLOBAL__N_114emergency_poolE
                0x200030b8       0x10 f:/tools/gcc-arm-none-eabi-7-2018-q2-update-win32/bin/../lib/gcc/arm-none-eabi/7.3.1/../../../../arm-none-eabi/lib/thumb/v7e-m/fpv4-sp/hard\libstdc++.a(eh_alloc.o)
 .bss.__malloc_current_mallinfo
                0x200030c8       0x28 f:/tools/gcc-arm-none-eabi-7-2018-q2-update-win32/bin/../lib/gcc/arm-none-eabi/7.3.1/../../../../arm-none-eabi/lib/thumb/v7e-m/fpv4-sp/hard\libg.a(lib_a-mallocr.o)
                0x200030c8                __malloc_current_mallinfo
 .bss.__malloc_max_sbrked_mem
                0x200030f0        0x4 f:/tools/gcc-arm-none-eabi-7-2018-q2-update-win32/bin/../lib/gcc/arm-none-eabi/7.3.1/../../../../arm-none-eabi/lib/thumb/v7e-m/fpv4-sp/hard\libg.a(lib_a-mallocr.o)
                0x200030f0                __malloc_max_sbrked_mem
 .bss.__malloc_max_total_mem
                0x200030f4        0x4 f:/tools/gcc-arm-none-eabi-7-2018-q2-update-win32/bin/../lib/gcc/arm-none-eabi/7.3.1/../../../../arm-none-eabi/lib/thumb/v7e-m/fpv4-sp/hard\libg.a(lib_a-mallocr.o)
                0x200030f4                __malloc_max_total_mem
 .bss.__malloc_top_pad
                0x200030f8        0x4 f:/tools/gcc-arm-none-eabi-7-2018-q2-update-win32/bin/../lib/gcc/arm-none-eabi/7.3.1/../../../../arm-none-eabi/lib/thumb/v7e-m/fpv4-sp/hard\libg.a(lib_a-mallocr.o)
                0x200030f8                __malloc_top_pad
 *(COMMON)
 COMMON         0x200030fc       0x21 f:/tools/gcc-arm-none-eabi-7-2018-q2-update-win32/bin/../lib/gcc/arm-none-eabi/7.3.1/../../../../arm-none-eabi/lib/thumb/v7e-m/fpv4-sp/hard\libg.a(lib_a-lock.o)
                0x200030fc                __lock___atexit_recursive_mutex
                0x20003100                __lock___arc4random_mutex
                0x20003104                __lock___env_recursive_mutex
                0x20003108                __lock___sinit_recursive_mutex
                0x2000310c                __lock___malloc_recursive_mutex
                0x20003110                __lock___at_quick_exit_mutex
                0x20003114                __lock___dd_hash_mutex
                0x20003118                __lock___tz_mutex
                0x2000311c                __lock___sfp_recursive_mutex
 *fill*         0x2000311d        0x3 
 COMMON         0x20003120        0x4 f:/tools/gcc-arm-none-eabi-7-2018-q2-update-win32/bin/../lib/gcc/arm-none-eabi/7.3.1/../../../../arm-none-eabi/lib/thumb/v7e-m/fpv4-sp/hard\libg.a(lib_a-reent.o)
                0x20003120                errno
                0x20003124                . = ALIGN (0x4)
                0x20003124                _ebss = .
                0x20003124                __bss_end__ = _ebss

._user_heap_stack
                0x20003124      0x604 load address 0x080054b8
                0x20003128                . = ALIGN (0x8)
 *fill*         0x20003124        0x4 
                [!provide]                PROVIDE (end = .)
                0x20003128                PROVIDE (_end = .)
                0x20003328                . = (. + _Min_Heap_Size)
 *fill*         0x20003128      0x200 
                0x20003728                . = (. + _Min_Stack_Size)
 *fill*         0x20003328      0x400 
                0x20003728                . = ALIGN (0x8)

/DISCARD/
 libc.a(*)
 libm.a(*)
 libgcc.a(*)

.ARM.attributes
                0x00000000       0x30
 *(.ARM.attributes)
 .ARM.attributes
                0x00000000       0x22 f:/tools/gcc-arm-none-eabi-7-2018-q2-update-win32/bin/../lib/gcc/arm-none-eabi/7.3.1/thumb/v7e-m/fpv4-sp/hard/crti.o
 .ARM.attributes
                0x00000022       0x34 f:/tools/gcc-arm-none-eabi-7-2018-q2-update-win32/bin/../lib/gcc/arm-none-eabi/7.3.1/thumb/v7e-m/fpv4-sp/hard/crtbegin.o
 .ARM.attributes
                0x00000056       0x39 CMakeFiles/foc.elf.dir/App/axis.cpp.obj
 .ARM.attributes
                0x0000008f       0x39 CMakeFiles/foc.elf.dir/App/board.cpp.obj
 .ARM.attributes
                0x000000c8       0x39 CMakeFiles/foc.elf.dir/Core/Src/app_freertos.c.obj
 .ARM.attributes
                0x00000101       0x39 CMakeFiles/foc.elf.dir/Core/Src/dma.c.obj
 .ARM.attributes
                0x0000013a       0x39 CMakeFiles/foc.elf.dir/Core/Src/gpio.c.obj
 .ARM.attributes
                0x00000173       0x39 CMakeFiles/foc.elf.dir/Core/Src/main.c.obj
 .ARM.attributes
                0x000001ac       0x39 CMakeFiles/foc.elf.dir/Core/Src/spi.c.obj
 .ARM.attributes
                0x000001e5       0x39 CMakeFiles/foc.elf.dir/Core/Src/stm32g4xx_hal_msp.c.obj
 .ARM.attributes
                0x0000021e       0x39 CMakeFiles/foc.elf.dir/Core/Src/stm32g4xx_hal_timebase_tim.c.obj
 .ARM.attributes
                0x00000257       0x39 CMakeFiles/foc.elf.dir/Core/Src/stm32g4xx_it.c.obj
 .ARM.attributes
                0x00000290       0x39 CMakeFiles/foc.elf.dir/Core/Src/sysmem.c.obj
 .ARM.attributes
                0x000002c9       0x39 CMakeFiles/foc.elf.dir/Core/Src/system_stm32g4xx.c.obj
 .ARM.attributes
                0x00000302       0x39 CMakeFiles/foc.elf.dir/Core/Src/tim.c.obj
 .ARM.attributes
                0x0000033b       0x21 CMakeFiles/foc.elf.dir/Core/Startup/startup_stm32g431cbtx.s.obj
 .ARM.attributes
                0x0000035c       0x39 CMakeFiles/foc.elf.dir/Ctrl/rgb.cpp.obj
 .ARM.attributes
                0x00000395       0x39 CMakeFiles/foc.elf.dir/Drivers/STM32G4xx_HAL_Driver/Src/stm32g4xx_hal.c.obj
 .ARM.attributes
                0x000003ce       0x39 CMakeFiles/foc.elf.dir/Drivers/STM32G4xx_HAL_Driver/Src/stm32g4xx_hal_cortex.c.obj
 .ARM.attributes
                0x00000407       0x39 CMakeFiles/foc.elf.dir/Drivers/STM32G4xx_HAL_Driver/Src/stm32g4xx_hal_dma.c.obj
 .ARM.attributes
                0x00000440       0x39 CMakeFiles/foc.elf.dir/Drivers/STM32G4xx_HAL_Driver/Src/stm32g4xx_hal_gpio.c.obj
 .ARM.attributes
                0x00000479       0x39 CMakeFiles/foc.elf.dir/Drivers/STM32G4xx_HAL_Driver/Src/stm32g4xx_hal_pwr_ex.c.obj
 .ARM.attributes
                0x000004b2       0x39 CMakeFiles/foc.elf.dir/Drivers/STM32G4xx_HAL_Driver/Src/stm32g4xx_hal_rcc.c.obj
 .ARM.attributes
                0x000004eb       0x39 CMakeFiles/foc.elf.dir/Drivers/STM32G4xx_HAL_Driver/Src/stm32g4xx_hal_spi.c.obj
 .ARM.attributes
                0x00000524       0x39 CMakeFiles/foc.elf.dir/Drivers/STM32G4xx_HAL_Driver/Src/stm32g4xx_hal_tim.c.obj
 .ARM.attributes
                0x0000055d       0x39 CMakeFiles/foc.elf.dir/Drivers/STM32G4xx_HAL_Driver/Src/stm32g4xx_hal_tim_ex.c.obj
 .ARM.attributes
                0x00000596       0x39 CMakeFiles/foc.elf.dir/Middlewares/Third_Party/FreeRTOS/Source/CMSIS_RTOS_V2/cmsis_os2.c.obj
 .ARM.attributes
                0x000005cf       0x39 CMakeFiles/foc.elf.dir/Middlewares/Third_Party/FreeRTOS/Source/list.c.obj
 .ARM.attributes
                0x00000608       0x39 CMakeFiles/foc.elf.dir/Middlewares/Third_Party/FreeRTOS/Source/portable/GCC/ARM_CM4F/port.c.obj
 .ARM.attributes
                0x00000641       0x39 CMakeFiles/foc.elf.dir/Middlewares/Third_Party/FreeRTOS/Source/portable/MemMang/heap_4.c.obj
 .ARM.attributes
                0x0000067a       0x39 CMakeFiles/foc.elf.dir/Middlewares/Third_Party/FreeRTOS/Source/queue.c.obj
 .ARM.attributes
                0x000006b3       0x39 CMakeFiles/foc.elf.dir/Middlewares/Third_Party/FreeRTOS/Source/tasks.c.obj
 .ARM.attributes
                0x000006ec       0x39 CMakeFiles/foc.elf.dir/Middlewares/Third_Party/FreeRTOS/Source/timers.c.obj
 .ARM.attributes
                0x00000725       0x34 f:/tools/gcc-arm-none-eabi-7-2018-q2-update-win32/bin/../lib/gcc/arm-none-eabi/7.3.1/../../../../arm-none-eabi/lib/thumb/v7e-m/fpv4-sp/hard\libstdc++.a(eh_alloc.o)
 .ARM.attributes
                0x00000759       0x34 f:/tools/gcc-arm-none-eabi-7-2018-q2-update-win32/bin/../lib/gcc/arm-none-eabi/7.3.1/../../../../arm-none-eabi/lib/thumb/v7e-m/fpv4-sp/hard\libg.a(lib_a-errno.o)
 .ARM.attributes
                0x0000078d       0x34 f:/tools/gcc-arm-none-eabi-7-2018-q2-update-win32/bin/../lib/gcc/arm-none-eabi/7.3.1/../../../../arm-none-eabi/lib/thumb/v7e-m/fpv4-sp/hard\libg.a(lib_a-impure.o)
 .ARM.attributes
                0x000007c1       0x34 f:/tools/gcc-arm-none-eabi-7-2018-q2-update-win32/bin/../lib/gcc/arm-none-eabi/7.3.1/../../../../arm-none-eabi/lib/thumb/v7e-m/fpv4-sp/hard\libg.a(lib_a-init.o)
 .ARM.attributes
                0x000007f5       0x34 f:/tools/gcc-arm-none-eabi-7-2018-q2-update-win32/bin/../lib/gcc/arm-none-eabi/7.3.1/../../../../arm-none-eabi/lib/thumb/v7e-m/fpv4-sp/hard\libg.a(lib_a-lock.o)
 .ARM.attributes
                0x00000829       0x34 f:/tools/gcc-arm-none-eabi-7-2018-q2-update-win32/bin/../lib/gcc/arm-none-eabi/7.3.1/../../../../arm-none-eabi/lib/thumb/v7e-m/fpv4-sp/hard\libg.a(lib_a-malloc.o)
 .ARM.attributes
                0x0000085d       0x34 f:/tools/gcc-arm-none-eabi-7-2018-q2-update-win32/bin/../lib/gcc/arm-none-eabi/7.3.1/../../../../arm-none-eabi/lib/thumb/v7e-m/fpv4-sp/hard\libg.a(lib_a-mallocr.o)
 .ARM.attributes
                0x00000891       0x20 f:/tools/gcc-arm-none-eabi-7-2018-q2-update-win32/bin/../lib/gcc/arm-none-eabi/7.3.1/../../../../arm-none-eabi/lib/thumb/v7e-m/fpv4-sp/hard\libg.a(lib_a-memcpy.o)
 .ARM.attributes
                0x000008b1       0x34 f:/tools/gcc-arm-none-eabi-7-2018-q2-update-win32/bin/../lib/gcc/arm-none-eabi/7.3.1/../../../../arm-none-eabi/lib/thumb/v7e-m/fpv4-sp/hard\libg.a(lib_a-memset.o)
 .ARM.attributes
                0x000008e5       0x34 f:/tools/gcc-arm-none-eabi-7-2018-q2-update-win32/bin/../lib/gcc/arm-none-eabi/7.3.1/../../../../arm-none-eabi/lib/thumb/v7e-m/fpv4-sp/hard\libg.a(lib_a-mlock.o)
 .ARM.attributes
                0x00000919       0x34 f:/tools/gcc-arm-none-eabi-7-2018-q2-update-win32/bin/../lib/gcc/arm-none-eabi/7.3.1/../../../../arm-none-eabi/lib/thumb/v7e-m/fpv4-sp/hard\libg.a(lib_a-reent.o)
 .ARM.attributes
                0x0000094d       0x34 f:/tools/gcc-arm-none-eabi-7-2018-q2-update-win32/bin/../lib/gcc/arm-none-eabi/7.3.1/../../../../arm-none-eabi/lib/thumb/v7e-m/fpv4-sp/hard\libg.a(lib_a-sbrkr.o)
 .ARM.attributes
                0x00000981       0x34 f:/tools/gcc-arm-none-eabi-7-2018-q2-update-win32/bin/../lib/gcc/arm-none-eabi/7.3.1/../../../../arm-none-eabi/lib/thumb/v7e-m/fpv4-sp/hard\libg.a(lib_a-__call_atexit.o)
 .ARM.attributes
                0x000009b5       0x34 f:/tools/gcc-arm-none-eabi-7-2018-q2-update-win32/bin/../lib/gcc/arm-none-eabi/7.3.1/../../../../arm-none-eabi/lib/thumb/v7e-m/fpv4-sp/hard\libg.a(lib_a-atexit.o)
 .ARM.attributes
                0x000009e9       0x34 f:/tools/gcc-arm-none-eabi-7-2018-q2-update-win32/bin/../lib/gcc/arm-none-eabi/7.3.1/../../../../arm-none-eabi/lib/thumb/v7e-m/fpv4-sp/hard\libg.a(lib_a-fini.o)
 .ARM.attributes
                0x00000a1d       0x34 f:/tools/gcc-arm-none-eabi-7-2018-q2-update-win32/bin/../lib/gcc/arm-none-eabi/7.3.1/../../../../arm-none-eabi/lib/thumb/v7e-m/fpv4-sp/hard\libg.a(lib_a-freer.o)
 .ARM.attributes
                0x00000a51       0x34 f:/tools/gcc-arm-none-eabi-7-2018-q2-update-win32/bin/../lib/gcc/arm-none-eabi/7.3.1/../../../../arm-none-eabi/lib/thumb/v7e-m/fpv4-sp/hard\libg.a(lib_a-__atexit.o)
 .ARM.attributes
                0x00000a85       0x22 f:/tools/gcc-arm-none-eabi-7-2018-q2-update-win32/bin/../lib/gcc/arm-none-eabi/7.3.1/thumb/v7e-m/fpv4-sp/hard/crtn.o
OUTPUT(foc.elf elf32-littlearm)

.debug_info     0x00000000    0x34091
 .debug_info    0x00000000     0x5708 CMakeFiles/foc.elf.dir/App/axis.cpp.obj
 .debug_info    0x00005708     0x54c6 CMakeFiles/foc.elf.dir/App/board.cpp.obj
 .debug_info    0x0000abce      0xd12 CMakeFiles/foc.elf.dir/Core/Src/app_freertos.c.obj
 .debug_info    0x0000b8e0      0x6ed CMakeFiles/foc.elf.dir/Core/Src/dma.c.obj
 .debug_info    0x0000bfcd      0x6c0 CMakeFiles/foc.elf.dir/Core/Src/gpio.c.obj
 .debug_info    0x0000c68d     0x175d CMakeFiles/foc.elf.dir/Core/Src/main.c.obj
 .debug_info    0x0000ddea      0xc75 CMakeFiles/foc.elf.dir/Core/Src/spi.c.obj
 .debug_info    0x0000ea5f      0x6e8 CMakeFiles/foc.elf.dir/Core/Src/stm32g4xx_hal_msp.c.obj
 .debug_info    0x0000f147      0xf1b CMakeFiles/foc.elf.dir/Core/Src/stm32g4xx_hal_timebase_tim.c.obj
 .debug_info    0x00010062      0x9e0 CMakeFiles/foc.elf.dir/Core/Src/stm32g4xx_it.c.obj
 .debug_info    0x00010a42      0x9a1 CMakeFiles/foc.elf.dir/Core/Src/sysmem.c.obj
 .debug_info    0x000113e3      0x6b0 CMakeFiles/foc.elf.dir/Core/Src/system_stm32g4xx.c.obj
 .debug_info    0x00011a93     0x1235 CMakeFiles/foc.elf.dir/Core/Src/tim.c.obj
 .debug_info    0x00012cc8       0x22 CMakeFiles/foc.elf.dir/Core/Startup/startup_stm32g431cbtx.s.obj
 .debug_info    0x00012cea     0x547f CMakeFiles/foc.elf.dir/Ctrl/rgb.cpp.obj
 .debug_info    0x00018169      0xc68 CMakeFiles/foc.elf.dir/Drivers/STM32G4xx_HAL_Driver/Src/stm32g4xx_hal.c.obj
 .debug_info    0x00018dd1     0x1017 CMakeFiles/foc.elf.dir/Drivers/STM32G4xx_HAL_Driver/Src/stm32g4xx_hal_cortex.c.obj
 .debug_info    0x00019de8      0xae5 CMakeFiles/foc.elf.dir/Drivers/STM32G4xx_HAL_Driver/Src/stm32g4xx_hal_dma.c.obj
 .debug_info    0x0001a8cd      0x97c CMakeFiles/foc.elf.dir/Drivers/STM32G4xx_HAL_Driver/Src/stm32g4xx_hal_gpio.c.obj
 .debug_info    0x0001b249      0xae6 CMakeFiles/foc.elf.dir/Drivers/STM32G4xx_HAL_Driver/Src/stm32g4xx_hal_pwr_ex.c.obj
 .debug_info    0x0001bd2f      0xeba CMakeFiles/foc.elf.dir/Drivers/STM32G4xx_HAL_Driver/Src/stm32g4xx_hal_rcc.c.obj
 .debug_info    0x0001cbe9     0x20db CMakeFiles/foc.elf.dir/Drivers/STM32G4xx_HAL_Driver/Src/stm32g4xx_hal_spi.c.obj
 .debug_info    0x0001ecc4     0x3af9 CMakeFiles/foc.elf.dir/Drivers/STM32G4xx_HAL_Driver/Src/stm32g4xx_hal_tim.c.obj
 .debug_info    0x000227bd     0x2227 CMakeFiles/foc.elf.dir/Drivers/STM32G4xx_HAL_Driver/Src/stm32g4xx_hal_tim_ex.c.obj
 .debug_info    0x000249e4     0x4cbe CMakeFiles/foc.elf.dir/Middlewares/Third_Party/FreeRTOS/Source/CMSIS_RTOS_V2/cmsis_os2.c.obj
 .debug_info    0x000296a2      0xad4 CMakeFiles/foc.elf.dir/Middlewares/Third_Party/FreeRTOS/Source/list.c.obj
 .debug_info    0x0002a176      0xd84 CMakeFiles/foc.elf.dir/Middlewares/Third_Party/FreeRTOS/Source/portable/GCC/ARM_CM4F/port.c.obj
 .debug_info    0x0002aefa      0xdad CMakeFiles/foc.elf.dir/Middlewares/Third_Party/FreeRTOS/Source/portable/MemMang/heap_4.c.obj
 .debug_info    0x0002bca7     0x2d35 CMakeFiles/foc.elf.dir/Middlewares/Third_Party/FreeRTOS/Source/queue.c.obj
 .debug_info    0x0002e9dc     0x35f1 CMakeFiles/foc.elf.dir/Middlewares/Third_Party/FreeRTOS/Source/tasks.c.obj
 .debug_info    0x00031fcd     0x20c4 CMakeFiles/foc.elf.dir/Middlewares/Third_Party/FreeRTOS/Source/timers.c.obj

.debug_abbrev   0x00000000     0x51cd
 .debug_abbrev  0x00000000      0x5e5 CMakeFiles/foc.elf.dir/App/axis.cpp.obj
 .debug_abbrev  0x000005e5      0x570 CMakeFiles/foc.elf.dir/App/board.cpp.obj
 .debug_abbrev  0x00000b55      0x224 CMakeFiles/foc.elf.dir/Core/Src/app_freertos.c.obj
 .debug_abbrev  0x00000d79      0x159 CMakeFiles/foc.elf.dir/Core/Src/dma.c.obj
 .debug_abbrev  0x00000ed2      0x15f CMakeFiles/foc.elf.dir/Core/Src/gpio.c.obj
 .debug_abbrev  0x00001031      0x2b7 CMakeFiles/foc.elf.dir/Core/Src/main.c.obj
 .debug_abbrev  0x000012e8      0x1c6 CMakeFiles/foc.elf.dir/Core/Src/spi.c.obj
 .debug_abbrev  0x000014ae      0x159 CMakeFiles/foc.elf.dir/Core/Src/stm32g4xx_hal_msp.c.obj
 .debug_abbrev  0x00001607      0x218 CMakeFiles/foc.elf.dir/Core/Src/stm32g4xx_hal_timebase_tim.c.obj
 .debug_abbrev  0x0000181f      0x1a0 CMakeFiles/foc.elf.dir/Core/Src/stm32g4xx_it.c.obj
 .debug_abbrev  0x000019bf      0x206 CMakeFiles/foc.elf.dir/Core/Src/sysmem.c.obj
 .debug_abbrev  0x00001bc5      0x144 CMakeFiles/foc.elf.dir/Core/Src/system_stm32g4xx.c.obj
 .debug_abbrev  0x00001d09      0x24f CMakeFiles/foc.elf.dir/Core/Src/tim.c.obj
 .debug_abbrev  0x00001f58       0x12 CMakeFiles/foc.elf.dir/Core/Startup/startup_stm32g431cbtx.s.obj
 .debug_abbrev  0x00001f6a      0x57a CMakeFiles/foc.elf.dir/Ctrl/rgb.cpp.obj
 .debug_abbrev  0x000024e4      0x215 CMakeFiles/foc.elf.dir/Drivers/STM32G4xx_HAL_Driver/Src/stm32g4xx_hal.c.obj
 .debug_abbrev  0x000026f9      0x31a CMakeFiles/foc.elf.dir/Drivers/STM32G4xx_HAL_Driver/Src/stm32g4xx_hal_cortex.c.obj
 .debug_abbrev  0x00002a13      0x22e CMakeFiles/foc.elf.dir/Drivers/STM32G4xx_HAL_Driver/Src/stm32g4xx_hal_dma.c.obj
 .debug_abbrev  0x00002c41      0x1db CMakeFiles/foc.elf.dir/Drivers/STM32G4xx_HAL_Driver/Src/stm32g4xx_hal_gpio.c.obj
 .debug_abbrev  0x00002e1c      0x20d CMakeFiles/foc.elf.dir/Drivers/STM32G4xx_HAL_Driver/Src/stm32g4xx_hal_pwr_ex.c.obj
 .debug_abbrev  0x00003029      0x238 CMakeFiles/foc.elf.dir/Drivers/STM32G4xx_HAL_Driver/Src/stm32g4xx_hal_rcc.c.obj
 .debug_abbrev  0x00003261      0x235 CMakeFiles/foc.elf.dir/Drivers/STM32G4xx_HAL_Driver/Src/stm32g4xx_hal_spi.c.obj
 .debug_abbrev  0x00003496      0x25d CMakeFiles/foc.elf.dir/Drivers/STM32G4xx_HAL_Driver/Src/stm32g4xx_hal_tim.c.obj
 .debug_abbrev  0x000036f3      0x27d CMakeFiles/foc.elf.dir/Drivers/STM32G4xx_HAL_Driver/Src/stm32g4xx_hal_tim_ex.c.obj
 .debug_abbrev  0x00003970      0x50a CMakeFiles/foc.elf.dir/Middlewares/Third_Party/FreeRTOS/Source/CMSIS_RTOS_V2/cmsis_os2.c.obj
 .debug_abbrev  0x00003e7a      0x220 CMakeFiles/foc.elf.dir/Middlewares/Third_Party/FreeRTOS/Source/list.c.obj
 .debug_abbrev  0x0000409a      0x35a CMakeFiles/foc.elf.dir/Middlewares/Third_Party/FreeRTOS/Source/portable/GCC/ARM_CM4F/port.c.obj
 .debug_abbrev  0x000043f4      0x326 CMakeFiles/foc.elf.dir/Middlewares/Third_Party/FreeRTOS/Source/portable/MemMang/heap_4.c.obj
 .debug_abbrev  0x0000471a      0x3ab CMakeFiles/foc.elf.dir/Middlewares/Third_Party/FreeRTOS/Source/queue.c.obj
 .debug_abbrev  0x00004ac5      0x3b8 CMakeFiles/foc.elf.dir/Middlewares/Third_Party/FreeRTOS/Source/tasks.c.obj
 .debug_abbrev  0x00004e7d      0x350 CMakeFiles/foc.elf.dir/Middlewares/Third_Party/FreeRTOS/Source/timers.c.obj

.debug_loc      0x00000000    0x13eff
 .debug_loc     0x00000000       0xa5 CMakeFiles/foc.elf.dir/App/axis.cpp.obj
 .debug_loc     0x000000a5       0x72 CMakeFiles/foc.elf.dir/App/board.cpp.obj
 .debug_loc     0x00000117       0x21 CMakeFiles/foc.elf.dir/Core/Src/app_freertos.c.obj
 .debug_loc     0x00000138       0x3a CMakeFiles/foc.elf.dir/Core/Src/main.c.obj
 .debug_loc     0x00000172       0x74 CMakeFiles/foc.elf.dir/Core/Src/spi.c.obj
 .debug_loc     0x000001e6       0x9f CMakeFiles/foc.elf.dir/Core/Src/stm32g4xx_hal_timebase_tim.c.obj
 .debug_loc     0x00000285       0x58 CMakeFiles/foc.elf.dir/Core/Src/sysmem.c.obj
 .debug_loc     0x000002dd       0x80 CMakeFiles/foc.elf.dir/Core/Src/system_stm32g4xx.c.obj
 .debug_loc     0x0000035d       0xc4 CMakeFiles/foc.elf.dir/Core/Src/tim.c.obj
 .debug_loc     0x00000421      0x112 CMakeFiles/foc.elf.dir/Ctrl/rgb.cpp.obj
 .debug_loc     0x00000533      0x22c CMakeFiles/foc.elf.dir/Drivers/STM32G4xx_HAL_Driver/Src/stm32g4xx_hal.c.obj
 .debug_loc     0x0000075f      0x5ba CMakeFiles/foc.elf.dir/Drivers/STM32G4xx_HAL_Driver/Src/stm32g4xx_hal_cortex.c.obj
 .debug_loc     0x00000d19      0x817 CMakeFiles/foc.elf.dir/Drivers/STM32G4xx_HAL_Driver/Src/stm32g4xx_hal_dma.c.obj
 .debug_loc     0x00001530      0x2b1 CMakeFiles/foc.elf.dir/Drivers/STM32G4xx_HAL_Driver/Src/stm32g4xx_hal_gpio.c.obj
 .debug_loc     0x000017e1      0x8bc CMakeFiles/foc.elf.dir/Drivers/STM32G4xx_HAL_Driver/Src/stm32g4xx_hal_pwr_ex.c.obj
 .debug_loc     0x0000209d      0x6e6 CMakeFiles/foc.elf.dir/Drivers/STM32G4xx_HAL_Driver/Src/stm32g4xx_hal_rcc.c.obj
 .debug_loc     0x00002783     0x1b65 CMakeFiles/foc.elf.dir/Drivers/STM32G4xx_HAL_Driver/Src/stm32g4xx_hal_spi.c.obj
 .debug_loc     0x000042e8     0x4e85 CMakeFiles/foc.elf.dir/Drivers/STM32G4xx_HAL_Driver/Src/stm32g4xx_hal_tim.c.obj
 .debug_loc     0x0000916d     0x277a CMakeFiles/foc.elf.dir/Drivers/STM32G4xx_HAL_Driver/Src/stm32g4xx_hal_tim_ex.c.obj
 .debug_loc     0x0000b8e7     0x40f5 CMakeFiles/foc.elf.dir/Middlewares/Third_Party/FreeRTOS/Source/CMSIS_RTOS_V2/cmsis_os2.c.obj
 .debug_loc     0x0000f9dc       0x70 CMakeFiles/foc.elf.dir/Middlewares/Third_Party/FreeRTOS/Source/list.c.obj
 .debug_loc     0x0000fa4c       0xdc CMakeFiles/foc.elf.dir/Middlewares/Third_Party/FreeRTOS/Source/portable/GCC/ARM_CM4F/port.c.obj
 .debug_loc     0x0000fb28      0x383 CMakeFiles/foc.elf.dir/Middlewares/Third_Party/FreeRTOS/Source/portable/MemMang/heap_4.c.obj
 .debug_loc     0x0000feab     0x14de CMakeFiles/foc.elf.dir/Middlewares/Third_Party/FreeRTOS/Source/queue.c.obj
 .debug_loc     0x00011389     0x1e6f CMakeFiles/foc.elf.dir/Middlewares/Third_Party/FreeRTOS/Source/tasks.c.obj
 .debug_loc     0x000131f8      0xd07 CMakeFiles/foc.elf.dir/Middlewares/Third_Party/FreeRTOS/Source/timers.c.obj

.debug_aranges  0x00000000     0x1750
 .debug_aranges
                0x00000000       0x38 CMakeFiles/foc.elf.dir/App/axis.cpp.obj
 .debug_aranges
                0x00000038       0x28 CMakeFiles/foc.elf.dir/App/board.cpp.obj
 .debug_aranges
                0x00000060       0x28 CMakeFiles/foc.elf.dir/Core/Src/app_freertos.c.obj
 .debug_aranges
                0x00000088       0x20 CMakeFiles/foc.elf.dir/Core/Src/dma.c.obj
 .debug_aranges
                0x000000a8       0x20 CMakeFiles/foc.elf.dir/Core/Src/gpio.c.obj
 .debug_aranges
                0x000000c8       0x38 CMakeFiles/foc.elf.dir/Core/Src/main.c.obj
 .debug_aranges
                0x00000100       0x30 CMakeFiles/foc.elf.dir/Core/Src/spi.c.obj
 .debug_aranges
                0x00000130       0x20 CMakeFiles/foc.elf.dir/Core/Src/stm32g4xx_hal_msp.c.obj
 .debug_aranges
                0x00000150       0x30 CMakeFiles/foc.elf.dir/Core/Src/stm32g4xx_hal_timebase_tim.c.obj
 .debug_aranges
                0x00000180       0x58 CMakeFiles/foc.elf.dir/Core/Src/stm32g4xx_it.c.obj
 .debug_aranges
                0x000001d8       0x20 CMakeFiles/foc.elf.dir/Core/Src/sysmem.c.obj
 .debug_aranges
                0x000001f8       0x28 CMakeFiles/foc.elf.dir/Core/Src/system_stm32g4xx.c.obj
 .debug_aranges
                0x00000220       0x40 CMakeFiles/foc.elf.dir/Core/Src/tim.c.obj
 .debug_aranges
                0x00000260       0x28 CMakeFiles/foc.elf.dir/Core/Startup/startup_stm32g431cbtx.s.obj
 .debug_aranges
                0x00000288       0x30 CMakeFiles/foc.elf.dir/Ctrl/rgb.cpp.obj
 .debug_aranges
                0x000002b8      0x130 CMakeFiles/foc.elf.dir/Drivers/STM32G4xx_HAL_Driver/Src/stm32g4xx_hal.c.obj
 .debug_aranges
                0x000003e8       0xa8 CMakeFiles/foc.elf.dir/Drivers/STM32G4xx_HAL_Driver/Src/stm32g4xx_hal_cortex.c.obj
 .debug_aranges
                0x00000490       0x90 CMakeFiles/foc.elf.dir/Drivers/STM32G4xx_HAL_Driver/Src/stm32g4xx_hal_dma.c.obj
 .debug_aranges
                0x00000520       0x58 CMakeFiles/foc.elf.dir/Drivers/STM32G4xx_HAL_Driver/Src/stm32g4xx_hal_gpio.c.obj
 .debug_aranges
                0x00000578      0x140 CMakeFiles/foc.elf.dir/Drivers/STM32G4xx_HAL_Driver/Src/stm32g4xx_hal_pwr_ex.c.obj
 .debug_aranges
                0x000006b8       0x98 CMakeFiles/foc.elf.dir/Drivers/STM32G4xx_HAL_Driver/Src/stm32g4xx_hal_rcc.c.obj
 .debug_aranges
                0x00000750      0x1d8 CMakeFiles/foc.elf.dir/Drivers/STM32G4xx_HAL_Driver/Src/stm32g4xx_hal_spi.c.obj
 .debug_aranges
                0x00000928      0x3e0 CMakeFiles/foc.elf.dir/Drivers/STM32G4xx_HAL_Driver/Src/stm32g4xx_hal_tim.c.obj
 .debug_aranges
                0x00000d08      0x240 CMakeFiles/foc.elf.dir/Drivers/STM32G4xx_HAL_Driver/Src/stm32g4xx_hal_tim_ex.c.obj
 .debug_aranges
                0x00000f48      0x2a0 CMakeFiles/foc.elf.dir/Middlewares/Third_Party/FreeRTOS/Source/CMSIS_RTOS_V2/cmsis_os2.c.obj
 .debug_aranges
                0x000011e8       0x40 CMakeFiles/foc.elf.dir/Middlewares/Third_Party/FreeRTOS/Source/list.c.obj
 .debug_aranges
                0x00001228       0x80 CMakeFiles/foc.elf.dir/Middlewares/Third_Party/FreeRTOS/Source/portable/GCC/ARM_CM4F/port.c.obj
 .debug_aranges
                0x000012a8       0x58 CMakeFiles/foc.elf.dir/Middlewares/Third_Party/FreeRTOS/Source/portable/MemMang/heap_4.c.obj
 .debug_aranges
                0x00001300      0x158 CMakeFiles/foc.elf.dir/Middlewares/Third_Party/FreeRTOS/Source/queue.c.obj
 .debug_aranges
                0x00001458      0x208 CMakeFiles/foc.elf.dir/Middlewares/Third_Party/FreeRTOS/Source/tasks.c.obj
 .debug_aranges
                0x00001660       0xf0 CMakeFiles/foc.elf.dir/Middlewares/Third_Party/FreeRTOS/Source/timers.c.obj

.debug_ranges   0x00000000     0x17c8
 .debug_ranges  0x00000000       0x28 CMakeFiles/foc.elf.dir/App/axis.cpp.obj
 .debug_ranges  0x00000028       0x18 CMakeFiles/foc.elf.dir/App/board.cpp.obj
 .debug_ranges  0x00000040       0x18 CMakeFiles/foc.elf.dir/Core/Src/app_freertos.c.obj
 .debug_ranges  0x00000058       0x10 CMakeFiles/foc.elf.dir/Core/Src/dma.c.obj
 .debug_ranges  0x00000068       0x10 CMakeFiles/foc.elf.dir/Core/Src/gpio.c.obj
 .debug_ranges  0x00000078       0x28 CMakeFiles/foc.elf.dir/Core/Src/main.c.obj
 .debug_ranges  0x000000a0       0x20 CMakeFiles/foc.elf.dir/Core/Src/spi.c.obj
 .debug_ranges  0x000000c0       0x10 CMakeFiles/foc.elf.dir/Core/Src/stm32g4xx_hal_msp.c.obj
 .debug_ranges  0x000000d0       0x20 CMakeFiles/foc.elf.dir/Core/Src/stm32g4xx_hal_timebase_tim.c.obj
 .debug_ranges  0x000000f0       0x48 CMakeFiles/foc.elf.dir/Core/Src/stm32g4xx_it.c.obj
 .debug_ranges  0x00000138       0x10 CMakeFiles/foc.elf.dir/Core/Src/sysmem.c.obj
 .debug_ranges  0x00000148       0x18 CMakeFiles/foc.elf.dir/Core/Src/system_stm32g4xx.c.obj
 .debug_ranges  0x00000160       0x30 CMakeFiles/foc.elf.dir/Core/Src/tim.c.obj
 .debug_ranges  0x00000190       0x20 CMakeFiles/foc.elf.dir/Core/Startup/startup_stm32g431cbtx.s.obj
 .debug_ranges  0x000001b0       0x20 CMakeFiles/foc.elf.dir/Ctrl/rgb.cpp.obj
 .debug_ranges  0x000001d0      0x120 CMakeFiles/foc.elf.dir/Drivers/STM32G4xx_HAL_Driver/Src/stm32g4xx_hal.c.obj
 .debug_ranges  0x000002f0       0xf8 CMakeFiles/foc.elf.dir/Drivers/STM32G4xx_HAL_Driver/Src/stm32g4xx_hal_cortex.c.obj
 .debug_ranges  0x000003e8       0x80 CMakeFiles/foc.elf.dir/Drivers/STM32G4xx_HAL_Driver/Src/stm32g4xx_hal_dma.c.obj
 .debug_ranges  0x00000468       0x48 CMakeFiles/foc.elf.dir/Drivers/STM32G4xx_HAL_Driver/Src/stm32g4xx_hal_gpio.c.obj
 .debug_ranges  0x000004b0      0x130 CMakeFiles/foc.elf.dir/Drivers/STM32G4xx_HAL_Driver/Src/stm32g4xx_hal_pwr_ex.c.obj
 .debug_ranges  0x000005e0       0xa0 CMakeFiles/foc.elf.dir/Drivers/STM32G4xx_HAL_Driver/Src/stm32g4xx_hal_rcc.c.obj
 .debug_ranges  0x00000680      0x1c8 CMakeFiles/foc.elf.dir/Drivers/STM32G4xx_HAL_Driver/Src/stm32g4xx_hal_spi.c.obj
 .debug_ranges  0x00000848      0x3d0 CMakeFiles/foc.elf.dir/Drivers/STM32G4xx_HAL_Driver/Src/stm32g4xx_hal_tim.c.obj
 .debug_ranges  0x00000c18      0x230 CMakeFiles/foc.elf.dir/Drivers/STM32G4xx_HAL_Driver/Src/stm32g4xx_hal_tim_ex.c.obj
 .debug_ranges  0x00000e48      0x290 CMakeFiles/foc.elf.dir/Middlewares/Third_Party/FreeRTOS/Source/CMSIS_RTOS_V2/cmsis_os2.c.obj
 .debug_ranges  0x000010d8       0x30 CMakeFiles/foc.elf.dir/Middlewares/Third_Party/FreeRTOS/Source/list.c.obj
 .debug_ranges  0x00001108       0x70 CMakeFiles/foc.elf.dir/Middlewares/Third_Party/FreeRTOS/Source/portable/GCC/ARM_CM4F/port.c.obj
 .debug_ranges  0x00001178       0x48 CMakeFiles/foc.elf.dir/Middlewares/Third_Party/FreeRTOS/Source/portable/MemMang/heap_4.c.obj
 .debug_ranges  0x000011c0      0x228 CMakeFiles/foc.elf.dir/Middlewares/Third_Party/FreeRTOS/Source/queue.c.obj
 .debug_ranges  0x000013e8      0x300 CMakeFiles/foc.elf.dir/Middlewares/Third_Party/FreeRTOS/Source/tasks.c.obj
 .debug_ranges  0x000016e8       0xe0 CMakeFiles/foc.elf.dir/Middlewares/Third_Party/FreeRTOS/Source/timers.c.obj

.debug_line     0x00000000     0xe409
 .debug_line    0x00000000      0x769 CMakeFiles/foc.elf.dir/App/axis.cpp.obj
 .debug_line    0x00000769      0x6f8 CMakeFiles/foc.elf.dir/App/board.cpp.obj
 .debug_line    0x00000e61      0x3c3 CMakeFiles/foc.elf.dir/Core/Src/app_freertos.c.obj
 .debug_line    0x00001224      0x297 CMakeFiles/foc.elf.dir/Core/Src/dma.c.obj
 .debug_line    0x000014bb      0x2a3 CMakeFiles/foc.elf.dir/Core/Src/gpio.c.obj
 .debug_line    0x0000175e      0x4b2 CMakeFiles/foc.elf.dir/Core/Src/main.c.obj
 .debug_line    0x00001c10      0x350 CMakeFiles/foc.elf.dir/Core/Src/spi.c.obj
 .debug_line    0x00001f60      0x2bf CMakeFiles/foc.elf.dir/Core/Src/stm32g4xx_hal_msp.c.obj
 .debug_line    0x0000221f      0x32b CMakeFiles/foc.elf.dir/Core/Src/stm32g4xx_hal_timebase_tim.c.obj
 .debug_line    0x0000254a      0x325 CMakeFiles/foc.elf.dir/Core/Src/stm32g4xx_it.c.obj
 .debug_line    0x0000286f      0x1bf CMakeFiles/foc.elf.dir/Core/Src/sysmem.c.obj
 .debug_line    0x00002a2e      0x2af CMakeFiles/foc.elf.dir/Core/Src/system_stm32g4xx.c.obj
 .debug_line    0x00002cdd      0x409 CMakeFiles/foc.elf.dir/Core/Src/tim.c.obj
 .debug_line    0x000030e6       0xaf CMakeFiles/foc.elf.dir/Core/Startup/startup_stm32g431cbtx.s.obj
 .debug_line    0x00003195      0x707 CMakeFiles/foc.elf.dir/Ctrl/rgb.cpp.obj
 .debug_line    0x0000389c      0x554 CMakeFiles/foc.elf.dir/Drivers/STM32G4xx_HAL_Driver/Src/stm32g4xx_hal.c.obj
 .debug_line    0x00003df0      0x50d CMakeFiles/foc.elf.dir/Drivers/STM32G4xx_HAL_Driver/Src/stm32g4xx_hal_cortex.c.obj
 .debug_line    0x000042fd      0x567 CMakeFiles/foc.elf.dir/Drivers/STM32G4xx_HAL_Driver/Src/stm32g4xx_hal_dma.c.obj
 .debug_line    0x00004864      0x40b CMakeFiles/foc.elf.dir/Drivers/STM32G4xx_HAL_Driver/Src/stm32g4xx_hal_gpio.c.obj
 .debug_line    0x00004c6f      0x709 CMakeFiles/foc.elf.dir/Drivers/STM32G4xx_HAL_Driver/Src/stm32g4xx_hal_pwr_ex.c.obj
 .debug_line    0x00005378      0x5f3 CMakeFiles/foc.elf.dir/Drivers/STM32G4xx_HAL_Driver/Src/stm32g4xx_hal_rcc.c.obj
 .debug_line    0x0000596b      0xe46 CMakeFiles/foc.elf.dir/Drivers/STM32G4xx_HAL_Driver/Src/stm32g4xx_hal_spi.c.obj
 .debug_line    0x000067b1     0x250b CMakeFiles/foc.elf.dir/Drivers/STM32G4xx_HAL_Driver/Src/stm32g4xx_hal_tim.c.obj
 .debug_line    0x00008cbc     0x12ec CMakeFiles/foc.elf.dir/Drivers/STM32G4xx_HAL_Driver/Src/stm32g4xx_hal_tim_ex.c.obj
 .debug_line    0x00009fa8     0x14b7 CMakeFiles/foc.elf.dir/Middlewares/Third_Party/FreeRTOS/Source/CMSIS_RTOS_V2/cmsis_os2.c.obj
 .debug_line    0x0000b45f      0x3b3 CMakeFiles/foc.elf.dir/Middlewares/Third_Party/FreeRTOS/Source/list.c.obj
 .debug_line    0x0000b812      0x43e CMakeFiles/foc.elf.dir/Middlewares/Third_Party/FreeRTOS/Source/portable/GCC/ARM_CM4F/port.c.obj
 .debug_line    0x0000bc50      0x49f CMakeFiles/foc.elf.dir/Middlewares/Third_Party/FreeRTOS/Source/portable/MemMang/heap_4.c.obj
 .debug_line    0x0000c0ef      0xbb6 CMakeFiles/foc.elf.dir/Middlewares/Third_Party/FreeRTOS/Source/queue.c.obj
 .debug_line    0x0000cca5     0x1052 CMakeFiles/foc.elf.dir/Middlewares/Third_Party/FreeRTOS/Source/tasks.c.obj
 .debug_line    0x0000dcf7      0x712 CMakeFiles/foc.elf.dir/Middlewares/Third_Party/FreeRTOS/Source/timers.c.obj

.debug_str      0x00000000     0xec23
 .debug_str     0x00000000     0x77f8 CMakeFiles/foc.elf.dir/App/axis.cpp.obj
                               0x7ca9 (size before relaxing)
 .debug_str     0x000077f8       0xe7 CMakeFiles/foc.elf.dir/App/board.cpp.obj
                               0x7837 (size before relaxing)