Archive member included to satisfy reference by file (symbol)

f:/tools/gcc-arm-none-eabi-7-2018-q2-update-win32/bin/../lib/gcc/arm-none-eabi/7.3.1/../../../../arm-none-eabi/lib/thumb/v7e-m/fpv4-sp/hard\libm.a(lib_a-sf_cos.o)
                              CMakeFiles/foc.elf.dir/Ctrl/foc.cpp.obj (cosf)
f:/tools/gcc-arm-none-eabi-7-2018-q2-update-win32/bin/../lib/gcc/arm-none-eabi/7.3.1/../../../../arm-none-eabi/lib/thumb/v7e-m/fpv4-sp/hard\libm.a(lib_a-sf_sin.o)
                              CMakeFiles/foc.elf.dir/Ctrl/foc.cpp.obj (sinf)
f:/tools/gcc-arm-none-eabi-7-2018-q2-update-win32/bin/../lib/gcc/arm-none-eabi/7.3.1/../../../../arm-none-eabi/lib/thumb/v7e-m/fpv4-sp/hard\libm.a(lib_a-ef_rem_pio2.o)
                              f:/tools/gcc-arm-none-eabi-7-2018-q2-update-win32/bin/../lib/gcc/arm-none-eabi/7.3.1/../../../../arm-none-eabi/lib/thumb/v7e-m/fpv4-sp/hard\libm.a(lib_a-sf_cos.o) (__ieee754_rem_pio2f)
f:/tools/gcc-arm-none-eabi-7-2018-q2-update-win32/bin/../lib/gcc/arm-none-eabi/7.3.1/../../../../arm-none-eabi/lib/thumb/v7e-m/fpv4-sp/hard\libm.a(lib_a-kf_cos.o)
                              f:/tools/gcc-arm-none-eabi-7-2018-q2-update-win32/bin/../lib/gcc/arm-none-eabi/7.3.1/../../../../arm-none-eabi/lib/thumb/v7e-m/fpv4-sp/hard\libm.a(lib_a-sf_cos.o) (__kernel_cosf)
f:/tools/gcc-arm-none-eabi-7-2018-q2-update-win32/bin/../lib/gcc/arm-none-eabi/7.3.1/../../../../arm-none-eabi/lib/thumb/v7e-m/fpv4-sp/hard\libm.a(lib_a-kf_rem_pio2.o)
                              f:/tools/gcc-arm-none-eabi-7-2018-q2-update-win32/bin/../lib/gcc/arm-none-eabi/7.3.1/../../../../arm-none-eabi/lib/thumb/v7e-m/fpv4-sp/hard\libm.a(lib_a-ef_rem_pio2.o) (__kernel_rem_pio2f)
f:/tools/gcc-arm-none-eabi-7-2018-q2-update-win32/bin/../lib/gcc/arm-none-eabi/7.3.1/../../../../arm-none-eabi/lib/thumb/v7e-m/fpv4-sp/hard\libm.a(lib_a-kf_sin.o)
                              f:/tools/gcc-arm-none-eabi-7-2018-q2-update-win32/bin/../lib/gcc/arm-none-eabi/7.3.1/../../../../arm-none-eabi/lib/thumb/v7e-m/fpv4-sp/hard\libm.a(lib_a-sf_cos.o) (__kernel_sinf)
f:/tools/gcc-arm-none-eabi-7-2018-q2-update-win32/bin/../lib/gcc/arm-none-eabi/7.3.1/../../../../arm-none-eabi/lib/thumb/v7e-m/fpv4-sp/hard\libm.a(lib_a-sf_fabs.o)
                              f:/tools/gcc-arm-none-eabi-7-2018-q2-update-win32/bin/../lib/gcc/arm-none-eabi/7.3.1/../../../../arm-none-eabi/lib/thumb/v7e-m/fpv4-sp/hard\libm.a(lib_a-ef_rem_pio2.o) (fabsf)
f:/tools/gcc-arm-none-eabi-7-2018-q2-update-win32/bin/../lib/gcc/arm-none-eabi/7.3.1/../../../../arm-none-eabi/lib/thumb/v7e-m/fpv4-sp/hard\libm.a(lib_a-sf_floor.o)
                              f:/tools/gcc-arm-none-eabi-7-2018-q2-update-win32/bin/../lib/gcc/arm-none-eabi/7.3.1/../../../../arm-none-eabi/lib/thumb/v7e-m/fpv4-sp/hard\libm.a(lib_a-kf_rem_pio2.o) (floorf)
f:/tools/gcc-arm-none-eabi-7-2018-q2-update-win32/bin/../lib/gcc/arm-none-eabi/7.3.1/../../../../arm-none-eabi/lib/thumb/v7e-m/fpv4-sp/hard\libm.a(lib_a-sf_scalbn.o)
                              f:/tools/gcc-arm-none-eabi-7-2018-q2-update-win32/bin/../lib/gcc/arm-none-eabi/7.3.1/../../../../arm-none-eabi/lib/thumb/v7e-m/fpv4-sp/hard\libm.a(lib_a-kf_rem_pio2.o) (scalbnf)
f:/tools/gcc-arm-none-eabi-7-2018-q2-update-win32/bin/../lib/gcc/arm-none-eabi/7.3.1/../../../../arm-none-eabi/lib/thumb/v7e-m/fpv4-sp/hard\libm.a(lib_a-sf_copysign.o)
                              f:/tools/gcc-arm-none-eabi-7-2018-q2-update-win32/bin/../lib/gcc/arm-none-eabi/7.3.1/../../../../arm-none-eabi/lib/thumb/v7e-m/fpv4-sp/hard\libm.a(lib_a-sf_scalbn.o) (copysignf)
f:/tools/gcc-arm-none-eabi-7-2018-q2-update-win32/bin/../lib/gcc/arm-none-eabi/7.3.1/thumb/v7e-m/fpv4-sp/hard\libgcc.a(unwind-arm.o)
                              CMakeFiles/foc.elf.dir/App/axis.cpp.obj (__aeabi_unwind_cpp_pr0)
f:/tools/gcc-arm-none-eabi-7-2018-q2-update-win32/bin/../lib/gcc/arm-none-eabi/7.3.1/thumb/v7e-m/fpv4-sp/hard\libgcc.a(libunwind.o)
                              f:/tools/gcc-arm-none-eabi-7-2018-q2-update-win32/bin/../lib/gcc/arm-none-eabi/7.3.1/thumb/v7e-m/fpv4-sp/hard\libgcc.a(unwind-arm.o) (restore_core_regs)
f:/tools/gcc-arm-none-eabi-7-2018-q2-update-win32/bin/../lib/gcc/arm-none-eabi/7.3.1/thumb/v7e-m/fpv4-sp/hard\libgcc.a(pr-support.o)
                              f:/tools/gcc-arm-none-eabi-7-2018-q2-update-win32/bin/../lib/gcc/arm-none-eabi/7.3.1/thumb/v7e-m/fpv4-sp/hard\libgcc.a(unwind-arm.o) (__gnu_unwind_execute)
f:/tools/gcc-arm-none-eabi-7-2018-q2-update-win32/bin/../lib/gcc/arm-none-eabi/7.3.1/../../../../arm-none-eabi/lib/thumb/v7e-m/fpv4-sp/hard\libg.a(lib_a-abort.o)
                              f:/tools/gcc-arm-none-eabi-7-2018-q2-update-win32/bin/../lib/gcc/arm-none-eabi/7.3.1/thumb/v7e-m/fpv4-sp/hard\libgcc.a(unwind-arm.o) (abort)
f:/tools/gcc-arm-none-eabi-7-2018-q2-update-win32/bin/../lib/gcc/arm-none-eabi/7.3.1/../../../../arm-none-eabi/lib/thumb/v7e-m/fpv4-sp/hard\libg.a(lib_a-errno.o)
                              CMakeFiles/foc.elf.dir/Core/Src/syscalls.c.obj (__errno)
[...]
Memory Configuration

Name             Origin             Length             Attributes
RAM              0x20000000         0x00008000         xrw
FLASH            0x08000000         0x00020000         xr
*default*        0x00000000         0xffffffff

Linker script and memory map

LOAD f:/tools/gcc-arm-none-eabi-7-2018-q2-update-win32/bin/../lib/gcc/arm-none-eabi/7.3.1/thumb/v7e-m/fpv4-sp/hard/crti.o
LOAD f:/tools/gcc-arm-none-eabi-7-2018-q2-update-win32/bin/../lib/gcc/arm-none-eabi/7.3.1/thumb/v7e-m/fpv4-sp/hard/crtbegin.o
LOAD f:/tools/gcc-arm-none-eabi-7-2018-q2-update-win32/bin/../lib/gcc/arm-none-eabi/7.3.1/../../../../arm-none-eabi/lib/thumb/v7e-m/fpv4-sp/hard/crt0.o
LOAD CMakeFiles/foc.elf.dir/App/axis.cpp.obj
LOAD CMakeFiles/foc.elf.dir/App/board.cpp.obj
LOAD CMakeFiles/foc.elf.dir/Core/Src/app_freertos.c.obj
LOAD CMakeFiles/foc.elf.dir/Core/Src/dma.c.obj
LOAD CMakeFiles/foc.elf.dir/Core/Src/gpio.c.obj
LOAD CMakeFiles/foc.elf.dir/Core/Src/main.c.obj
LOAD CMakeFiles/foc.elf.dir/Core/Src/stm32g4xx_hal_msp.c.obj
LOAD CMakeFiles/foc.elf.dir/Core/Src/stm32g4xx_hal_timebase_tim.c.obj
LOAD CMakeFiles/foc.elf.dir/Core/Src/stm32g4xx_it.c.obj
LOAD CMakeFiles/foc.elf.dir/Core/Src/syscalls.c.obj
LOAD CMakeFiles/foc.elf.dir/Core/Src/sysmem.c.obj
LOAD CMakeFiles/foc.elf.dir/Core/Src/system_stm32g4xx.c.obj
LOAD CMakeFiles/foc.elf.dir/Core/Src/tim.c.obj
LOAD CMakeFiles/foc.elf.dir/Core/Startup/startup_stm32g431cbtx.s.obj
LOAD CMakeFiles/foc.elf.dir/Ctrl/foc.cpp.obj
LOAD CMakeFiles/foc.elf.dir/Ctrl/rgb.cpp.obj
LOAD CMakeFiles/foc.elf.dir/Drivers/STM32G4xx_HAL_Driver/Src/stm32g4xx_hal.c.obj
LOAD CMakeFiles/foc.elf.dir/Drivers/STM32G4xx_HAL_Driver/Src/stm32g4xx_hal_cortex.c.obj
LOAD CMakeFiles/foc.elf.dir/Drivers/STM32G4xx_HAL_Driver/Src/stm32g4xx_hal_dma.c.obj
LOAD CMakeFiles/foc.elf.dir/Drivers/STM32G4xx_HAL_Driver/Src/stm32g4xx_hal_dma_ex.c.obj
LOAD CMakeFiles/foc.elf.dir/Drivers/STM32G4xx_HAL_Driver/Src/stm32g4xx_hal_exti.c.obj
LOAD CMakeFiles/foc.elf.dir/Drivers/STM32G4xx_HAL_Driver/Src/stm32g4xx_hal_flash.c.obj
LOAD CMakeFiles/foc.elf.dir/Drivers/STM32G4xx_HAL_Driver/Src/stm32g4xx_hal_flash_ex.c.obj
LOAD CMakeFiles/foc.elf.dir/Drivers/STM32G4xx_HAL_Driver/Src/stm32g4xx_hal_flash_ramfunc.c.obj
LOAD CMakeFiles/foc.elf.dir/Drivers/STM32G4xx_HAL_Driver/Src/stm32g4xx_hal_gpio.c.obj
LOAD CMakeFiles/foc.elf.dir/Drivers/STM32G4xx_HAL_Driver/Src/stm32g4xx_hal_pwr.c.obj
LOAD CMakeFiles/foc.elf.dir/Drivers/STM32G4xx_HAL_Driver/Src/stm32g4xx_hal_pwr_ex.c.obj
LOAD CMakeFiles/foc.elf.dir/Drivers/STM32G4xx_HAL_Driver/Src/stm32g4xx_hal_rcc.c.obj
LOAD CMakeFiles/foc.elf.dir/Drivers/STM32G4xx_HAL_Driver/Src/stm32g4xx_hal_rcc_ex.c.obj
LOAD CMakeFiles/foc.elf.dir/Drivers/STM32G4xx_HAL_Driver/Src/stm32g4xx_hal_tim.c.obj
LOAD CMakeFiles/foc.elf.dir/Drivers/STM32G4xx_HAL_Driver/Src/stm32g4xx_hal_tim_ex.c.obj
LOAD CMakeFiles/foc.elf.dir/Middlewares/Third_Party/FreeRTOS/Source/CMSIS_RTOS_V2/cmsis_os2.c.obj
LOAD CMakeFiles/foc.elf.dir/Middlewares/Third_Party/FreeRTOS/Source/croutine.c.obj
LOAD CMakeFiles/foc.elf.dir/Middlewares/Third_Party/FreeRTOS/Source/event_groups.c.obj
LOAD CMakeFiles/foc.elf.dir/Middlewares/Third_Party/FreeRTOS/Source/list.c.obj
LOAD CMakeFiles/foc.elf.dir/Middlewares/Third_Party/FreeRTOS/Source/portable/GCC/ARM_CM4F/port.c.obj
LOAD CMakeFiles/foc.elf.dir/Middlewares/Third_Party/FreeRTOS/Source/portable/MemMang/heap_4.c.obj
LOAD CMakeFiles/foc.elf.dir/Middlewares/Third_Party/FreeRTOS/Source/queue.c.obj
LOAD CMakeFiles/foc.elf.dir/Middlewares/Third_Party/FreeRTOS/Source/stream_buffer.c.obj
LOAD CMakeFiles/foc.elf.dir/Middlewares/Third_Party/FreeRTOS/Source/tasks.c.obj
LOAD CMakeFiles/foc.elf.dir/Middlewares/Third_Party/FreeRTOS/Source/timers.c.obj
LOAD f:/tools/gcc-arm-none-eabi-7-2018-q2-update-win32/bin/../lib/gcc/arm-none-eabi/7.3.1/../../../../arm-none-eabi/lib/thumb/v7e-m/fpv4-sp/hard\libstdc++.a
LOAD f:/tools/gcc-arm-none-eabi-7-2018-q2-update-win32/bin/../lib/gcc/arm-none-eabi/7.3.1/../../../../arm-none-eabi/lib/thumb/v7e-m/fpv4-sp/hard\libm.a
START GROUP
LOAD f:/tools/gcc-arm-none-eabi-7-2018-q2-update-win32/bin/../lib/gcc/arm-none-eabi/7.3.1/thumb/v7e-m/fpv4-sp/hard\libgcc.a
LOAD f:/tools/gcc-arm-none-eabi-7-2018-q2-update-win32/bin/../lib/gcc/arm-none-eabi/7.3.1/../../../../arm-none-eabi/lib/thumb/v7e-m/fpv4-sp/hard\libg.a
LOAD f:/tools/gcc-arm-none-eabi-7-2018-q2-update-win32/bin/../lib/gcc/arm-none-eabi/7.3.1/../../../../arm-none-eabi/lib/thumb/v7e-m/fpv4-sp/hard\libc.a
END GROUP
LOAD f:/tools/gcc-arm-none-eabi-7-2018-q2-update-win32/bin/../lib/gcc/arm-none-eabi/7.3.1/thumb/v7e-m/fpv4-sp/hard/crtend.o
LOAD f:/tools/gcc-arm-none-eabi-7-2018-q2-update-win32/bin/../lib/gcc/arm-none-eabi/7.3.1/thumb/v7e-m/fpv4-sp/hard/crtn.o
                0x20008000                _estack = (ORIGIN (RAM) + LENGTH (RAM))
                0x00000200                _Min_Heap_Size = 0x200
                0x00000400                _Min_Stack_Size = 0x400

.isr_vector     0x08000000      0x1d8
                0x08000000                . = ALIGN (0x4)
 *(.isr_vector)
 .isr_vector    0x08000000      0x1d8 CMakeFiles/foc.elf.dir/Core/Startup/startup_stm32g431cbtx.s.obj
                0x08000000                g_pfnVectors
                0x080001d8                . = ALIGN (0x4)

.text           0x080001e0     0x4024
                0x080001e0                . = ALIGN (0x4)
 *(.text)
 .text          0x080001e0       0x40 f:/tools/gcc-arm-none-eabi-7-2018-q2-update-win32/bin/../lib/gcc/arm-none-eabi/7.3.1/thumb/v7e-m/fpv4-sp/hard/crtbegin.o
 .text          0x08000220      0x134 f:/tools/gcc-arm-none-eabi-7-2018-q2-update-win32/bin/../lib/gcc/arm-none-eabi/7.3.1/../../../../arm-none-eabi/lib/thumb/v7e-m/fpv4-sp/hard\libg.a(lib_a-memcpy.o)
                0x08000220                memcpy
 *(.text*)
 .text._ZN4AxisC2ER3RGB
                0x08000354        0xa CMakeFiles/foc.elf.dir/App/axis.cpp.obj
                0x08000354                Axis::Axis(RGB&)
                0x08000354                Axis::Axis(RGB&)
 *fill*         0x0800035e        0x2 
 .text._Z41__static_initialization_and_destruction_0ii
                0x08000360       0x30 CMakeFiles/foc.elf.dir/App/board.cpp.obj
 .text._GLOBAL__sub_I_rgb
                0x08000390        0xe CMakeFiles/foc.elf.dir/App/board.cpp.obj
 .text.StartDefaultTask
                0x0800039e        0xa CMakeFiles/foc.elf.dir/Core/Src/app_freertos.c.obj
                0x0800039e                StartDefaultTask
 .text.MX_FREERTOS_Init
                0x080003a8       0x20 CMakeFiles/foc.elf.dir/Core/Src/app_freertos.c.obj
                0x080003a8                MX_FREERTOS_Init
 .text.MX_DMA_Init
                0x080003c8       0x44 CMakeFiles/foc.elf.dir/Core/Src/dma.c.obj
                0x080003c8                MX_DMA_Init
 .text.MX_GPIO_Init
                0x0800040c       0x78 CMakeFiles/foc.elf.dir/Core/Src/gpio.c.obj
                0x0800040c                MX_GPIO_Init
 .text.HAL_TIM_PeriodElapsedCallback
                0x08000484       0x18 CMakeFiles/foc.elf.dir/Core/Src/main.c.obj
                0x08000484                HAL_TIM_PeriodElapsedCallback
 .text.Error_Handler
                0x0800049c        0x4 CMakeFiles/foc.elf.dir/Core/Src/main.c.obj
                0x0800049c                Error_Handler
 .text.SystemClock_Config
                0x080004a0       0x6e CMakeFiles/foc.elf.dir/Core/Src/main.c.obj
                0x080004a0                SystemClock_Config
 .text.main     0x0800050e       0x24 CMakeFiles/foc.elf.dir/Core/Src/main.c.obj
                0x0800050e                main
 *fill*         0x08000532        0x2 
 .text.HAL_MspInit
                0x08000534       0x44 CMakeFiles/foc.elf.dir/Core/Src/stm32g4xx_hal_msp.c.obj
                0x08000534                HAL_MspInit
 .text.HAL_InitTick
                0x08000578       0x90 CMakeFiles/foc.elf.dir/Core/Src/stm32g4xx_hal_timebase_tim.c.obj
                0x08000578                HAL_InitTick
 .text.NMI_Handler
                0x08000608        0x2 CMakeFiles/foc.elf.dir/Core/Src/stm32g4xx_it.c.obj
                0x08000608                NMI_Handler
 .text.HardFault_Handler
                0x0800060a        0x2 CMakeFiles/foc.elf.dir/Core/Src/stm32g4xx_it.c.obj
                0x0800060a                HardFault_Handler
 .text.MemManage_Handler
                0x0800060c        0x2 CMakeFiles/foc.elf.dir/Core/Src/stm32g4xx_it.c.obj
                0x0800060c                MemManage_Handler
 .text.BusFault_Handler
                0x0800060e        0x2 CMakeFiles/foc.elf.dir/Core/Src/stm32g4xx_it.c.obj
                0x0800060e                BusFault_Handler
 .text.UsageFault_Handler
                0x08000610        0x2 CMakeFiles/foc.elf.dir/Core/Src/stm32g4xx_it.c.obj
                0x08000610                UsageFault_Handler
 .text.DebugMon_Handler
                0x08000612        0x2 CMakeFiles/foc.elf.dir/Core/Src/stm32g4xx_it.c.obj
                0x08000612                DebugMon_Handler
 .text.DMA1_Channel1_IRQHandler
                0x08000614       0x10 CMakeFiles/foc.elf.dir/Core/Src/stm32g4xx_it.c.obj
                0x08000614                DMA1_Channel1_IRQHandler
 .text.TIM4_IRQHandler
                0x08000624       0x10 CMakeFiles/foc.elf.dir/Core/Src/stm32g4xx_it.c.obj
                0x08000624                TIM4_IRQHandler
 .text._sbrk    0x08000634       0x48 CMakeFiles/foc.elf.dir/Core/Src/sysmem.c.obj
                0x08000634                _sbrk
 .text.SystemInit
                0x0800067c       0x14 CMakeFiles/foc.elf.dir/Core/Src/system_stm32g4xx.c.obj
                0x0800067c                SystemInit
 .text.HAL_TIM_PWM_MspInit
                0x08000690       0x6c CMakeFiles/foc.elf.dir/Core/Src/tim.c.obj
                0x08000690                HAL_TIM_PWM_MspInit
 .text.HAL_TIM_MspPostInit
                0x080006fc       0x4c CMakeFiles/foc.elf.dir/Core/Src/tim.c.obj
                0x080006fc                HAL_TIM_MspPostInit
 .text.MX_TIM2_Init
                0x08000748       0x80 CMakeFiles/foc.elf.dir/Core/Src/tim.c.obj
                0x08000748                MX_TIM2_Init
 .text.Reset_Handler
                0x080007c8       0x50 CMakeFiles/foc.elf.dir/Core/Startup/startup_stm32g431cbtx.s.obj
                0x080007c8                Reset_Handler
 .text.Default_Handler
                0x08000818        0x2 CMakeFiles/foc.elf.dir/Core/Startup/startup_stm32g431cbtx.s.obj
                0x08000818                RTC_Alarm_IRQHandler
                0x08000818                EXTI2_IRQHandler
                0x08000818                TIM8_TRG_COM_IRQHandler
                0x08000818                TIM8_CC_IRQHandler
                0x08000818                TIM1_CC_IRQHandler
                0x08000818                USB_HP_IRQHandler
                0x08000818                CORDIC_IRQHandler
                0x08000818                EXTI3_IRQHandler
                0x08000818                I2C3_ER_IRQHandler
                0x08000818                EXTI0_IRQHandler
                0x08000818                I2C2_EV_IRQHandler
                0x08000818                FPU_IRQHandler
                0x08000818                FDCAN1_IT1_IRQHandler
                0x08000818                TIM1_UP_TIM16_IRQHandler
                0x08000818                ADC1_2_IRQHandler
                0x08000818                SPI1_IRQHandler
                0x08000818                TIM6_DAC_IRQHandler
                0x08000818                TIM8_UP_IRQHandler
                0x08000818                DMA2_Channel2_IRQHandler
                0x08000818                DMA1_Channel4_IRQHandler
                0x08000818                USART3_IRQHandler
                0x08000818                DMA2_Channel1_IRQHandler
                0x08000818                I2C1_EV_IRQHandler
                0x08000818                DMA1_Channel6_IRQHandler
                0x08000818                UART4_IRQHandler
                0x08000818                DMA2_Channel4_IRQHandler
                0x08000818                TIM3_IRQHandler
                0x08000818                RCC_IRQHandler
                0x08000818                Default_Handler
                0x08000818                RTC_TAMP_LSECSS_IRQHandler
                0x08000818                FMAC_IRQHandler
                0x08000818                EXTI15_10_IRQHandler
                0x08000818                TIM7_IRQHandler
                0x08000818                UCPD1_IRQHandler
                0x08000818                I2C3_EV_IRQHandler
                0x08000818                EXTI9_5_IRQHandler
                0x08000818                RTC_WKUP_IRQHandler
                0x08000818                PVD_PVM_IRQHandler
                0x08000818                SPI2_IRQHandler
                0x08000818                DMA2_Channel5_IRQHandler
                0x08000818                CRS_IRQHandler
                0x08000818                DMA1_Channel5_IRQHandler
                0x08000818                USB_LP_IRQHandler
                0x08000818                EXTI4_IRQHandler
                0x08000818                RNG_IRQHandler
                0x08000818                TIM1_TRG_COM_TIM17_IRQHandler
                0x08000818                DMA1_Channel3_IRQHandler
                0x08000818                WWDG_IRQHandler
                0x08000818                LPUART1_IRQHandler
                0x08000818                DMA2_Channel6_IRQHandler
                0x08000818                FDCAN1_IT0_IRQHandler
                0x08000818                TIM2_IRQHandler
                0x08000818                COMP1_2_3_IRQHandler
                0x08000818                EXTI1_IRQHandler
                0x08000818                USART2_IRQHandler
                0x08000818                I2C2_ER_IRQHandler
                0x08000818                DMA1_Channel2_IRQHandler
                0x08000818                TIM8_BRK_IRQHandler
                0x08000818                FLASH_IRQHandler
                0x08000818                USART1_IRQHandler
                0x08000818                SPI3_IRQHandler
                0x08000818                I2C1_ER_IRQHandler
                0x08000818                LPTIM1_IRQHandler
                0x08000818                DMAMUX_OVR_IRQHandler
                0x08000818                USBWakeUp_IRQHandler
                0x08000818                SAI1_IRQHandler
                0x08000818                DMA2_Channel3_IRQHandler
                0x08000818                COMP4_IRQHandler
                0x08000818                TIM1_BRK_TIM15_IRQHandler
 .text._ZN3RGBC2EP17TIM_HandleTypeDef
                0x0800081a       0x16 CMakeFiles/foc.elf.dir/Ctrl/rgb.cpp.obj
                0x0800081a                RGB::RGB(TIM_HandleTypeDef*)
                0x0800081a                RGB::RGB(TIM_HandleTypeDef*)
 .text.HAL_Init
                0x08000830       0x1e CMakeFiles/foc.elf.dir/Drivers/STM32G4xx_HAL_Driver/Src/stm32g4xx_hal.c.obj
                0x08000830                HAL_Init
 *fill*         0x0800084e        0x2 
 .text.HAL_IncTick
                0x08000850       0x18 CMakeFiles/foc.elf.dir/Drivers/STM32G4xx_HAL_Driver/Src/stm32g4xx_hal.c.obj
                0x08000850                HAL_IncTick
 .text.HAL_GetTick
                0x08000868        0xc CMakeFiles/foc.elf.dir/Drivers/STM32G4xx_HAL_Driver/Src/stm32g4xx_hal.c.obj
                0x08000868                HAL_GetTick
 .text.HAL_NVIC_SetPriorityGrouping
                0x08000874       0x24 CMakeFiles/foc.elf.dir/Drivers/STM32G4xx_HAL_Driver/Src/stm32g4xx_hal_cortex.c.obj
                0x08000874                HAL_NVIC_SetPriorityGrouping
 .text.HAL_NVIC_SetPriority
                0x08000898       0x68 CMakeFiles/foc.elf.dir/Drivers/STM32G4xx_HAL_Driver/Src/stm32g4xx_hal_cortex.c.obj
                0x08000898                HAL_NVIC_SetPriority
 .text.HAL_NVIC_EnableIRQ
                0x08000900       0x1c CMakeFiles/foc.elf.dir/Drivers/STM32G4xx_HAL_Driver/Src/stm32g4xx_hal_cortex.c.obj
                0x08000900                HAL_NVIC_EnableIRQ
 .text.DMA_CalcDMAMUXChannelBaseAndMask
                0x0800091c       0x48 CMakeFiles/foc.elf.dir/Drivers/STM32G4xx_HAL_Driver/Src/stm32g4xx_hal_dma.c.obj
 .text.DMA_CalcDMAMUXRequestGenBaseAndMask
                0x08000964       0x28 CMakeFiles/foc.elf.dir/Drivers/STM32G4xx_HAL_Driver/Src/stm32g4xx_hal_dma.c.obj
 .text.HAL_DMA_Init
                0x0800098c       0xdc CMakeFiles/foc.elf.dir/Drivers/STM32G4xx_HAL_Driver/Src/stm32g4xx_hal_dma.c.obj
                0x0800098c                HAL_DMA_Init
 .text.HAL_DMA_IRQHandler
                0x08000a68       0xc4 CMakeFiles/foc.elf.dir/Drivers/STM32G4xx_HAL_Driver/Src/stm32g4xx_hal_dma.c.obj
                0x08000a68                HAL_DMA_IRQHandler
 .text.HAL_GPIO_Init
                0x08000b2c      0x1ac CMakeFiles/foc.elf.dir/Drivers/STM32G4xx_HAL_Driver/Src/stm32g4xx_hal_gpio.c.obj
                0x08000b2c                HAL_GPIO_Init
 .text.HAL_GPIO_WritePin
                0x08000cd8        0xa CMakeFiles/foc.elf.dir/Drivers/STM32G4xx_HAL_Driver/Src/stm32g4xx_hal_gpio.c.obj
                0x08000cd8                HAL_GPIO_WritePin
 *fill*         0x08000ce2        0x2 
 .text.HAL_PWREx_ControlVoltageScaling
                0x08000ce4      0x10c CMakeFiles/foc.elf.dir/Drivers/STM32G4xx_HAL_Driver/Src/stm32g4xx_hal_pwr_ex.c.obj
                0x08000ce4                HAL_PWREx_ControlVoltageScaling
 .text.HAL_PWREx_DisableUCPDDeadBattery
                0x08000df0       0x10 CMakeFiles/foc.elf.dir/Drivers/STM32G4xx_HAL_Driver/Src/stm32g4xx_hal_pwr_ex.c.obj
                0x08000df0                HAL_PWREx_DisableUCPDDeadBattery
 .text.RCC_GetSysClockFreqFromPLLSource
                0x08000e00       0x58 CMakeFiles/foc.elf.dir/Drivers/STM32G4xx_HAL_Driver/Src/stm32g4xx_hal_rcc.c.obj
 .text.HAL_RCC_OscConfig
                0x08000e58      0x4e8 CMakeFiles/foc.elf.dir/Drivers/STM32G4xx_HAL_Driver/Src/stm32g4xx_hal_rcc.c.obj
                0x08000e58                HAL_RCC_OscConfig
 .text.HAL_RCC_GetSysClockFreq
                0x08001340       0x88 CMakeFiles/foc.elf.dir/Drivers/STM32G4xx_HAL_Driver/Src/stm32g4xx_hal_rcc.c.obj
                0x08001340                HAL_RCC_GetSysClockFreq
 .text.HAL_RCC_ClockConfig
                0x080013c8      0x1fc CMakeFiles/foc.elf.dir/Drivers/STM32G4xx_HAL_Driver/Src/stm32g4xx_hal_rcc.c.obj
                0x080013c8                HAL_RCC_ClockConfig
 .text.HAL_RCC_GetHCLKFreq
                0x080015c4        0xc CMakeFiles/foc.elf.dir/Drivers/STM32G4xx_HAL_Driver/Src/stm32g4xx_hal_rcc.c.obj
                0x080015c4                HAL_RCC_GetHCLKFreq
 .text.HAL_RCC_GetPCLK1Freq
                0x080015d0       0x24 CMakeFiles/foc.elf.dir/Drivers/STM32G4xx_HAL_Driver/Src/stm32g4xx_hal_rcc.c.obj
                0x080015d0                HAL_RCC_GetPCLK1Freq
 .text.HAL_RCC_GetClockConfig
                0x080015f4       0x3c CMakeFiles/foc.elf.dir/Drivers/STM32G4xx_HAL_Driver/Src/stm32g4xx_hal_rcc.c.obj
                0x080015f4                HAL_RCC_GetClockConfig
 .text.TIM_OC1_SetConfig
                0x08001630       0x9c CMakeFiles/foc.elf.dir/Drivers/STM32G4xx_HAL_Driver/Src/stm32g4xx_hal_tim.c.obj
 .text.TIM_OC3_SetConfig
                0x080016cc       0x8c CMakeFiles/foc.elf.dir/Drivers/STM32G4xx_HAL_Driver/Src/stm32g4xx_hal_tim.c.obj
 .text.TIM_OC4_SetConfig
                0x08001758       0x8c CMakeFiles/foc.elf.dir/Drivers/STM32G4xx_HAL_Driver/Src/stm32g4xx_hal_tim.c.obj
 .text.TIM_OC5_SetConfig
                0x080017e4       0x68 CMakeFiles/foc.elf.dir/Drivers/STM32G4xx_HAL_Driver/Src/stm32g4xx_hal_tim.c.obj
 .text.TIM_OC6_SetConfig
                0x0800184c       0x6c CMakeFiles/foc.elf.dir/Drivers/STM32G4xx_HAL_Driver/Src/stm32g4xx_hal_tim.c.obj
 .text.HAL_TIM_Base_MspInit
                0x080018b8        0x2 CMakeFiles/foc.elf.dir/Drivers/STM32G4xx_HAL_Driver/Src/stm32g4xx_hal_tim.c.obj
                0x080018b8                HAL_TIM_Base_MspInit
 *fill*         0x080018ba        0x2 
 .text.HAL_TIM_Base_Start_IT
                0x080018bc       0x84 CMakeFiles/foc.elf.dir/Drivers/STM32G4xx_HAL_Driver/Src/stm32g4xx_hal_tim.c.obj
                0x080018bc                HAL_TIM_Base_Start_IT
 .text.HAL_TIM_OC_DelayElapsedCallback
                0x08001940        0x2 CMakeFiles/foc.elf.dir/Drivers/STM32G4xx_HAL_Driver/Src/stm32g4xx_hal_tim.c.obj
                0x08001940                HAL_TIM_OC_DelayElapsedCallback
 .text.HAL_TIM_IC_CaptureCallback
                0x08001942        0x2 CMakeFiles/foc.elf.dir/Drivers/STM32G4xx_HAL_Driver/Src/stm32g4xx_hal_tim.c.obj
                0x08001942                HAL_TIM_IC_CaptureCallback
 .text.HAL_TIM_PWM_PulseFinishedCallback
                0x08001944        0x2 CMakeFiles/foc.elf.dir/Drivers/STM32G4xx_HAL_Driver/Src/stm32g4xx_hal_tim.c.obj
                0x08001944                HAL_TIM_PWM_PulseFinishedCallback
 .text.HAL_TIM_TriggerCallback
                0x08001946        0x2 CMakeFiles/foc.elf.dir/Drivers/STM32G4xx_HAL_Driver/Src/stm32g4xx_hal_tim.c.obj
                0x08001946                HAL_TIM_TriggerCallback
 .text.HAL_TIM_IRQHandler
                0x08001948      0x21e CMakeFiles/foc.elf.dir/Drivers/STM32G4xx_HAL_Driver/Src/stm32g4xx_hal_tim.c.obj
                0x08001948                HAL_TIM_IRQHandler
 *fill*         0x08001b66        0x2 
 .text.TIM_Base_SetConfig
                0x08001b68       0xb8 CMakeFiles/foc.elf.dir/Drivers/STM32G4xx_HAL_Driver/Src/stm32g4xx_hal_tim.c.obj
                0x08001b68                TIM_Base_SetConfig
 .text.HAL_TIM_Base_Init
                0x08001c20       0x5e CMakeFiles/foc.elf.dir/Drivers/STM32G4xx_HAL_Driver/Src/stm32g4xx_hal_tim.c.obj
                0x08001c20                HAL_TIM_Base_Init
 .text.HAL_TIM_PWM_Init
                0x08001c7e       0x5e CMakeFiles/foc.elf.dir/Drivers/STM32G4xx_HAL_Driver/Src/stm32g4xx_hal_tim.c.obj
                0x08001c7e                HAL_TIM_PWM_Init
 .text.TIM_OC2_SetConfig
                0x08001cdc       0x8c CMakeFiles/foc.elf.dir/Drivers/STM32G4xx_HAL_Driver/Src/stm32g4xx_hal_tim.c.obj
                0x08001cdc                TIM_OC2_SetConfig
 .text.HAL_TIM_PWM_ConfigChannel
                0x08001d68      0x13a CMakeFiles/foc.elf.dir/Drivers/STM32G4xx_HAL_Driver/Src/stm32g4xx_hal_tim.c.obj
                0x08001d68                HAL_TIM_PWM_ConfigChannel
 *fill*         0x08001ea2        0x2 
 .text.HAL_TIMEx_MasterConfigSynchronization
                0x08001ea4       0x94 CMakeFiles/foc.elf.dir/Drivers/STM32G4xx_HAL_Driver/Src/stm32g4xx_hal_tim_ex.c.obj
                0x08001ea4                HAL_TIMEx_MasterConfigSynchronization
 .text.HAL_TIMEx_CommutCallback
                0x08001f38        0x2 CMakeFiles/foc.elf.dir/Drivers/STM32G4xx_HAL_Driver/Src/stm32g4xx_hal_tim_ex.c.obj
                0x08001f38                HAL_TIMEx_CommutCallback
 .text.HAL_TIMEx_BreakCallback
                0x08001f3a        0x2 CMakeFiles/foc.elf.dir/Drivers/STM32G4xx_HAL_Driver/Src/stm32g4xx_hal_tim_ex.c.obj
                0x08001f3a                HAL_TIMEx_BreakCallback
 .text.HAL_TIMEx_Break2Callback
                0x08001f3c        0x2 CMakeFiles/foc.elf.dir/Drivers/STM32G4xx_HAL_Driver/Src/stm32g4xx_hal_tim_ex.c.obj
                0x08001f3c                HAL_TIMEx_Break2Callback
 .text.HAL_TIMEx_EncoderIndexCallback
                0x08001f3e        0x2 CMakeFiles/foc.elf.dir/Drivers/STM32G4xx_HAL_Driver/Src/stm32g4xx_hal_tim_ex.c.obj
                0x08001f3e                HAL_TIMEx_EncoderIndexCallback
 .text.HAL_TIMEx_DirectionChangeCallback
                0x08001f40        0x2 CMakeFiles/foc.elf.dir/Drivers/STM32G4xx_HAL_Driver/Src/stm32g4xx_hal_tim_ex.c.obj
                0x08001f40                HAL_TIMEx_DirectionChangeCallback
 .text.HAL_TIMEx_IndexErrorCallback
                0x08001f42        0x2 CMakeFiles/foc.elf.dir/Drivers/STM32G4xx_HAL_Driver/Src/stm32g4xx_hal_tim_ex.c.obj
                0x08001f42                HAL_TIMEx_IndexErrorCallback
 .text.HAL_TIMEx_TransitionErrorCallback
                0x08001f44        0x2 CMakeFiles/foc.elf.dir/Drivers/STM32G4xx_HAL_Driver/Src/stm32g4xx_hal_tim_ex.c.obj
                0x08001f44                HAL_TIMEx_TransitionErrorCallback
 *fill*         0x08001f46        0x2 
 .text.SysTick_Handler
                0x08001f48       0x18 CMakeFiles/foc.elf.dir/Middlewares/Third_Party/FreeRTOS/Source/CMSIS_RTOS_V2/cmsis_os2.c.obj
                0x08001f48                SysTick_Handler
 .text.osKernelInitialize
                0x08001f60       0x28 CMakeFiles/foc.elf.dir/Middlewares/Third_Party/FreeRTOS/Source/CMSIS_RTOS_V2/cmsis_os2.c.obj
                0x08001f60                osKernelInitialize
 .text.osKernelStart
                0x08001f88       0x38 CMakeFiles/foc.elf.dir/Middlewares/Third_Party/FreeRTOS/Source/CMSIS_RTOS_V2/cmsis_os2.c.obj
                0x08001f88                osKernelStart
 .text.osThreadNew
                0x08001fc0       0xbe CMakeFiles/foc.elf.dir/Middlewares/Third_Party/FreeRTOS/Source/CMSIS_RTOS_V2/cmsis_os2.c.obj
                0x08001fc0                osThreadNew
 .text.osDelay  0x0800207e       0x1c CMakeFiles/foc.elf.dir/Middlewares/Third_Party/FreeRTOS/Source/CMSIS_RTOS_V2/cmsis_os2.c.obj
                0x0800207e                osDelay
 *fill*         0x0800209a        0x2 
 .text.vApplicationGetIdleTaskMemory
                0x0800209c       0x18 CMakeFiles/foc.elf.dir/Middlewares/Third_Party/FreeRTOS/Source/CMSIS_RTOS_V2/cmsis_os2.c.obj
                0x0800209c                vApplicationGetIdleTaskMemory
 .text.vApplicationGetTimerTaskMemory
                0x080020b4       0x18 CMakeFiles/foc.elf.dir/Middlewares/Third_Party/FreeRTOS/Source/CMSIS_RTOS_V2/cmsis_os2.c.obj
                0x080020b4                vApplicationGetTimerTaskMemory
 .text.vListInitialise
                0x080020cc       0x16 CMakeFiles/foc.elf.dir/Middlewares/Third_Party/FreeRTOS/Source/list.c.obj
                0x080020cc                vListInitialise
 .text.vListInitialiseItem
                0x080020e2        0x6 CMakeFiles/foc.elf.dir/Middlewares/Third_Party/FreeRTOS/Source/list.c.obj
                0x080020e2                vListInitialiseItem
 .text.vListInsertEnd
                0x080020e8       0x18 CMakeFiles/foc.elf.dir/Middlewares/Third_Party/FreeRTOS/Source/list.c.obj
                0x080020e8                vListInsertEnd
 .text.vListInsert
                0x08002100       0x34 CMakeFiles/foc.elf.dir/Middlewares/Third_Party/FreeRTOS/Source/list.c.obj
                0x08002100                vListInsert
 .text.uxListRemove
                0x08002134       0x28 CMakeFiles/foc.elf.dir/Middlewares/Third_Party/FreeRTOS/Source/list.c.obj
                0x08002134                uxListRemove
 .text.prvTaskExitError
                0x0800215c       0x40 CMakeFiles/foc.elf.dir/Middlewares/Third_Party/FreeRTOS/Source/portable/GCC/ARM_CM4F/port.c.obj
 .text.prvPortStartFirstTask
                0x0800219c       0x28 CMakeFiles/foc.elf.dir/Middlewares/Third_Party/FreeRTOS/Source/portable/GCC/ARM_CM4F/port.c.obj
 .text.vPortEnableVFP
                0x080021c4       0x14 CMakeFiles/foc.elf.dir/Middlewares/Third_Party/FreeRTOS/Source/portable/GCC/ARM_CM4F/port.c.obj
 .text.pxPortInitialiseStack
                0x080021d8       0x2c CMakeFiles/foc.elf.dir/Middlewares/Third_Party/FreeRTOS/Source/portable/GCC/ARM_CM4F/port.c.obj
                0x080021d8                pxPortInitialiseStack
 *fill*         0x08002204        0xc 
 .text.SVC_Handler
                0x08002210       0x24 CMakeFiles/foc.elf.dir/Middlewares/Third_Party/FreeRTOS/Source/portable/GCC/ARM_CM4F/port.c.obj
                0x08002210                SVC_Handler
 .text.vPortEnterCritical
                0x08002234       0x44 CMakeFiles/foc.elf.dir/Middlewares/Third_Party/FreeRTOS/Source/portable/GCC/ARM_CM4F/port.c.obj
                0x08002234                vPortEnterCritical
 .text.vPortExitCritical
                0x08002278       0x2c CMakeFiles/foc.elf.dir/Middlewares/Third_Party/FreeRTOS/Source/portable/GCC/ARM_CM4F/port.c.obj
                0x08002278                vPortExitCritical
 *fill*         0x080022a4        0xc 
 .text.PendSV_Handler
                0x080022b0       0x64 CMakeFiles/foc.elf.dir/Middlewares/Third_Party/FreeRTOS/Source/portable/GCC/ARM_CM4F/port.c.obj
                0x080022b0                PendSV_Handler
 .text.xPortSysTickHandler
                0x08002314       0x2c CMakeFiles/foc.elf.dir/Middlewares/Third_Party/FreeRTOS/Source/portable/GCC/ARM_CM4F/port.c.obj
                0x08002314                xPortSysTickHandler
 .text.vPortSetupTimerInterrupt
                0x08002340       0x38 CMakeFiles/foc.elf.dir/Middlewares/Third_Party/FreeRTOS/Source/portable/GCC/ARM_CM4F/port.c.obj
                0x08002340                vPortSetupTimerInterrupt
 .text.xPortStartScheduler
                0x08002378      0x110 CMakeFiles/foc.elf.dir/Middlewares/Third_Party/FreeRTOS/Source/portable/GCC/ARM_CM4F/port.c.obj
                0x08002378                xPortStartScheduler
 .text.vPortValidateInterruptPriority
                0x08002488       0x5c CMakeFiles/foc.elf.dir/Middlewares/Third_Party/FreeRTOS/Source/portable/GCC/ARM_CM4F/port.c.obj
                0x08002488                vPortValidateInterruptPriority
 .text.prvHeapInit
                0x080024e4       0x64 CMakeFiles/foc.elf.dir/Middlewares/Third_Party/FreeRTOS/Source/portable/MemMang/heap_4.c.obj
 .text.prvInsertBlockIntoFreeList
                0x08002548       0x58 CMakeFiles/foc.elf.dir/Middlewares/Third_Party/FreeRTOS/Source/portable/MemMang/heap_4.c.obj
 .text.pvPortMalloc
                0x080025a0      0x114 CMakeFiles/foc.elf.dir/Middlewares/Third_Party/FreeRTOS/Source/portable/MemMang/heap_4.c.obj
                0x080025a0                pvPortMalloc
 .text.vPortFree
                0x080026b4       0x7c CMakeFiles/foc.elf.dir/Middlewares/Third_Party/FreeRTOS/Source/portable/MemMang/heap_4.c.obj
                0x080026b4                vPortFree
 .text.prvIsQueueFull
                0x08002730       0x1e CMakeFiles/foc.elf.dir/Middlewares/Third_Party/FreeRTOS/Source/queue.c.obj
 .text.prvIsQueueEmpty
                0x0800274e       0x1a CMakeFiles/foc.elf.dir/Middlewares/Third_Party/FreeRTOS/Source/queue.c.obj
 .text.prvCopyDataToQueue
                0x08002768       0x76 CMakeFiles/foc.elf.dir/Middlewares/Third_Party/FreeRTOS/Source/queue.c.obj
 .text.prvCopyDataFromQueue
                0x080027de       0x24 CMakeFiles/foc.elf.dir/Middlewares/Third_Party/FreeRTOS/Source/queue.c.obj
 .text.prvUnlockQueue
                0x08002802       0x6e CMakeFiles/foc.elf.dir/Middlewares/Third_Party/FreeRTOS/Source/queue.c.obj
 .text.xQueueGenericReset
                0x08002870       0x84 CMakeFiles/foc.elf.dir/Middlewares/Third_Party/FreeRTOS/Source/queue.c.obj
                0x08002870                xQueueGenericReset
 .text.prvInitialiseNewQueue
                0x080028f4       0x22 CMakeFiles/foc.elf.dir/Middlewares/Third_Party/FreeRTOS/Source/queue.c.obj
 .text.xQueueGenericCreateStatic
                0x08002916       0x92 CMakeFiles/foc.elf.dir/Middlewares/Third_Party/FreeRTOS/Source/queue.c.obj
                0x08002916                xQueueGenericCreateStatic
 .text.xQueueGenericSend
                0x080029a8      0x17c CMakeFiles/foc.elf.dir/Middlewares/Third_Party/FreeRTOS/Source/queue.c.obj
                0x080029a8                xQueueGenericSend
 .text.xQueueGenericSendFromISR
                0x08002b24       0xce CMakeFiles/foc.elf.dir/Middlewares/Third_Party/FreeRTOS/Source/queue.c.obj
                0x08002b24                xQueueGenericSendFromISR
 *fill*         0x08002bf2        0x2 
 .text.xQueueReceive
                0x08002bf4      0x158 CMakeFiles/foc.elf.dir/Middlewares/Third_Party/FreeRTOS/Source/queue.c.obj
                0x08002bf4                xQueueReceive
 .text.vQueueAddToRegistry
                0x08002d4c       0x28 CMakeFiles/foc.elf.dir/Middlewares/Third_Party/FreeRTOS/Source/queue.c.obj
                0x08002d4c                vQueueAddToRegistry
 .text.vQueueWaitForMessageRestricted
                0x08002d74       0x52 CMakeFiles/foc.elf.dir/Middlewares/Third_Party/FreeRTOS/Source/queue.c.obj
                0x08002d74                vQueueWaitForMessageRestricted
 *fill*         0x08002dc6        0x2 
 .text.prvResetNextTaskUnblockTime
                0x08002dc8       0x2c CMakeFiles/foc.elf.dir/Middlewares/Third_Party/FreeRTOS/Source/tasks.c.obj
 .text.prvInitialiseNewTask
                0x08002df4       0xfe CMakeFiles/foc.elf.dir/Middlewares/Third_Party/FreeRTOS/Source/tasks.c.obj
 *fill*         0x08002ef2        0x2 
 .text.prvInitialiseTaskLists
                0x08002ef4       0x68 CMakeFiles/foc.elf.dir/Middlewares/Third_Party/FreeRTOS/Source/tasks.c.obj
 .text.prvAddNewTaskToReadyList
                0x08002f5c       0xac CMakeFiles/foc.elf.dir/Middlewares/Third_Party/FreeRTOS/Source/tasks.c.obj
 .text.prvDeleteTCB
                0x08003008       0x40 CMakeFiles/foc.elf.dir/Middlewares/Third_Party/FreeRTOS/Source/tasks.c.obj
 .text.prvCheckTasksWaitingTermination
                0x08003048       0x4c CMakeFiles/foc.elf.dir/Middlewares/Third_Party/FreeRTOS/Source/tasks.c.obj
 .text.prvIdleTask
                0x08003094       0x28 CMakeFiles/foc.elf.dir/Middlewares/Third_Party/FreeRTOS/Source/tasks.c.obj
 .text.prvAddCurrentTaskToDelayedList
                0x080030bc       0x7c CMakeFiles/foc.elf.dir/Middlewares/Third_Party/FreeRTOS/Source/tasks.c.obj
 .text.xTaskCreateStatic
                0x08003138       0x78 CMakeFiles/foc.elf.dir/Middlewares/Third_Party/FreeRTOS/Source/tasks.c.obj
                0x08003138                xTaskCreateStatic
 .text.xTaskCreate
                0x080031b0       0x68 CMakeFiles/foc.elf.dir/Middlewares/Third_Party/FreeRTOS/Source/tasks.c.obj
                0x080031b0                xTaskCreate
 .text.vTaskStartScheduler
                0x08003218       0xa4 CMakeFiles/foc.elf.dir/Middlewares/Third_Party/FreeRTOS/Source/tasks.c.obj
                0x08003218                vTaskStartScheduler
 .text.vTaskSuspendAll
                0x080032bc       0x10 CMakeFiles/foc.elf.dir/Middlewares/Third_Party/FreeRTOS/Source/tasks.c.obj
                0x080032bc                vTaskSuspendAll
 .text.xTaskGetTickCount
                0x080032cc        0xc CMakeFiles/foc.elf.dir/Middlewares/Third_Party/FreeRTOS/Source/tasks.c.obj
                0x080032cc                xTaskGetTickCount
 .text.xTaskIncrementTick
                0x080032d8      0x118 CMakeFiles/foc.elf.dir/Middlewares/Third_Party/FreeRTOS/Source/tasks.c.obj
                0x080032d8                xTaskIncrementTick
 .text.xTaskResumeAll
                0x080033f0       0xf4 CMakeFiles/foc.elf.dir/Middlewares/Third_Party/FreeRTOS/Source/tasks.c.obj
                0x080033f0                xTaskResumeAll
 .text.vTaskDelay
                0x080034e4       0x4c CMakeFiles/foc.elf.dir/Middlewares/Third_Party/FreeRTOS/Source/tasks.c.obj
                0x080034e4                vTaskDelay
 .text.vTaskSwitchContext
                0x08003530       0xa4 CMakeFiles/foc.elf.dir/Middlewares/Third_Party/FreeRTOS/Source/tasks.c.obj
                0x08003530                vTaskSwitchContext
 .text.vTaskPlaceOnEventList
                0x080035d4       0x30 CMakeFiles/foc.elf.dir/Middlewares/Third_Party/FreeRTOS/Source/tasks.c.obj
                0x080035d4                vTaskPlaceOnEventList
 .text.vTaskPlaceOnEventListRestricted
                0x08003604       0x38 CMakeFiles/foc.elf.dir/Middlewares/Third_Party/FreeRTOS/Source/tasks.c.obj
                0x08003604                vTaskPlaceOnEventListRestricted
 .text.xTaskRemoveFromEventList
                0x0800363c       0x8c CMakeFiles/foc.elf.dir/Middlewares/Third_Party/FreeRTOS/Source/tasks.c.obj
                0x0800363c                xTaskRemoveFromEventList
 .text.vTaskInternalSetTimeOutState
                0x080036c8       0x18 CMakeFiles/foc.elf.dir/Middlewares/Third_Party/FreeRTOS/Source/tasks.c.obj
                0x080036c8                vTaskInternalSetTimeOutState
 .text.xTaskCheckForTimeOut
                0x080036e0       0x80 CMakeFiles/foc.elf.dir/Middlewares/Third_Party/FreeRTOS/Source/tasks.c.obj
                0x080036e0                xTaskCheckForTimeOut
 .text.vTaskMissedYield
                0x08003760        0xc CMakeFiles/foc.elf.dir/Middlewares/Third_Party/FreeRTOS/Source/tasks.c.obj
                0x08003760                vTaskMissedYield
 .text.xTaskGetSchedulerState
                0x0800376c       0x20 CMakeFiles/foc.elf.dir/Middlewares/Third_Party/FreeRTOS/Source/tasks.c.obj
                0x0800376c                xTaskGetSchedulerState
 .text.xTaskPriorityDisinherit
                0x0800378c       0x90 CMakeFiles/foc.elf.dir/Middlewares/Third_Party/FreeRTOS/Source/tasks.c.obj
                0x0800378c                xTaskPriorityDisinherit
 .text.prvGetNextExpireTime
                0x0800381c       0x20 CMakeFiles/foc.elf.dir/Middlewares/Third_Party/FreeRTOS/Source/timers.c.obj
 .text.prvInsertTimerInActiveList
                0x0800383c       0x48 CMakeFiles/foc.elf.dir/Middlewares/Third_Party/FreeRTOS/Source/timers.c.obj
 .text.prvCheckForValidListAndQueue
                0x08003884       0x70 CMakeFiles/foc.elf.dir/Middlewares/Third_Party/FreeRTOS/Source/timers.c.obj
 .text.xTimerCreateTimerTask
                0x080038f4       0x64 CMakeFiles/foc.elf.dir/Middlewares/Third_Party/FreeRTOS/Source/timers.c.obj
                0x080038f4                xTimerCreateTimerTask
 .text.xTimerGenericCommand
                0x08003958       0x6c CMakeFiles/foc.elf.dir/Middlewares/Third_Party/FreeRTOS/Source/timers.c.obj
                0x08003958                xTimerGenericCommand
 .text.prvSwitchTimerLists
                0x080039c4       0x7c CMakeFiles/foc.elf.dir/Middlewares/Third_Party/FreeRTOS/Source/timers.c.obj
 .text.prvSampleTimeNow
                0x08003a40       0x2c CMakeFiles/foc.elf.dir/Middlewares/Third_Party/FreeRTOS/Source/timers.c.obj
 .text.prvProcessExpiredTimer
                0x08003a6c       0x6c CMakeFiles/foc.elf.dir/Middlewares/Third_Party/FreeRTOS/Source/timers.c.obj
 .text.prvProcessTimerOrBlockTask
                0x08003ad8       0x74 CMakeFiles/foc.elf.dir/Middlewares/Third_Party/FreeRTOS/Source/timers.c.obj
 .text.prvProcessReceivedCommands
                0x08003b4c      0x110 CMakeFiles/foc.elf.dir/Middlewares/Third_Party/FreeRTOS/Source/timers.c.obj
 .text.prvTimerTask
                0x08003c5c       0x16 CMakeFiles/foc.elf.dir/Middlewares/Third_Party/FreeRTOS/Source/timers.c.obj
 *fill*         0x08003c72        0x2 
 .text.__errno  0x08003c74        0xc f:/tools/gcc-arm-none-eabi-7-2018-q2-update-win32/bin/../lib/gcc/arm-none-eabi/7.3.1/../../../../arm-none-eabi/lib/thumb/v7e-m/fpv4-sp/hard\libg.a(lib_a-errno.o)
                0x08003c74                __errno
 .text.__libc_init_array
                0x08003c80       0x48 f:/tools/gcc-arm-none-eabi-7-2018-q2-update-win32/bin/../lib/gcc/arm-none-eabi/7.3.1/../../../../arm-none-eabi/lib/thumb/v7e-m/fpv4-sp/hard\libg.a(lib_a-init.o)
                0x08003c80                __libc_init_array
 .text.memset   0x08003cc8       0x94 f:/tools/gcc-arm-none-eabi-7-2018-q2-update-win32/bin/../lib/gcc/arm-none-eabi/7.3.1/../../../../arm-none-eabi/lib/thumb/v7e-m/fpv4-sp/hard\libg.a(lib_a-memset.o)
                0x08003cc8                memset
 .text.cleanup_glue
                0x08003d5c       0x28 f:/tools/gcc-arm-none-eabi-7-2018-q2-update-win32/bin/../lib/gcc/arm-none-eabi/7.3.1/../../../../arm-none-eabi/lib/thumb/v7e-m/fpv4-sp/hard\libg.a(lib_a-reent.o)
                0x08003d5c                cleanup_glue
 .text._reclaim_reent
                0x08003d84       0x88 f:/tools/gcc-arm-none-eabi-7-2018-q2-update-win32/bin/../lib/gcc/arm-none-eabi/7.3.1/../../../../arm-none-eabi/lib/thumb/v7e-m/fpv4-sp/hard\libg.a(lib_a-reent.o)
                0x08003d84                _reclaim_reent
 .text.startup.register_fini
                0x08003e0c       0x14 f:/tools/gcc-arm-none-eabi-7-2018-q2-update-win32/bin/../lib/gcc/arm-none-eabi/7.3.1/../../../../arm-none-eabi/lib/thumb/v7e-m/fpv4-sp/hard\libg.a(lib_a-__call_atexit.o)
 .text.atexit   0x08003e20        0xc f:/tools/gcc-arm-none-eabi-7-2018-q2-update-win32/bin/../lib/gcc/arm-none-eabi/7.3.1/../../../../arm-none-eabi/lib/thumb/v7e-m/fpv4-sp/hard\libg.a(lib_a-atexit.o)
                0x08003e20                atexit
 .text.__libc_fini_array
                0x08003e2c       0x34 f:/tools/gcc-arm-none-eabi-7-2018-q2-update-win32/bin/../lib/gcc/arm-none-eabi/7.3.1/../../../../arm-none-eabi/lib/thumb/v7e-m/fpv4-sp/hard\libg.a(lib_a-fini.o)
                0x08003e2c                __libc_fini_array
 .text._malloc_trim_r
                0x08003e60       0xa0 f:/tools/gcc-arm-none-eabi-7-2018-q2-update-win32/bin/../lib/gcc/arm-none-eabi/7.3.1/../../../../arm-none-eabi/lib/thumb/v7e-m/fpv4-sp/hard\libg.a(lib_a-freer.o)
                0x08003e60                _malloc_trim_r
 .text._free_r  0x08003f00      0x1e8 f:/tools/gcc-arm-none-eabi-7-2018-q2-update-win32/bin/../lib/gcc/arm-none-eabi/7.3.1/../../../../arm-none-eabi/lib/thumb/v7e-m/fpv4-sp/hard\libg.a(lib_a-freer.o)
                0x08003f00                _free_r
 .text.__retarget_lock_acquire_recursive
                0x080040e8        0x4 f:/tools/gcc-arm-none-eabi-7-2018-q2-update-win32/bin/../lib/gcc/arm-none-eabi/7.3.1/../../../../arm-none-eabi/lib/thumb/v7e-m/fpv4-sp/hard\libg.a(lib_a-lock.o)
                0x080040e8                __retarget_lock_acquire_recursive
 .text.__retarget_lock_release_recursive
                0x080040ec        0x4 f:/tools/gcc-arm-none-eabi-7-2018-q2-update-win32/bin/../lib/gcc/arm-none-eabi/7.3.1/../../../../arm-none-eabi/lib/thumb/v7e-m/fpv4-sp/hard\libg.a(lib_a-lock.o)
                0x080040ec                __retarget_lock_release_recursive
 .text.__malloc_lock
                0x080040f0        0xc f:/tools/gcc-arm-none-eabi-7-2018-q2-update-win32/bin/../lib/gcc/arm-none-eabi/7.3.1/../../../../arm-none-eabi/lib/thumb/v7e-m/fpv4-sp/hard\libg.a(lib_a-mlock.o)
                0x080040f0                __malloc_lock
 .text.__malloc_unlock
                0x080040fc        0xc f:/tools/gcc-arm-none-eabi-7-2018-q2-update-win32/bin/../lib/gcc/arm-none-eabi/7.3.1/../../../../arm-none-eabi/lib/thumb/v7e-m/fpv4-sp/hard\libg.a(lib_a-mlock.o)
                0x080040fc                __malloc_unlock
 .text._sbrk_r  0x08004108       0x24 f:/tools/gcc-arm-none-eabi-7-2018-q2-update-win32/bin/../lib/gcc/arm-none-eabi/7.3.1/../../../../arm-none-eabi/lib/thumb/v7e-m/fpv4-sp/hard\libg.a(lib_a-sbrkr.o)
                0x08004108                _sbrk_r
 .text.__register_exitproc
                0x0800412c       0xc0 f:/tools/gcc-arm-none-eabi-7-2018-q2-update-win32/bin/../lib/gcc/arm-none-eabi/7.3.1/../../../../arm-none-eabi/lib/thumb/v7e-m/fpv4-sp/hard\libg.a(lib_a-__atexit.o)
                0x0800412c                __register_exitproc
 *(.glue_7)
 .glue_7        0x080041ec        0x0 linker stubs
 *(.glue_7t)
 .glue_7t       0x080041ec        0x0 linker stubs
 *(.eh_frame)
 .eh_frame      0x080041ec        0x0 f:/tools/gcc-arm-none-eabi-7-2018-q2-update-win32/bin/../lib/gcc/arm-none-eabi/7.3.1/thumb/v7e-m/fpv4-sp/hard/crtbegin.o
 *(.init)
 .init          0x080041ec        0x4 f:/tools/gcc-arm-none-eabi-7-2018-q2-update-win32/bin/../lib/gcc/arm-none-eabi/7.3.1/thumb/v7e-m/fpv4-sp/hard/crti.o
                0x080041ec                _init
 .init          0x080041f0        0x8 f:/tools/gcc-arm-none-eabi-7-2018-q2-update-win32/bin/../lib/gcc/arm-none-eabi/7.3.1/thumb/v7e-m/fpv4-sp/hard/crtn.o
 *(.fini)
 .fini          0x080041f8        0x4 f:/tools/gcc-arm-none-eabi-7-2018-q2-update-win32/bin/../lib/gcc/arm-none-eabi/7.3.1/thumb/v7e-m/fpv4-sp/hard/crti.o
                0x080041f8                _fini
 .fini          0x080041fc        0x8 f:/tools/gcc-arm-none-eabi-7-2018-q2-update-win32/bin/../lib/gcc/arm-none-eabi/7.3.1/thumb/v7e-m/fpv4-sp/hard/crtn.o
                0x08004204                . = ALIGN (0x4)
                0x08004204                _etext = .

.vfp11_veneer   0x08004204        0x0
 .vfp11_veneer  0x08004204        0x0 linker stubs

.v4_bx          0x08004204        0x0
 .v4_bx         0x08004204        0x0 linker stubs

.iplt           0x08004204        0x0
 .iplt          0x08004204        0x0 f:/tools/gcc-arm-none-eabi-7-2018-q2-update-win32/bin/../lib/gcc/arm-none-eabi/7.3.1/thumb/v7e-m/fpv4-sp/hard/crtbegin.o

.rodata         0x08004204       0x64
                0x08004204                . = ALIGN (0x4)
 *(.rodata)
 *(.rodata*)
 .rodata.defaultTask_attributes
                0x08004204       0x24 CMakeFiles/foc.elf.dir/Core/Src/app_freertos.c.obj
                0x08004204                defaultTask_attributes
 .rodata.str1.4
                0x08004228        0xc CMakeFiles/foc.elf.dir/Core/Src/app_freertos.c.obj
 .rodata.AHBPrescTable
                0x08004234       0x10 CMakeFiles/foc.elf.dir/Core/Src/system_stm32g4xx.c.obj
                0x08004234                AHBPrescTable
 .rodata.APBPrescTable
                0x08004244        0x8 CMakeFiles/foc.elf.dir/Core/Src/system_stm32g4xx.c.obj
                0x08004244                APBPrescTable
 .rodata.vTaskStartScheduler.str1.4
                0x0800424c        0x5 CMakeFiles/foc.elf.dir/Middlewares/Third_Party/FreeRTOS/Source/tasks.c.obj
 *fill*         0x08004251        0x3 
 .rodata.prvCheckForValidListAndQueue.str1.4
                0x08004254        0x5 CMakeFiles/foc.elf.dir/Middlewares/Third_Party/FreeRTOS/Source/timers.c.obj
 *fill*         0x08004259        0x3 
 .rodata.xTimerCreateTimerTask.str1.4
                0x0800425c        0x8 CMakeFiles/foc.elf.dir/Middlewares/Third_Party/FreeRTOS/Source/timers.c.obj
 .rodata._global_impure_ptr
                0x08004264        0x4 f:/tools/gcc-arm-none-eabi-7-2018-q2-update-win32/bin/../lib/gcc/arm-none-eabi/7.3.1/../../../../arm-none-eabi/lib/thumb/v7e-m/fpv4-sp/hard\libg.a(lib_a-impure.o)
                0x08004264                _global_impure_ptr
                0x08004268                . = ALIGN (0x4)

.ARM.extab      0x08004268        0x0
                0x08004268                . = ALIGN (0x4)
 *(.ARM.extab* .gnu.linkonce.armextab.*)
                0x08004268                . = ALIGN (0x4)

.ARM            0x08004268        0x8
                0x08004268                . = ALIGN (0x4)
                0x08004268                __exidx_start = .
 *(.ARM.exidx*)
 .ARM.exidx.text._ZN4AxisC2ER3RGB
                0x08004268        0x8 CMakeFiles/foc.elf.dir/App/axis.cpp.obj
 .ARM.exidx.text._Z41__static_initialization_and_destruction_0ii
                0x08004270        0x0 CMakeFiles/foc.elf.dir/App/board.cpp.obj
                                  0x8 (size before relaxing)
 .ARM.exidx.text._GLOBAL__sub_I_rgb
                0x08004270        0x0 CMakeFiles/foc.elf.dir/App/board.cpp.obj
                                  0x8 (size before relaxing)
 .ARM.exidx.text._ZN3RGBC2EP17TIM_HandleTypeDef
                0x08004270        0x0 CMakeFiles/foc.elf.dir/Ctrl/rgb.cpp.obj
                                  0x8 (size before relaxing)
                0x08004270                __exidx_end = .
                0x08004270                . = ALIGN (0x4)

.rel.dyn        0x08004270        0x0
 .rel.iplt      0x08004270        0x0 f:/tools/gcc-arm-none-eabi-7-2018-q2-update-win32/bin/../lib/gcc/arm-none-eabi/7.3.1/thumb/v7e-m/fpv4-sp/hard/crtbegin.o

.preinit_array  0x08004270        0x0
                0x08004270                . = ALIGN (0x4)
                0x08004270                PROVIDE (__preinit_array_start = .)
 *(.preinit_array*)
                0x08004270                PROVIDE (__preinit_array_end = .)
                0x08004270                . = ALIGN (0x4)

.init_array     0x08004270        0xc
                0x08004270                . = ALIGN (0x4)
                0x08004270                PROVIDE (__init_array_start = .)
 *(SORT_BY_NAME(.init_array.*))
 .init_array.00000
                0x08004270        0x4 f:/tools/gcc-arm-none-eabi-7-2018-q2-update-win32/bin/../lib/gcc/arm-none-eabi/7.3.1/../../../../arm-none-eabi/lib/thumb/v7e-m/fpv4-sp/hard\libg.a(lib_a-__call_atexit.o)
 *(.init_array*)
 .init_array    0x08004274        0x4 f:/tools/gcc-arm-none-eabi-7-2018-q2-update-win32/bin/../lib/gcc/arm-none-eabi/7.3.1/thumb/v7e-m/fpv4-sp/hard/crtbegin.o
 .init_array    0x08004278        0x4 CMakeFiles/foc.elf.dir/App/board.cpp.obj
                0x0800427c                PROVIDE (__init_array_end = .)
                0x0800427c                . = ALIGN (0x4)

.fini_array     0x0800427c        0x4
                0x0800427c                . = ALIGN (0x4)
                0x0800427c                PROVIDE (__fini_array_start = .)
 *(SORT_BY_NAME(.fini_array.*))
 *(.fini_array*)
 .fini_array    0x0800427c        0x4 f:/tools/gcc-arm-none-eabi-7-2018-q2-update-win32/bin/../lib/gcc/arm-none-eabi/7.3.1/thumb/v7e-m/fpv4-sp/hard/crtbegin.o
                0x08004280                PROVIDE (__fini_array_end = .)
                0x08004280                . = ALIGN (0x4)
                0x08004280                _sidata = LOADADDR (.data)

.data           0x20000000      0x854 load address 0x08004280
                0x20000000                . = ALIGN (0x4)
                0x20000000                _sdata = .
 *(.data)
 *(.data*)
 .data.SystemCoreClock
                0x20000000        0x4 CMakeFiles/foc.elf.dir/Core/Src/system_stm32g4xx.c.obj
                0x20000000                SystemCoreClock
 .data.uwTickFreq
                0x20000004        0x4 CMakeFiles/foc.elf.dir/Drivers/STM32G4xx_HAL_Driver/Src/stm32g4xx_hal.c.obj
                0x20000004                uwTickFreq
 .data.uwTickPrio
                0x20000008        0x4 CMakeFiles/foc.elf.dir/Drivers/STM32G4xx_HAL_Driver/Src/stm32g4xx_hal.c.obj
                0x20000008                uwTickPrio
 .data.uxCriticalNesting
                0x2000000c        0x4 CMakeFiles/foc.elf.dir/Middlewares/Third_Party/FreeRTOS/Source/portable/GCC/ARM_CM4F/port.c.obj
 .data._impure_ptr
                0x20000010        0x4 f:/tools/gcc-arm-none-eabi-7-2018-q2-update-win32/bin/../lib/gcc/arm-none-eabi/7.3.1/../../../../arm-none-eabi/lib/thumb/v7e-m/fpv4-sp/hard\libg.a(lib_a-impure.o)
                0x20000010                _impure_ptr
 *fill*         0x20000014        0x4 
 .data.impure_data
                0x20000018      0x428 f:/tools/gcc-arm-none-eabi-7-2018-q2-update-win32/bin/../lib/gcc/arm-none-eabi/7.3.1/../../../../arm-none-eabi/lib/thumb/v7e-m/fpv4-sp/hard\libg.a(lib_a-impure.o)
 .data.__atexit_recursive_mutex
                0x20000440        0x4 f:/tools/gcc-arm-none-eabi-7-2018-q2-update-win32/bin/../lib/gcc/arm-none-eabi/7.3.1/../../../../arm-none-eabi/lib/thumb/v7e-m/fpv4-sp/hard\libg.a(lib_a-__call_atexit.o)
                0x20000440                __atexit_recursive_mutex
 .data.__malloc_av_
                0x20000444      0x408 f:/tools/gcc-arm-none-eabi-7-2018-q2-update-win32/bin/../lib/gcc/arm-none-eabi/7.3.1/../../../../arm-none-eabi/lib/thumb/v7e-m/fpv4-sp/hard\libg.a(lib_a-mallocr.o)
                0x20000444                __malloc_av_
 .data.__malloc_sbrk_base
                0x2000084c        0x4 f:/tools/gcc-arm-none-eabi-7-2018-q2-update-win32/bin/../lib/gcc/arm-none-eabi/7.3.1/../../../../arm-none-eabi/lib/thumb/v7e-m/fpv4-sp/hard\libg.a(lib_a-mallocr.o)
                0x2000084c                __malloc_sbrk_base
 .data.__malloc_trim_threshold
                0x20000850        0x4 f:/tools/gcc-arm-none-eabi-7-2018-q2-update-win32/bin/../lib/gcc/arm-none-eabi/7.3.1/../../../../arm-none-eabi/lib/thumb/v7e-m/fpv4-sp/hard\libg.a(lib_a-mallocr.o)
                0x20000850                __malloc_trim_threshold
 *(.RamFunc)
 *(.RamFunc*)
                0x20000854                . = ALIGN (0x4)
                0x20000854                _edata = .

.igot.plt       0x20000854        0x0 load address 0x08004ad4
 .igot.plt      0x20000854        0x0 f:/tools/gcc-arm-none-eabi-7-2018-q2-update-win32/bin/../lib/gcc/arm-none-eabi/7.3.1/thumb/v7e-m/fpv4-sp/hard/crtbegin.o
                0x20000854                . = ALIGN (0x4)

.bss            0x20000858     0x23bc load address 0x08004ad4
                0x20000858                _sbss = .
                0x20000858                __bss_start__ = _sbss
 *(.bss)
 .bss           0x20000858       0x1c f:/tools/gcc-arm-none-eabi-7-2018-q2-update-win32/bin/../lib/gcc/arm-none-eabi/7.3.1/thumb/v7e-m/fpv4-sp/hard/crtbegin.o
 *(.bss*)
 .bss.axis      0x20000874        0x8 CMakeFiles/foc.elf.dir/App/board.cpp.obj
                0x20000874                axis
 .bss.rgb       0x2000087c       0x98 CMakeFiles/foc.elf.dir/App/board.cpp.obj
                0x2000087c                rgb
 .bss.defaultTaskHandle
                0x20000914        0x4 CMakeFiles/foc.elf.dir/Core/Src/app_freertos.c.obj
                0x20000914                defaultTaskHandle
 .bss.htim4     0x20000918       0x4c CMakeFiles/foc.elf.dir/Core/Src/stm32g4xx_hal_timebase_tim.c.obj
                0x20000918                htim4
 .bss.__sbrk_heap_end
                0x20000964        0x4 CMakeFiles/foc.elf.dir/Core/Src/sysmem.c.obj
 .bss.hdma_tim2_ch1
                0x20000968       0x60 CMakeFiles/foc.elf.dir/Core/Src/tim.c.obj
                0x20000968                hdma_tim2_ch1
 .bss.htim2     0x200009c8       0x4c CMakeFiles/foc.elf.dir/Core/Src/tim.c.obj
                0x200009c8                htim2
 .bss.uwTick    0x20000a14        0x4 CMakeFiles/foc.elf.dir/Drivers/STM32G4xx_HAL_Driver/Src/stm32g4xx_hal.c.obj
                0x20000a14                uwTick
 .bss.Idle_Stack.10192
                0x20000a18      0x200 CMakeFiles/foc.elf.dir/Middlewares/Third_Party/FreeRTOS/Source/CMSIS_RTOS_V2/cmsis_os2.c.obj
 .bss.Idle_TCB.10191
                0x20000c18      0x488 CMakeFiles/foc.elf.dir/Middlewares/Third_Party/FreeRTOS/Source/CMSIS_RTOS_V2/cmsis_os2.c.obj
 .bss.KernelState
                0x200010a0        0x4 CMakeFiles/foc.elf.dir/Middlewares/Third_Party/FreeRTOS/Source/CMSIS_RTOS_V2/cmsis_os2.c.obj
 .bss.Timer_Stack.10199
                0x200010a4      0x400 CMakeFiles/foc.elf.dir/Middlewares/Third_Party/FreeRTOS/Source/CMSIS_RTOS_V2/cmsis_os2.c.obj
 *fill*         0x200014a4        0x4 
 .bss.Timer_TCB.10198
                0x200014a8      0x488 CMakeFiles/foc.elf.dir/Middlewares/Third_Party/FreeRTOS/Source/CMSIS_RTOS_V2/cmsis_os2.c.obj
 .bss.ucMaxSysCallPriority
                0x20001930        0x1 CMakeFiles/foc.elf.dir/Middlewares/Third_Party/FreeRTOS/Source/portable/GCC/ARM_CM4F/port.c.obj
 *fill*         0x20001931        0x3 
 .bss.ulMaxPRIGROUPValue
                0x20001934        0x4 CMakeFiles/foc.elf.dir/Middlewares/Third_Party/FreeRTOS/Source/portable/GCC/ARM_CM4F/port.c.obj
 .bss.pxEnd     0x20001938        0x4 CMakeFiles/foc.elf.dir/Middlewares/Third_Party/FreeRTOS/Source/portable/MemMang/heap_4.c.obj
 .bss.ucHeap    0x2000193c      0xc00 CMakeFiles/foc.elf.dir/Middlewares/Third_Party/FreeRTOS/Source/portable/MemMang/heap_4.c.obj
 .bss.xBlockAllocatedBit
                0x2000253c        0x4 CMakeFiles/foc.elf.dir/Middlewares/Third_Party/FreeRTOS/Source/portable/MemMang/heap_4.c.obj
 .bss.xFreeBytesRemaining
                0x20002540        0x4 CMakeFiles/foc.elf.dir/Middlewares/Third_Party/FreeRTOS/Source/portable/MemMang/heap_4.c.obj
 .bss.xMinimumEverFreeBytesRemaining
                0x20002544        0x4 CMakeFiles/foc.elf.dir/Middlewares/Third_Party/FreeRTOS/Source/portable/MemMang/heap_4.c.obj
 .bss.xNumberOfSuccessfulAllocations
                0x20002548        0x4 CMakeFiles/foc.elf.dir/Middlewares/Third_Party/FreeRTOS/Source/portable/MemMang/heap_4.c.obj
 .bss.xNumberOfSuccessfulFrees
                0x2000254c        0x4 CMakeFiles/foc.elf.dir/Middlewares/Third_Party/FreeRTOS/Source/portable/MemMang/heap_4.c.obj
 .bss.xStart    0x20002550        0x8 CMakeFiles/foc.elf.dir/Middlewares/Third_Party/FreeRTOS/Source/portable/MemMang/heap_4.c.obj
 .bss.xQueueRegistry
                0x20002558       0x40 CMakeFiles/foc.elf.dir/Middlewares/Third_Party/FreeRTOS/Source/queue.c.obj
                0x20002558                xQueueRegistry
 .bss.pxCurrentTCB
                0x20002598        0x4 CMakeFiles/foc.elf.dir/Middlewares/Third_Party/FreeRTOS/Source/tasks.c.obj
                0x20002598                pxCurrentTCB
 .bss.pxDelayedTaskList
                0x2000259c        0x4 CMakeFiles/foc.elf.dir/Middlewares/Third_Party/FreeRTOS/Source/tasks.c.obj
 .bss.pxOverflowDelayedTaskList
                0x200025a0        0x4 CMakeFiles/foc.elf.dir/Middlewares/Third_Party/FreeRTOS/Source/tasks.c.obj
 .bss.pxReadyTasksLists
                0x200025a4      0x460 CMakeFiles/foc.elf.dir/Middlewares/Third_Party/FreeRTOS/Source/tasks.c.obj
 .bss.uxCurrentNumberOfTasks
                0x20002a04        0x4 CMakeFiles/foc.elf.dir/Middlewares/Third_Party/FreeRTOS/Source/tasks.c.obj
 .bss.uxDeletedTasksWaitingCleanUp
                0x20002a08        0x4 CMakeFiles/foc.elf.dir/Middlewares/Third_Party/FreeRTOS/Source/tasks.c.obj
 .bss.uxSchedulerSuspended
                0x20002a0c        0x4 CMakeFiles/foc.elf.dir/Middlewares/Third_Party/FreeRTOS/Source/tasks.c.obj
 .bss.uxTaskNumber
                0x20002a10        0x4 CMakeFiles/foc.elf.dir/Middlewares/Third_Party/FreeRTOS/Source/tasks.c.obj
 .bss.uxTopReadyPriority
                0x20002a14        0x4 CMakeFiles/foc.elf.dir/Middlewares/Third_Party/FreeRTOS/Source/tasks.c.obj
 .bss.xDelayedTaskList1
                0x20002a18       0x14 CMakeFiles/foc.elf.dir/Middlewares/Third_Party/FreeRTOS/Source/tasks.c.obj
 .bss.xDelayedTaskList2
                0x20002a2c       0x14 CMakeFiles/foc.elf.dir/Middlewares/Third_Party/FreeRTOS/Source/tasks.c.obj
 .bss.xNextTaskUnblockTime
                0x20002a40        0x4 CMakeFiles/foc.elf.dir/Middlewares/Third_Party/FreeRTOS/Source/tasks.c.obj
 .bss.xNumOfOverflows
                0x20002a44        0x4 CMakeFiles/foc.elf.dir/Middlewares/Third_Party/FreeRTOS/Source/tasks.c.obj
 .bss.xPendedTicks
                0x20002a48        0x4 CMakeFiles/foc.elf.dir/Middlewares/Third_Party/FreeRTOS/Source/tasks.c.obj
 .bss.xPendingReadyList
                0x20002a4c       0x14 CMakeFiles/foc.elf.dir/Middlewares/Third_Party/FreeRTOS/Source/tasks.c.obj
 .bss.xSchedulerRunning
                0x20002a60        0x4 CMakeFiles/foc.elf.dir/Middlewares/Third_Party/FreeRTOS/Source/tasks.c.obj
 .bss.xSuspendedTaskList
                0x20002a64       0x14 CMakeFiles/foc.elf.dir/Middlewares/Third_Party/FreeRTOS/Source/tasks.c.obj
 .bss.xTasksWaitingTermination
                0x20002a78       0x14 CMakeFiles/foc.elf.dir/Middlewares/Third_Party/FreeRTOS/Source/tasks.c.obj
 .bss.xTickCount
                0x20002a8c        0x4 CMakeFiles/foc.elf.dir/Middlewares/Third_Party/FreeRTOS/Source/tasks.c.obj
 .bss.xYieldPending
                0x20002a90        0x4 CMakeFiles/foc.elf.dir/Middlewares/Third_Party/FreeRTOS/Source/tasks.c.obj
 .bss.pxCurrentTimerList
                0x20002a94        0x4 CMakeFiles/foc.elf.dir/Middlewares/Third_Party/FreeRTOS/Source/timers.c.obj
 .bss.pxOverflowTimerList
                0x20002a98        0x4 CMakeFiles/foc.elf.dir/Middlewares/Third_Party/FreeRTOS/Source/timers.c.obj
 .bss.ucStaticTimerQueueStorage.6914
                0x20002a9c       0xa0 CMakeFiles/foc.elf.dir/Middlewares/Third_Party/FreeRTOS/Source/timers.c.obj
 .bss.xActiveTimerList1
                0x20002b3c       0x14 CMakeFiles/foc.elf.dir/Middlewares/Third_Party/FreeRTOS/Source/timers.c.obj
 .bss.xActiveTimerList2
                0x20002b50       0x14 CMakeFiles/foc.elf.dir/Middlewares/Third_Party/FreeRTOS/Source/timers.c.obj
 .bss.xLastTime.6863
                0x20002b64        0x4 CMakeFiles/foc.elf.dir/Middlewares/Third_Party/FreeRTOS/Source/timers.c.obj
 .bss.xStaticTimerQueue.6913
                0x20002b68       0x50 CMakeFiles/foc.elf.dir/Middlewares/Third_Party/FreeRTOS/Source/timers.c.obj
 .bss.xTimerQueue
                0x20002bb8        0x4 CMakeFiles/foc.elf.dir/Middlewares/Third_Party/FreeRTOS/Source/timers.c.obj
 .bss.xTimerTaskHandle
                0x20002bbc        0x4 CMakeFiles/foc.elf.dir/Middlewares/Third_Party/FreeRTOS/Source/timers.c.obj
 .bss.__malloc_current_mallinfo
                0x20002bc0       0x28 f:/tools/gcc-arm-none-eabi-7-2018-q2-update-win32/bin/../lib/gcc/arm-none-eabi/7.3.1/../../../../arm-none-eabi/lib/thumb/v7e-m/fpv4-sp/hard\libg.a(lib_a-mallocr.o)
                0x20002bc0                __malloc_current_mallinfo
 .bss.__malloc_top_pad
                0x20002be8        0x4 f:/tools/gcc-arm-none-eabi-7-2018-q2-update-win32/bin/../lib/gcc/arm-none-eabi/7.3.1/../../../../arm-none-eabi/lib/thumb/v7e-m/fpv4-sp/hard\libg.a(lib_a-mallocr.o)
                0x20002be8                __malloc_top_pad
 *(COMMON)
 COMMON         0x20002bec        0x4 f:/tools/gcc-arm-none-eabi-7-2018-q2-update-win32/bin/../lib/gcc/arm-none-eabi/7.3.1/../../../../arm-none-eabi/lib/thumb/v7e-m/fpv4-sp/hard\libg.a(lib_a-reent.o)
                0x20002bec                errno
 COMMON         0x20002bf0       0x21 f:/tools/gcc-arm-none-eabi-7-2018-q2-update-win32/bin/../lib/gcc/arm-none-eabi/7.3.1/../../../../arm-none-eabi/lib/thumb/v7e-m/fpv4-sp/hard\libg.a(lib_a-lock.o)
                0x20002bf0                __lock___atexit_recursive_mutex
                0x20002bf4                __lock___arc4random_mutex
                0x20002bf8                __lock___env_recursive_mutex
                0x20002bfc                __lock___sinit_recursive_mutex
                0x20002c00                __lock___malloc_recursive_mutex
                0x20002c04                __lock___at_quick_exit_mutex
                0x20002c08                __lock___dd_hash_mutex
                0x20002c0c                __lock___tz_mutex
                0x20002c10                __lock___sfp_recursive_mutex
                0x20002c14                . = ALIGN (0x4)
 *fill*         0x20002c11        0x3 
                0x20002c14                _ebss = .
                0x20002c14                __bss_end__ = _ebss

._user_heap_stack
                0x20002c14      0x604 load address 0x08004ad4
                0x20002c18                . = ALIGN (0x8)
 *fill*         0x20002c14        0x4 
                [!provide]                PROVIDE (end = .)
                0x20002c18                PROVIDE (_end = .)
                0x20002e18                . = (. + _Min_Heap_Size)
 *fill*         0x20002c18      0x200 
                0x20003218                . = (. + _Min_Stack_Size)
 *fill*         0x20002e18      0x400 
                0x20003218                . = ALIGN (0x8)

/DISCARD/
 libc.a(*)
 libm.a(*)
 libgcc.a(*)

.ARM.attributes
                0x00000000       0x30
 *(.ARM.attributes)
 .ARM.attributes
                0x00000000       0x22 f:/tools/gcc-arm-none-eabi-7-2018-q2-update-win32/bin/../lib/gcc/arm-none-eabi/7.3.1/thumb/v7e-m/fpv4-sp/hard/crti.o
 .ARM.attributes
                0x00000022       0x34 f:/tools/gcc-arm-none-eabi-7-2018-q2-update-win32/bin/../lib/gcc/arm-none-eabi/7.3.1/thumb/v7e-m/fpv4-sp/hard/crtbegin.o
 .ARM.attributes
                0x00000056       0x39 CMakeFiles/foc.elf.dir/App/axis.cpp.obj
 .ARM.attributes
                0x0000008f       0x39 CMakeFiles/foc.elf.dir/App/board.cpp.obj
 .ARM.attributes
                0x000000c8       0x39 CMakeFiles/foc.elf.dir/Core/Src/app_freertos.c.obj
 .ARM.attributes
                0x00000101       0x39 CMakeFiles/foc.elf.dir/Core/Src/dma.c.obj
 .ARM.attributes
                0x0000013a       0x39 CMakeFiles/foc.elf.dir/Core/Src/gpio.c.obj
 .ARM.attributes
                0x00000173       0x39 CMakeFiles/foc.elf.dir/Core/Src/main.c.obj
 .ARM.attributes
                0x000001ac       0x39 CMakeFiles/foc.elf.dir/Core/Src/stm32g4xx_hal_msp.c.obj
 .ARM.attributes
                0x000001e5       0x39 CMakeFiles/foc.elf.dir/Core/Src/stm32g4xx_hal_timebase_tim.c.obj
 .ARM.attributes
                0x0000021e       0x39 CMakeFiles/foc.elf.dir/Core/Src/stm32g4xx_it.c.obj
 .ARM.attributes
                0x00000257       0x39 CMakeFiles/foc.elf.dir/Core/Src/sysmem.c.obj
 .ARM.attributes
                0x00000290       0x39 CMakeFiles/foc.elf.dir/Core/Src/system_stm32g4xx.c.obj
 .ARM.attributes
                0x000002c9       0x39 CMakeFiles/foc.elf.dir/Core/Src/tim.c.obj
 .ARM.attributes
                0x00000302       0x21 CMakeFiles/foc.elf.dir/Core/Startup/startup_stm32g431cbtx.s.obj
 .ARM.attributes
                0x00000323       0x39 CMakeFiles/foc.elf.dir/Ctrl/rgb.cpp.obj
 .ARM.attributes
                0x0000035c       0x39 CMakeFiles/foc.elf.dir/Drivers/STM32G4xx_HAL_Driver/Src/stm32g4xx_hal.c.obj
 .ARM.attributes
                0x00000395       0x39 CMakeFiles/foc.elf.dir/Drivers/STM32G4xx_HAL_Driver/Src/stm32g4xx_hal_cortex.c.obj
 .ARM.attributes
                0x000003ce       0x39 CMakeFiles/foc.elf.dir/Drivers/STM32G4xx_HAL_Driver/Src/stm32g4xx_hal_dma.c.obj
 .ARM.attributes
                0x00000407       0x39 CMakeFiles/foc.elf.dir/Drivers/STM32G4xx_HAL_Driver/Src/stm32g4xx_hal_gpio.c.obj
 .ARM.attributes
                0x00000440       0x39 CMakeFiles/foc.elf.dir/Drivers/STM32G4xx_HAL_Driver/Src/stm32g4xx_hal_pwr_ex.c.obj
 .ARM.attributes
                0x00000479       0x39 CMakeFiles/foc.elf.dir/Drivers/STM32G4xx_HAL_Driver/Src/stm32g4xx_hal_rcc.c.obj
 .ARM.attributes
                0x000004b2       0x39 CMakeFiles/foc.elf.dir/Drivers/STM32G4xx_HAL_Driver/Src/stm32g4xx_hal_tim.c.obj
 .ARM.attributes
                0x000004eb       0x39 CMakeFiles/foc.elf.dir/Drivers/STM32G4xx_HAL_Driver/Src/stm32g4xx_hal_tim_ex.c.obj
 .ARM.attributes
                0x00000524       0x39 CMakeFiles/foc.elf.dir/Middlewares/Third_Party/FreeRTOS/Source/CMSIS_RTOS_V2/cmsis_os2.c.obj
 .ARM.attributes
                0x0000055d       0x39 CMakeFiles/foc.elf.dir/Middlewares/Third_Party/FreeRTOS/Source/list.c.obj
 .ARM.attributes
                0x00000596       0x39 CMakeFiles/foc.elf.dir/Middlewares/Third_Party/FreeRTOS/Source/portable/GCC/ARM_CM4F/port.c.obj
 .ARM.attributes
                0x000005cf       0x39 CMakeFiles/foc.elf.dir/Middlewares/Third_Party/FreeRTOS/Source/portable/MemMang/heap_4.c.obj
 .ARM.attributes
                0x00000608       0x39 CMakeFiles/foc.elf.dir/Middlewares/Third_Party/FreeRTOS/Source/queue.c.obj
 .ARM.attributes
                0x00000641       0x39 CMakeFiles/foc.elf.dir/Middlewares/Third_Party/FreeRTOS/Source/tasks.c.obj
 .ARM.attributes
                0x0000067a       0x39 CMakeFiles/foc.elf.dir/Middlewares/Third_Party/FreeRTOS/Source/timers.c.obj
 .ARM.attributes
                0x000006b3       0x34 f:/tools/gcc-arm-none-eabi-7-2018-q2-update-win32/bin/../lib/gcc/arm-none-eabi/7.3.1/../../../../arm-none-eabi/lib/thumb/v7e-m/fpv4-sp/hard\libg.a(lib_a-errno.o)
 .ARM.attributes
                0x000006e7       0x34 f:/tools/gcc-arm-none-eabi-7-2018-q2-update-win32/bin/../lib/gcc/arm-none-eabi/7.3.1/../../../../arm-none-eabi/lib/thumb/v7e-m/fpv4-sp/hard\libg.a(lib_a-impure.o)
 .ARM.attributes
                0x0000071b       0x34 f:/tools/gcc-arm-none-eabi-7-2018-q2-update-win32/bin/../lib/gcc/arm-none-eabi/7.3.1/../../../../arm-none-eabi/lib/thumb/v7e-m/fpv4-sp/hard\libg.a(lib_a-init.o)
 .ARM.attributes
                0x0000074f       0x20 f:/tools/gcc-arm-none-eabi-7-2018-q2-update-win32/bin/../lib/gcc/arm-none-eabi/7.3.1/../../../../arm-none-eabi/lib/thumb/v7e-m/fpv4-sp/hard\libg.a(lib_a-memcpy.o)
 .ARM.attributes
                0x0000076f       0x34 f:/tools/gcc-arm-none-eabi-7-2018-q2-update-win32/bin/../lib/gcc/arm-none-eabi/7.3.1/../../../../arm-none-eabi/lib/thumb/v7e-m/fpv4-sp/hard\libg.a(lib_a-memset.o)
 .ARM.attributes
                0x000007a3       0x34 f:/tools/gcc-arm-none-eabi-7-2018-q2-update-win32/bin/../lib/gcc/arm-none-eabi/7.3.1/../../../../arm-none-eabi/lib/thumb/v7e-m/fpv4-sp/hard\libg.a(lib_a-reent.o)
 .ARM.attributes
                0x000007d7       0x34 f:/tools/gcc-arm-none-eabi-7-2018-q2-update-win32/bin/../lib/gcc/arm-none-eabi/7.3.1/../../../../arm-none-eabi/lib/thumb/v7e-m/fpv4-sp/hard\libg.a(lib_a-__call_atexit.o)
 .ARM.attributes
                0x0000080b       0x34 f:/tools/gcc-arm-none-eabi-7-2018-q2-update-win32/bin/../lib/gcc/arm-none-eabi/7.3.1/../../../../arm-none-eabi/lib/thumb/v7e-m/fpv4-sp/hard\libg.a(lib_a-atexit.o)
 .ARM.attributes
                0x0000083f       0x34 f:/tools/gcc-arm-none-eabi-7-2018-q2-update-win32/bin/../lib/gcc/arm-none-eabi/7.3.1/../../../../arm-none-eabi/lib/thumb/v7e-m/fpv4-sp/hard\libg.a(lib_a-fini.o)
 .ARM.attributes
                0x00000873       0x34 f:/tools/gcc-arm-none-eabi-7-2018-q2-update-win32/bin/../lib/gcc/arm-none-eabi/7.3.1/../../../../arm-none-eabi/lib/thumb/v7e-m/fpv4-sp/hard\libg.a(lib_a-freer.o)
 .ARM.attributes
                0x000008a7       0x34 f:/tools/gcc-arm-none-eabi-7-2018-q2-update-win32/bin/../lib/gcc/arm-none-eabi/7.3.1/../../../../arm-none-eabi/lib/thumb/v7e-m/fpv4-sp/hard\libg.a(lib_a-lock.o)
 .ARM.attributes
                0x000008db       0x34 f:/tools/gcc-arm-none-eabi-7-2018-q2-update-win32/bin/../lib/gcc/arm-none-eabi/7.3.1/../../../../arm-none-eabi/lib/thumb/v7e-m/fpv4-sp/hard\libg.a(lib_a-mallocr.o)
 .ARM.attributes
                0x0000090f       0x34 f:/tools/gcc-arm-none-eabi-7-2018-q2-update-win32/bin/../lib/gcc/arm-none-eabi/7.3.1/../../../../arm-none-eabi/lib/thumb/v7e-m/fpv4-sp/hard\libg.a(lib_a-mlock.o)
 .ARM.attributes
                0x00000943       0x34 f:/tools/gcc-arm-none-eabi-7-2018-q2-update-win32/bin/../lib/gcc/arm-none-eabi/7.3.1/../../../../arm-none-eabi/lib/thumb/v7e-m/fpv4-sp/hard\libg.a(lib_a-sbrkr.o)
 .ARM.attributes
                0x00000977       0x34 f:/tools/gcc-arm-none-eabi-7-2018-q2-update-win32/bin/../lib/gcc/arm-none-eabi/7.3.1/../../../../arm-none-eabi/lib/thumb/v7e-m/fpv4-sp/hard\libg.a(lib_a-__atexit.o)
 .ARM.attributes
                0x000009ab       0x22 f:/tools/gcc-arm-none-eabi-7-2018-q2-update-win32/bin/../lib/gcc/arm-none-eabi/7.3.1/thumb/v7e-m/fpv4-sp/hard/crtn.o
OUTPUT(foc.elf elf32-littlearm)

.debug_info     0x00000000    0x24c7e
 .debug_info    0x00000000     0x1746 CMakeFiles/foc.elf.dir/App/axis.cpp.obj
 .debug_info    0x00001746     0x1422 CMakeFiles/foc.elf.dir/App/board.cpp.obj
 .debug_info    0x00002b68      0xd12 CMakeFiles/foc.elf.dir/Core/Src/app_freertos.c.obj
 .debug_info    0x0000387a      0x6ed CMakeFiles/foc.elf.dir/Core/Src/dma.c.obj
 .debug_info    0x00003f67      0x667 CMakeFiles/foc.elf.dir/Core/Src/gpio.c.obj
 .debug_info    0x000045ce     0x1482 CMakeFiles/foc.elf.dir/Core/Src/main.c.obj
 .debug_info    0x00005a50      0x6e8 CMakeFiles/foc.elf.dir/Core/Src/stm32g4xx_hal_msp.c.obj
 .debug_info    0x00006138      0xf1b CMakeFiles/foc.elf.dir/Core/Src/stm32g4xx_hal_timebase_tim.c.obj
 .debug_info    0x00007053      0x9e0 CMakeFiles/foc.elf.dir/Core/Src/stm32g4xx_it.c.obj
 .debug_info    0x00007a33      0x9a1 CMakeFiles/foc.elf.dir/Core/Src/sysmem.c.obj
 .debug_info    0x000083d4      0x6b0 CMakeFiles/foc.elf.dir/Core/Src/system_stm32g4xx.c.obj
 .debug_info    0x00008a84      0xf36 CMakeFiles/foc.elf.dir/Core/Src/tim.c.obj
 .debug_info    0x000099ba       0x22 CMakeFiles/foc.elf.dir/Core/Startup/startup_stm32g431cbtx.s.obj
 .debug_info    0x000099dc     0x1455 CMakeFiles/foc.elf.dir/Ctrl/rgb.cpp.obj
 .debug_info    0x0000ae31      0xc68 CMakeFiles/foc.elf.dir/Drivers/STM32G4xx_HAL_Driver/Src/stm32g4xx_hal.c.obj
 .debug_info    0x0000ba99     0x1017 CMakeFiles/foc.elf.dir/Drivers/STM32G4xx_HAL_Driver/Src/stm32g4xx_hal_cortex.c.obj
 .debug_info    0x0000cab0      0xae5 CMakeFiles/foc.elf.dir/Drivers/STM32G4xx_HAL_Driver/Src/stm32g4xx_hal_dma.c.obj
 .debug_info    0x0000d595      0x97c CMakeFiles/foc.elf.dir/Drivers/STM32G4xx_HAL_Driver/Src/stm32g4xx_hal_gpio.c.obj
 .debug_info    0x0000df11      0xae6 CMakeFiles/foc.elf.dir/Drivers/STM32G4xx_HAL_Driver/Src/stm32g4xx_hal_pwr_ex.c.obj
 .debug_info    0x0000e9f7      0xeba CMakeFiles/foc.elf.dir/Drivers/STM32G4xx_HAL_Driver/Src/stm32g4xx_hal_rcc.c.obj
 .debug_info    0x0000f8b1     0x3af9 CMakeFiles/foc.elf.dir/Drivers/STM32G4xx_HAL_Driver/Src/stm32g4xx_hal_tim.c.obj
 .debug_info    0x000133aa     0x2227 CMakeFiles/foc.elf.dir/Drivers/STM32G4xx_HAL_Driver/Src/stm32g4xx_hal_tim_ex.c.obj
 .debug_info    0x000155d1     0x4cbe CMakeFiles/foc.elf.dir/Middlewares/Third_Party/FreeRTOS/Source/CMSIS_RTOS_V2/cmsis_os2.c.obj
 .debug_info    0x0001a28f      0xad4 CMakeFiles/foc.elf.dir/Middlewares/Third_Party/FreeRTOS/Source/list.c.obj
 .debug_info    0x0001ad63      0xd84 CMakeFiles/foc.elf.dir/Middlewares/Third_Party/FreeRTOS/Source/portable/GCC/ARM_CM4F/port.c.obj
 .debug_info    0x0001bae7      0xdad CMakeFiles/foc.elf.dir/Middlewares/Third_Party/FreeRTOS/Source/portable/MemMang/heap_4.c.obj
 .debug_info    0x0001c894     0x2d35 CMakeFiles/foc.elf.dir/Middlewares/Third_Party/FreeRTOS/Source/queue.c.obj
 .debug_info    0x0001f5c9     0x35f1 CMakeFiles/foc.elf.dir/Middlewares/Third_Party/FreeRTOS/Source/tasks.c.obj
 .debug_info    0x00022bba     0x20c4 CMakeFiles/foc.elf.dir/Middlewares/Third_Party/FreeRTOS/Source/timers.c.obj

.debug_abbrev   0x00000000     0x47ba
 .debug_abbrev  0x00000000      0x408 CMakeFiles/foc.elf.dir/App/axis.cpp.obj
 .debug_abbrev  0x00000408      0x33b CMakeFiles/foc.elf.dir/App/board.cpp.obj
 .debug_abbrev  0x00000743      0x224 CMakeFiles/foc.elf.dir/Core/Src/app_freertos.c.obj
 .debug_abbrev  0x00000967      0x159 CMakeFiles/foc.elf.dir/Core/Src/dma.c.obj
 .debug_abbrev  0x00000ac0      0x15f CMakeFiles/foc.elf.dir/Core/Src/gpio.c.obj
 .debug_abbrev  0x00000c1f      0x2b7 CMakeFiles/foc.elf.dir/Core/Src/main.c.obj
 .debug_abbrev  0x00000ed6      0x159 CMakeFiles/foc.elf.dir/Core/Src/stm32g4xx_hal_msp.c.obj
 .debug_abbrev  0x0000102f      0x218 CMakeFiles/foc.elf.dir/Core/Src/stm32g4xx_hal_timebase_tim.c.obj
 .debug_abbrev  0x00001247      0x1a0 CMakeFiles/foc.elf.dir/Core/Src/stm32g4xx_it.c.obj
 .debug_abbrev  0x000013e7      0x206 CMakeFiles/foc.elf.dir/Core/Src/sysmem.c.obj
 .debug_abbrev  0x000015ed      0x144 CMakeFiles/foc.elf.dir/Core/Src/system_stm32g4xx.c.obj
 .debug_abbrev  0x00001731      0x213 CMakeFiles/foc.elf.dir/Core/Src/tim.c.obj
 .debug_abbrev  0x00001944       0x12 CMakeFiles/foc.elf.dir/Core/Startup/startup_stm32g431cbtx.s.obj
 .debug_abbrev  0x00001956      0x3b0 CMakeFiles/foc.elf.dir/Ctrl/rgb.cpp.obj
 .debug_abbrev  0x00001d06      0x215 CMakeFiles/foc.elf.dir/Drivers/STM32G4xx_HAL_Driver/Src/stm32g4xx_hal.c.obj
 .debug_abbrev  0x00001f1b      0x31a CMakeFiles/foc.elf.dir/Drivers/STM32G4xx_HAL_Driver/Src/stm32g4xx_hal_cortex.c.obj
 .debug_abbrev  0x00002235      0x22e CMakeFiles/foc.elf.dir/Drivers/STM32G4xx_HAL_Driver/Src/stm32g4xx_hal_dma.c.obj
 .debug_abbrev  0x00002463      0x1db CMakeFiles/foc.elf.dir/Drivers/STM32G4xx_HAL_Driver/Src/stm32g4xx_hal_gpio.c.obj
 .debug_abbrev  0x0000263e      0x20d CMakeFiles/foc.elf.dir/Drivers/STM32G4xx_HAL_Driver/Src/stm32g4xx_hal_pwr_ex.c.obj
 .debug_abbrev  0x0000284b      0x238 CMakeFiles/foc.elf.dir/Drivers/STM32G4xx_HAL_Driver/Src/stm32g4xx_hal_rcc.c.obj
 .debug_abbrev  0x00002a83      0x25d CMakeFiles/foc.elf.dir/Drivers/STM32G4xx_HAL_Driver/Src/stm32g4xx_hal_tim.c.obj
 .debug_abbrev  0x00002ce0      0x27d CMakeFiles/foc.elf.dir/Drivers/STM32G4xx_HAL_Driver/Src/stm32g4xx_hal_tim_ex.c.obj
 .debug_abbrev  0x00002f5d      0x50a CMakeFiles/foc.elf.dir/Middlewares/Third_Party/FreeRTOS/Source/CMSIS_RTOS_V2/cmsis_os2.c.obj
 .debug_abbrev  0x00003467      0x220 CMakeFiles/foc.elf.dir/Middlewares/Third_Party/FreeRTOS/Source/list.c.obj
 .debug_abbrev  0x00003687      0x35a CMakeFiles/foc.elf.dir/Middlewares/Third_Party/FreeRTOS/Source/portable/GCC/ARM_CM4F/port.c.obj
 .debug_abbrev  0x000039e1      0x326 CMakeFiles/foc.elf.dir/Middlewares/Third_Party/FreeRTOS/Source/portable/MemMang/heap_4.c.obj
 .debug_abbrev  0x00003d07      0x3ab CMakeFiles/foc.elf.dir/Middlewares/Third_Party/FreeRTOS/Source/queue.c.obj
 .debug_abbrev  0x000040b2      0x3b8 CMakeFiles/foc.elf.dir/Middlewares/Third_Party/FreeRTOS/Source/tasks.c.obj
 .debug_abbrev  0x0000446a      0x350 CMakeFiles/foc.elf.dir/Middlewares/Third_Party/FreeRTOS/Source/timers.c.obj

.debug_loc      0x00000000    0x12297
 .debug_loc     0x00000000       0x78 CMakeFiles/foc.elf.dir/App/axis.cpp.obj
 .debug_loc     0x00000078       0x42 CMakeFiles/foc.elf.dir/App/board.cpp.obj
 .debug_loc     0x000000ba       0x21 CMakeFiles/foc.elf.dir/Core/Src/app_freertos.c.obj
 .debug_loc     0x000000db       0x3a CMakeFiles/foc.elf.dir/Core/Src/main.c.obj
 .debug_loc     0x00000115       0x9f CMakeFiles/foc.elf.dir/Core/Src/stm32g4xx_hal_timebase_tim.c.obj
 .debug_loc     0x000001b4       0x58 CMakeFiles/foc.elf.dir/Core/Src/sysmem.c.obj
 .debug_loc     0x0000020c       0x80 CMakeFiles/foc.elf.dir/Core/Src/system_stm32g4xx.c.obj
 .debug_loc     0x0000028c       0x92 CMakeFiles/foc.elf.dir/Core/Src/tim.c.obj
 .debug_loc     0x0000031e      0x112 CMakeFiles/foc.elf.dir/Ctrl/rgb.cpp.obj
 .debug_loc     0x00000430      0x22c CMakeFiles/foc.elf.dir/Drivers/STM32G4xx_HAL_Driver/Src/stm32g4xx_hal.c.obj
 .debug_loc     0x0000065c      0x5ba CMakeFiles/foc.elf.dir/Drivers/STM32G4xx_HAL_Driver/Src/stm32g4xx_hal_cortex.c.obj
 .debug_loc     0x00000c16      0x817 CMakeFiles/foc.elf.dir/Drivers/STM32G4xx_HAL_Driver/Src/stm32g4xx_hal_dma.c.obj
 .debug_loc     0x0000142d      0x2b1 CMakeFiles/foc.elf.dir/Drivers/STM32G4xx_HAL_Driver/Src/stm32g4xx_hal_gpio.c.obj
 .debug_loc     0x000016de      0x8bc CMakeFiles/foc.elf.dir/Drivers/STM32G4xx_HAL_Driver/Src/stm32g4xx_hal_pwr_ex.c.obj
 .debug_loc     0x00001f9a      0x6e6 CMakeFiles/foc.elf.dir/Drivers/STM32G4xx_HAL_Driver/Src/stm32g4xx_hal_rcc.c.obj
 .debug_loc     0x00002680     0x4e85 CMakeFiles/foc.elf.dir/Drivers/STM32G4xx_HAL_Driver/Src/stm32g4xx_hal_tim.c.obj
 .debug_loc     0x00007505     0x277a CMakeFiles/foc.elf.dir/Drivers/STM32G4xx_HAL_Driver/Src/stm32g4xx_hal_tim_ex.c.obj
 .debug_loc     0x00009c7f     0x40f5 CMakeFiles/foc.elf.dir/Middlewares/Third_Party/FreeRTOS/Source/CMSIS_RTOS_V2/cmsis_os2.c.obj
 .debug_loc     0x0000dd74       0x70 CMakeFiles/foc.elf.dir/Middlewares/Third_Party/FreeRTOS/Source/list.c.obj
 .debug_loc     0x0000dde4       0xdc CMakeFiles/foc.elf.dir/Middlewares/Third_Party/FreeRTOS/Source/portable/GCC/ARM_CM4F/port.c.obj
 .debug_loc     0x0000dec0      0x383 CMakeFiles/foc.elf.dir/Middlewares/Third_Party/FreeRTOS/Source/portable/MemMang/heap_4.c.obj
 .debug_loc     0x0000e243     0x14de CMakeFiles/foc.elf.dir/Middlewares/Third_Party/FreeRTOS/Source/queue.c.obj
 .debug_loc     0x0000f721     0x1e6f CMakeFiles/foc.elf.dir/Middlewares/Third_Party/FreeRTOS/Source/tasks.c.obj
 .debug_loc     0x00011590      0xd07 CMakeFiles/foc.elf.dir/Middlewares/Third_Party/FreeRTOS/Source/timers.c.obj

.debug_aranges  0x00000000     0x1540
 .debug_aranges
                0x00000000       0x38 CMakeFiles/foc.elf.dir/App/axis.cpp.obj
 .debug_aranges
                0x00000038       0x28 CMakeFiles/foc.elf.dir/App/board.cpp.obj
 .debug_aranges
                0x00000060       0x28 CMakeFiles/foc.elf.dir/Core/Src/app_freertos.c.obj
 .debug_aranges
                0x00000088       0x20 CMakeFiles/foc.elf.dir/Core/Src/dma.c.obj
 .debug_aranges
                0x000000a8       0x20 CMakeFiles/foc.elf.dir/Core/Src/gpio.c.obj
 .debug_aranges
                0x000000c8       0x38 CMakeFiles/foc.elf.dir/Core/Src/main.c.obj
 .debug_aranges
                0x00000100       0x20 CMakeFiles/foc.elf.dir/Core/Src/stm32g4xx_hal_msp.c.obj
 .debug_aranges
                0x00000120       0x30 CMakeFiles/foc.elf.dir/Core/Src/stm32g4xx_hal_timebase_tim.c.obj
 .debug_aranges
                0x00000150       0x58 CMakeFiles/foc.elf.dir/Core/Src/stm32g4xx_it.c.obj
 .debug_aranges
                0x000001a8       0x20 CMakeFiles/foc.elf.dir/Core/Src/sysmem.c.obj
 .debug_aranges
                0x000001c8       0x28 CMakeFiles/foc.elf.dir/Core/Src/system_stm32g4xx.c.obj
 .debug_aranges
                0x000001f0       0x38 CMakeFiles/foc.elf.dir/Core/Src/tim.c.obj
 .debug_aranges
                0x00000228       0x28 CMakeFiles/foc.elf.dir/Core/Startup/startup_stm32g431cbtx.s.obj
 .debug_aranges
                0x00000250       0x30 CMakeFiles/foc.elf.dir/Ctrl/rgb.cpp.obj
 .debug_aranges
                0x00000280      0x130 CMakeFiles/foc.elf.dir/Drivers/STM32G4xx_HAL_Driver/Src/stm32g4xx_hal.c.obj
 .debug_aranges
                0x000003b0       0xa8 CMakeFiles/foc.elf.dir/Drivers/STM32G4xx_HAL_Driver/Src/stm32g4xx_hal_cortex.c.obj
 .debug_aranges
                0x00000458       0x90 CMakeFiles/foc.elf.dir/Drivers/STM32G4xx_HAL_Driver/Src/stm32g4xx_hal_dma.c.obj
 .debug_aranges
                0x000004e8       0x58 CMakeFiles/foc.elf.dir/Drivers/STM32G4xx_HAL_Driver/Src/stm32g4xx_hal_gpio.c.obj
 .debug_aranges
                0x00000540      0x140 CMakeFiles/foc.elf.dir/Drivers/STM32G4xx_HAL_Driver/Src/stm32g4xx_hal_pwr_ex.c.obj
 .debug_aranges
                0x00000680       0x98 CMakeFiles/foc.elf.dir/Drivers/STM32G4xx_HAL_Driver/Src/stm32g4xx_hal_rcc.c.obj
 .debug_aranges
                0x00000718      0x3e0 CMakeFiles/foc.elf.dir/Drivers/STM32G4xx_HAL_Driver/Src/stm32g4xx_hal_tim.c.obj
 .debug_aranges
                0x00000af8      0x240 CMakeFiles/foc.elf.dir/Drivers/STM32G4xx_HAL_Driver/Src/stm32g4xx_hal_tim_ex.c.obj
 .debug_aranges
                0x00000d38      0x2a0 CMakeFiles/foc.elf.dir/Middlewares/Third_Party/FreeRTOS/Source/CMSIS_RTOS_V2/cmsis_os2.c.obj
 .debug_aranges
                0x00000fd8       0x40 CMakeFiles/foc.elf.dir/Middlewares/Third_Party/FreeRTOS/Source/list.c.obj
 .debug_aranges
                0x00001018       0x80 CMakeFiles/foc.elf.dir/Middlewares/Third_Party/FreeRTOS/Source/portable/GCC/ARM_CM4F/port.c.obj
 .debug_aranges
                0x00001098       0x58 CMakeFiles/foc.elf.dir/Middlewares/Third_Party/FreeRTOS/Source/portable/MemMang/heap_4.c.obj
 .debug_aranges
                0x000010f0      0x158 CMakeFiles/foc.elf.dir/Middlewares/Third_Party/FreeRTOS/Source/queue.c.obj
 .debug_aranges
                0x00001248      0x208 CMakeFiles/foc.elf.dir/Middlewares/Third_Party/FreeRTOS/Source/tasks.c.obj
 .debug_aranges
                0x00001450       0xf0 CMakeFiles/foc.elf.dir/Middlewares/Third_Party/FreeRTOS/Source/timers.c.obj

.debug_ranges   0x00000000     0x15d8
 .debug_ranges  0x00000000       0x28 CMakeFiles/foc.elf.dir/App/axis.cpp.obj
 .debug_ranges  0x00000028       0x18 CMakeFiles/foc.elf.dir/App/board.cpp.obj
 .debug_ranges  0x00000040       0x18 CMakeFiles/foc.elf.dir/Core/Src/app_freertos.c.obj
 .debug_ranges  0x00000058       0x10 CMakeFiles/foc.elf.dir/Core/Src/dma.c.obj
 .debug_ranges  0x00000068       0x10 CMakeFiles/foc.elf.dir/Core/Src/gpio.c.obj
 .debug_ranges  0x00000078       0x28 CMakeFiles/foc.elf.dir/Core/Src/main.c.obj
 .debug_ranges  0x000000a0       0x10 CMakeFiles/foc.elf.dir/Core/Src/stm32g4xx_hal_msp.c.obj
 .debug_ranges  0x000000b0       0x20 CMakeFiles/foc.elf.dir/Core/Src/stm32g4xx_hal_timebase_tim.c.obj
 .debug_ranges  0x000000d0       0x48 CMakeFiles/foc.elf.dir/Core/Src/stm32g4xx_it.c.obj
 .debug_ranges  0x00000118       0x10 CMakeFiles/foc.elf.dir/Core/Src/sysmem.c.obj
 .debug_ranges  0x00000128       0x18 CMakeFiles/foc.elf.dir/Core/Src/system_stm32g4xx.c.obj
 .debug_ranges  0x00000140       0x28 CMakeFiles/foc.elf.dir/Core/Src/tim.c.obj
 .debug_ranges  0x00000168       0x20 CMakeFiles/foc.elf.dir/Core/Startup/startup_stm32g431cbtx.s.obj
 .debug_ranges  0x00000188       0x20 CMakeFiles/foc.elf.dir/Ctrl/rgb.cpp.obj
 .debug_ranges  0x000001a8      0x120 CMakeFiles/foc.elf.dir/Drivers/STM32G4xx_HAL_Driver/Src/stm32g4xx_hal.c.obj
 .debug_ranges  0x000002c8       0xf8 CMakeFiles/foc.elf.dir/Drivers/STM32G4xx_HAL_Driver/Src/stm32g4xx_hal_cortex.c.obj
 .debug_ranges  0x000003c0       0x80 CMakeFiles/foc.elf.dir/Drivers/STM32G4xx_HAL_Driver/Src/stm32g4xx_hal_dma.c.obj
 .debug_ranges  0x00000440       0x48 CMakeFiles/foc.elf.dir/Drivers/STM32G4xx_HAL_Driver/Src/stm32g4xx_hal_gpio.c.obj
 .debug_ranges  0x00000488      0x130 CMakeFiles/foc.elf.dir/Drivers/STM32G4xx_HAL_Driver/Src/stm32g4xx_hal_pwr_ex.c.obj
 .debug_ranges  0x000005b8       0xa0 CMakeFiles/foc.elf.dir/Drivers/STM32G4xx_HAL_Driver/Src/stm32g4xx_hal_rcc.c.obj
 .debug_ranges  0x00000658      0x3d0 CMakeFiles/foc.elf.dir/Drivers/STM32G4xx_HAL_Driver/Src/stm32g4xx_hal_tim.c.obj
 .debug_ranges  0x00000a28      0x230 CMakeFiles/foc.elf.dir/Drivers/STM32G4xx_HAL_Driver/Src/stm32g4xx_hal_tim_ex.c.obj
 .debug_ranges  0x00000c58      0x290 CMakeFiles/foc.elf.dir/Middlewares/Third_Party/FreeRTOS/Source/CMSIS_RTOS_V2/cmsis_os2.c.obj
 .debug_ranges  0x00000ee8       0x30 CMakeFiles/foc.elf.dir/Middlewares/Third_Party/FreeRTOS/Source/list.c.obj
 .debug_ranges  0x00000f18       0x70 CMakeFiles/foc.elf.dir/Middlewares/Third_Party/FreeRTOS/Source/portable/GCC/ARM_CM4F/port.c.obj
 .debug_ranges  0x00000f88       0x48 CMakeFiles/foc.elf.dir/Middlewares/Third_Party/FreeRTOS/Source/portable/MemMang/heap_4.c.obj
 .debug_ranges  0x00000fd0      0x228 CMakeFiles/foc.elf.dir/Middlewares/Third_Party/FreeRTOS/Source/queue.c.obj
 .debug_ranges  0x000011f8      0x300 CMakeFiles/foc.elf.dir/Middlewares/Third_Party/FreeRTOS/Source/tasks.c.obj
 .debug_ranges  0x000014f8       0xe0 CMakeFiles/foc.elf.dir/Middlewares/Third_Party/FreeRTOS/Source/timers.c.obj

.debug_line     0x00000000     0xc8e1
 .debug_line    0x00000000      0x47e CMakeFiles/foc.elf.dir/App/axis.cpp.obj
 .debug_line    0x0000047e      0x3f4 CMakeFiles/foc.elf.dir/App/board.cpp.obj
 .debug_line    0x00000872      0x3c3 CMakeFiles/foc.elf.dir/Core/Src/app_freertos.c.obj
 .debug_line    0x00000c35      0x297 CMakeFiles/foc.elf.dir/Core/Src/dma.c.obj
 .debug_line    0x00000ecc      0x29c CMakeFiles/foc.elf.dir/Core/Src/gpio.c.obj
 .debug_line    0x00001168      0x490 CMakeFiles/foc.elf.dir/Core/Src/main.c.obj
 .debug_line    0x000015f8      0x2bf CMakeFiles/foc.elf.dir/Core/Src/stm32g4xx_hal_msp.c.obj
 .debug_line    0x000018b7      0x32b CMakeFiles/foc.elf.dir/Core/Src/stm32g4xx_hal_timebase_tim.c.obj
 .debug_line    0x00001be2      0x325 CMakeFiles/foc.elf.dir/Core/Src/stm32g4xx_it.c.obj
 .debug_line    0x00001f07      0x1bf CMakeFiles/foc.elf.dir/Core/Src/sysmem.c.obj
 .debug_line    0x000020c6      0x2af CMakeFiles/foc.elf.dir/Core/Src/system_stm32g4xx.c.obj
 .debug_line    0x00002375      0x38d CMakeFiles/foc.elf.dir/Core/Src/tim.c.obj
 .debug_line    0x00002702       0xaf CMakeFiles/foc.elf.dir/Core/Startup/startup_stm32g431cbtx.s.obj
 .debug_line    0x000027b1      0x409 CMakeFiles/foc.elf.dir/Ctrl/rgb.cpp.obj
 .debug_line    0x00002bba      0x554 CMakeFiles/foc.elf.dir/Drivers/STM32G4xx_HAL_Driver/Src/stm32g4xx_hal.c.obj
 .debug_line    0x0000310e      0x50d CMakeFiles/foc.elf.dir/Drivers/STM32G4xx_HAL_Driver/Src/stm32g4xx_hal_cortex.c.obj
 .debug_line    0x0000361b      0x567 CMakeFiles/foc.elf.dir/Drivers/STM32G4xx_HAL_Driver/Src/stm32g4xx_hal_dma.c.obj
 .debug_line    0x00003b82      0x40b CMakeFiles/foc.elf.dir/Drivers/STM32G4xx_HAL_Driver/Src/stm32g4xx_hal_gpio.c.obj
 .debug_line    0x00003f8d      0x709 CMakeFiles/foc.elf.dir/Drivers/STM32G4xx_HAL_Driver/Src/stm32g4xx_hal_pwr_ex.c.obj
 .debug_line    0x00004696      0x5f3 CMakeFiles/foc.elf.dir/Drivers/STM32G4xx_HAL_Driver/Src/stm32g4xx_hal_rcc.c.obj
 .debug_line    0x00004c89     0x250b CMakeFiles/foc.elf.dir/Drivers/STM32G4xx_HAL_Driver/Src/stm32g4xx_hal_tim.c.obj
 .debug_line    0x00007194     0x12ec CMakeFiles/foc.elf.dir/Drivers/STM32G4xx_HAL_Driver/Src/stm32g4xx_hal_tim_ex.c.obj
 .debug_line    0x00008480     0x14b7 CMakeFiles/foc.elf.dir/Middlewares/Third_Party/FreeRTOS/Source/CMSIS_RTOS_V2/cmsis_os2.c.obj
 .debug_line    0x00009937      0x3b3 CMakeFiles/foc.elf.dir/Middlewares/Third_Party/FreeRTOS/Source/list.c.obj
 .debug_line    0x00009cea      0x43e CMakeFiles/foc.elf.dir/Middlewares/Third_Party/FreeRTOS/Source/portable/GCC/ARM_CM4F/port.c.obj
 .debug_line    0x0000a128      0x49f CMakeFiles/foc.elf.dir/Middlewares/Third_Party/FreeRTOS/Source/portable/MemMang/heap_4.c.obj
 .debug_line    0x0000a5c7      0xbb6 CMakeFiles/foc.elf.dir/Middlewares/Third_Party/FreeRTOS/Source/queue.c.obj
 .debug_line    0x0000b17d     0x1052 CMakeFiles/foc.elf.dir/Middlewares/Third_Party/FreeRTOS/Source/tasks.c.obj
 .debug_line    0x0000c1cf      0x712 CMakeFiles/foc.elf.dir/Middlewares/Third_Party/FreeRTOS/Source/timers.c.obj

.debug_str      0x00000000     0x80f7
 .debug_str     0x00000000     0x133b CMakeFiles/foc.elf.dir/App/axis.cpp.obj
                               0x1651 (size before relaxing)
 .debug_str     0x0000133b       0x8e CMakeFiles/foc.elf.dir/App/board.cpp.obj
                               0x1192 (size before relaxing)
 .debug_str     0x000013c9      0x180 CMakeFiles/foc.elf.dir/Core/Src/app_freertos.c.obj
                                0xcc2 (size before relaxing)
 .debug_str     0x00001549      0x60b CMakeFiles/foc.elf.dir/Core/Src/dma.c.obj
                                0x9eb (size before relaxing)
 .debug_str     0x00001b54       0xea CMakeFiles/foc.elf.dir/Core/Src/gpio.c.obj
                                0x62d (size before relaxing)
 .debug_str     0x00001c3e      0x264 CMakeFiles/foc.elf.dir/Core/Src/main.c.obj
                               0x102e (size before relaxing)
 .debug_str     0x00001ea2       0x73 CMakeFiles/foc.elf.dir/Core/Src/stm32g4xx_hal_msp.c.obj
                                0xa07 (size before relaxing)
 .debug_str     0x00001f15      0x124 CMakeFiles/foc.elf.dir/Core/Src/stm32g4xx_hal_timebase_tim.c.obj
                               0x111b (size before relaxing)
 .debug_str     0x00002039      0x103 CMakeFiles/foc.elf.dir/Core/Src/stm32g4xx_it.c.obj
                                0xab1 (size before relaxing)
 .debug_str     0x0000213c       0xba CMakeFiles/foc.elf.dir/Core/Src/sysmem.c.obj
                                0x674 (size before relaxing)
 .debug_str     0x000021f6       0xd5 CMakeFiles/foc.elf.dir/Core/Src/system_stm32g4xx.c.obj
                                0x5f8 (size before relaxing)
 .debug_str     0x000022cb      0x1bf CMakeFiles/foc.elf.dir/Core/Src/tim.c.obj
                                0xd95 (size before relaxing)
 .debug_str     0x0000248a       0x5c CMakeFiles/foc.elf.dir/Core/Startup/startup_stm32g431cbtx.s.obj
                                 0x97 (size before relaxing)
 .debug_str     0x000024e6       0x71 CMakeFiles/foc.elf.dir/Ctrl/rgb.cpp.obj
                               0x1116 (size before relaxing)
 .debug_str     0x00002557      0x433 CMakeFiles/foc.elf.dir/Drivers/STM32G4xx_HAL_Driver/Src/stm32g4xx_hal.c.obj
                                0xe78 (size before relaxing)
 .debug_str     0x0000298a      0x44e CMakeFiles/foc.elf.dir/Drivers/STM32G4xx_HAL_Driver/Src/stm32g4xx_hal_cortex.c.obj
                                0xdd5 (size before relaxing)
 .debug_str     0x00002dd8      0x2d4 CMakeFiles/foc.elf.dir/Drivers/STM32G4xx_HAL_Driver/Src/stm32g4xx_hal_dma.c.obj
                                0x9d9 (size before relaxing)
 .debug_str     0x000030ac      0x155 CMakeFiles/foc.elf.dir/Drivers/STM32G4xx_HAL_Driver/Src/stm32g4xx_hal_gpio.c.obj
                                0x7af (size before relaxing)
 .debug_str     0x00003201      0x511 CMakeFiles/foc.elf.dir/Drivers/STM32G4xx_HAL_Driver/Src/stm32g4xx_hal_pwr_ex.c.obj
                                0xa2f (size before relaxing)
 .debug_str     0x00003712      0x248 CMakeFiles/foc.elf.dir/Drivers/STM32G4xx_HAL_Driver/Src/stm32g4xx_hal_rcc.c.obj
                                0xa55 (size before relaxing)
 .debug_str     0x0000395a      0xec4 CMakeFiles/foc.elf.dir/Drivers/STM32G4xx_HAL_Driver/Src/stm32g4xx_hal_tim.c.obj
                               0x1a97 (size before relaxing)
 .debug_str     0x0000481e      0x932 CMakeFiles/foc.elf.dir/Drivers/STM32G4xx_HAL_Driver/Src/stm32g4xx_hal_tim_ex.c.obj
                               0x16ff (size before relaxing)
 .debug_str     0x00005150     0x1472 CMakeFiles/foc.elf.dir/Middlewares/Third_Party/FreeRTOS/Source/CMSIS_RTOS_V2/cmsis_os2.c.obj
                               0x26d8 (size before relaxing)
 .debug_str     0x000065c2      0x169 CMakeFiles/foc.elf.dir/Middlewares/Third_Party/FreeRTOS/Source/list.c.obj
                                0x754 (size before relaxing)
 .debug_str     0x0000672b      0x253 CMakeFiles/foc.elf.dir/Middlewares/Third_Party/FreeRTOS/Source/portable/GCC/ARM_CM4F/port.c.obj
                                0x8ba (size before relaxing)
 .debug_str     0x0000697e      0x2f8 CMakeFiles/foc.elf.dir/Middlewares/Third_Party/FreeRTOS/Source/portable/MemMang/heap_4.c.obj
                                0x962 (size before relaxing)
 .debug_str     0x00006c76      0x648 CMakeFiles/foc.elf.dir/Middlewares/Third_Party/FreeRTOS/Source/queue.c.obj
                               0x116a (size before relaxing)
 .debug_str     0x000072be      0x928 CMakeFiles/foc.elf.dir/Middlewares/Third_Party/FreeRTOS/Source/tasks.c.obj
                               0x1770 (size before relaxing)
 .debug_str     0x00007be6      0x511 CMakeFiles/foc.elf.dir/Middlewares/Third_Party/FreeRTOS/Source/timers.c.obj
                               0x10a3 (size before relaxing)

.comment        0x00000000       0x7f
 .comment       0x00000000       0x7f CMakeFiles/foc.elf.dir/App/axis.cpp.obj
                                 0x80 (size before relaxing)
 .comment       0x0000007f       0x80 CMakeFiles/foc.elf.dir/App/board.cpp.obj
 .comment       0x0000007f       0x80 CMakeFiles/foc.elf.dir/Core/Src/app_freertos.c.obj
 .comment       0x0000007f       0x80 CMakeFiles/foc.elf.dir/Core/Src/dma.c.obj
 .comment       0x0000007f       0x80 CMakeFiles/foc.elf.dir/Core/Src/gpio.c.obj
 .comment       0x0000007f       0x80 CMakeFiles/foc.elf.dir/Core/Src/main.c.obj
 .comment       0x0000007f       0x80 CMakeFiles/foc.elf.dir/Core/Src/stm32g4xx_hal_msp.c.obj
 .comment       0x0000007f       0x80 CMakeFiles/foc.elf.dir/Core/Src/stm32g4xx_hal_timebase_tim.c.obj
 .comment       0x0000007f       0x80 CMakeFiles/foc.elf.dir/Core/Src/stm32g4xx_it.c.obj
 .comment       0x0000007f       0x80 CMakeFiles/foc.elf.dir/Core/Src/sysmem.c.obj
 .comment       0x0000007f       0x80 CMakeFiles/foc.elf.dir/Core/Src/system_stm32g4xx.c.obj
 .comment       0x0000007f       0x80 CMakeFiles/foc.elf.dir/Core/Src/tim.c.obj
 .comment       0x0000007f       0x80 CMakeFiles/foc.elf.dir/Ctrl/rgb.cpp.obj